Archive member included to satisfy reference by file (symbol)

../drivers\libIotLibrary.a(hih8120.o)
                              main.o (hih8120_initialise)
../drivers\libIotLibrary.a(lora_driver.o)
                              SourceFiles/SenderTask.o (lora_driver_flushBuffers)
../drivers\libIotLibrary.a(lora_driver_utils.o)
                              ../drivers\libIotLibrary.a(lora_driver.o) (decode_port_no)
../drivers\libIotLibrary.a(mh_z19.o)
                              main.o (mh_z19_initialise)
../drivers\libIotLibrary.a(rc_servo.o)
                              SourceFiles/ServoTask.o (rc_servo_setPosition)
../drivers\libIotLibrary.a(sen14262.o)
                              main.o (sen14262_initialise)
../drivers\libIotLibrary.a(serial.o)
                              ../drivers\libIotLibrary.a(lora_driver.o) (serial_create)
../drivers\libIotLibrary.a(stdio_driver.o)
                              main.o (stdio_initialise)
../drivers\libIotLibrary.a(status_leds.o)
                              SourceFiles/SenderTask.o (status_leds_slowBlink)
../drivers\libIotLibrary.a(twi.o)
                              ../drivers\libIotLibrary.a(hih8120.o) (twiCreate)
../drivers\libIotLibrary.a(fifo.o)
                              ../drivers\libIotLibrary.a(serial.o) (fifo_init)
c:/program files (x86)/atmel/studio/7.0/toolchain/avr8/avr8-gnu-toolchain/bin/../lib/gcc/avr/5.4.0/../../../../avr/lib/avr6\libm.a(addsf3.o)
                              ../drivers\libIotLibrary.a(hih8120.o) (__subsf3)
c:/program files (x86)/atmel/studio/7.0/toolchain/avr8/avr8-gnu-toolchain/bin/../lib/gcc/avr/5.4.0/../../../../avr/lib/avr6\libm.a(addsf3x.o)
                              c:/program files (x86)/atmel/studio/7.0/toolchain/avr8/avr8-gnu-toolchain/bin/../lib/gcc/avr/5.4.0/../../../../avr/lib/avr6\libm.a(addsf3.o) (__addsf3x)
c:/program files (x86)/atmel/studio/7.0/toolchain/avr8/avr8-gnu-toolchain/bin/../lib/gcc/avr/5.4.0/../../../../avr/lib/avr6\libm.a(divsf3.o)
                              ../drivers\libIotLibrary.a(hih8120.o) (__divsf3)
c:/program files (x86)/atmel/studio/7.0/toolchain/avr8/avr8-gnu-toolchain/bin/../lib/gcc/avr/5.4.0/../../../../avr/lib/avr6\libm.a(divsf3x.o)
                              c:/program files (x86)/atmel/studio/7.0/toolchain/avr8/avr8-gnu-toolchain/bin/../lib/gcc/avr/5.4.0/../../../../avr/lib/avr6\libm.a(divsf3.o) (__divsf3x)
c:/program files (x86)/atmel/studio/7.0/toolchain/avr8/avr8-gnu-toolchain/bin/../lib/gcc/avr/5.4.0/../../../../avr/lib/avr6\libm.a(fixsfsi.o)
                              ../drivers\libIotLibrary.a(hih8120.o) (__fixsfsi)
c:/program files (x86)/atmel/studio/7.0/toolchain/avr8/avr8-gnu-toolchain/bin/../lib/gcc/avr/5.4.0/../../../../avr/lib/avr6\libm.a(fixunssfsi.o)
                              ../drivers\libIotLibrary.a(hih8120.o) (__fixunssfsi)
c:/program files (x86)/atmel/studio/7.0/toolchain/avr8/avr8-gnu-toolchain/bin/../lib/gcc/avr/5.4.0/../../../../avr/lib/avr6\libm.a(floatsisf.o)
                              ../drivers\libIotLibrary.a(hih8120.o) (__floatunsisf)
c:/program files (x86)/atmel/studio/7.0/toolchain/avr8/avr8-gnu-toolchain/bin/../lib/gcc/avr/5.4.0/../../../../avr/lib/avr6\libm.a(fp_inf.o)
                              c:/program files (x86)/atmel/studio/7.0/toolchain/avr8/avr8-gnu-toolchain/bin/../lib/gcc/avr/5.4.0/../../../../avr/lib/avr6\libm.a(addsf3x.o) (__fp_inf)
c:/program files (x86)/atmel/studio/7.0/toolchain/avr8/avr8-gnu-toolchain/bin/../lib/gcc/avr/5.4.0/../../../../avr/lib/avr6\libm.a(fp_nan.o)
                              c:/program files (x86)/atmel/studio/7.0/toolchain/avr8/avr8-gnu-toolchain/bin/../lib/gcc/avr/5.4.0/../../../../avr/lib/avr6\libm.a(addsf3x.o) (__fp_nan)
c:/program files (x86)/atmel/studio/7.0/toolchain/avr8/avr8-gnu-toolchain/bin/../lib/gcc/avr/5.4.0/../../../../avr/lib/avr6\libm.a(fp_pscA.o)
                              c:/program files (x86)/atmel/studio/7.0/toolchain/avr8/avr8-gnu-toolchain/bin/../lib/gcc/avr/5.4.0/../../../../avr/lib/avr6\libm.a(addsf3x.o) (__fp_pscA)
c:/program files (x86)/atmel/studio/7.0/toolchain/avr8/avr8-gnu-toolchain/bin/../lib/gcc/avr/5.4.0/../../../../avr/lib/avr6\libm.a(fp_pscB.o)
                              c:/program files (x86)/atmel/studio/7.0/toolchain/avr8/avr8-gnu-toolchain/bin/../lib/gcc/avr/5.4.0/../../../../avr/lib/avr6\libm.a(addsf3x.o) (__fp_pscB)
c:/program files (x86)/atmel/studio/7.0/toolchain/avr8/avr8-gnu-toolchain/bin/../lib/gcc/avr/5.4.0/../../../../avr/lib/avr6\libm.a(fp_round.o)
                              c:/program files (x86)/atmel/studio/7.0/toolchain/avr8/avr8-gnu-toolchain/bin/../lib/gcc/avr/5.4.0/../../../../avr/lib/avr6\libm.a(addsf3.o) (__fp_round)
c:/program files (x86)/atmel/studio/7.0/toolchain/avr8/avr8-gnu-toolchain/bin/../lib/gcc/avr/5.4.0/../../../../avr/lib/avr6\libm.a(fp_split3.o)
[...]
Memory Configuration

Name             Origin             Length             Attributes
text             0x00000000         0x00040000         xr
data             0x00800200         0x00002000         rw !x
eeprom           0x00810000         0x00001000         rw !x
fuse             0x00820000         0x00000003         rw !x
lock             0x00830000         0x00000400         rw !x
signature        0x00840000         0x00000400         rw !x
user_signatures  0x00850000         0x00000400         rw !x
*default*        0x00000000         0xffffffff

Linker script and memory map

Address of section .data set to 0x800200
LOAD C:/Program Files (x86)/Atmel/Studio/7.0/Packs/atmel/ATmega_DFP/1.7.374/gcc/dev/atmega2560/avr6/crtatmega2560.o
LOAD FreeRTOS/FreeRTOSTraceDriver/FreeRTOSTraceDriver.o
LOAD FreeRTOS/src/croutine.o
LOAD FreeRTOS/src/event_groups.o
LOAD FreeRTOS/src/heap_4.o
LOAD FreeRTOS/src/list.o
LOAD FreeRTOS/src/port.o
LOAD FreeRTOS/src/queue.o
LOAD FreeRTOS/src/stream_buffer.o
LOAD FreeRTOS/src/tasks.o
LOAD FreeRTOS/src/timers.o
LOAD FreeRTOS/src/variantHooks.o
LOAD main.o
LOAD SourceFiles/CO2Task.o
LOAD SourceFiles/Configuration.o
LOAD SourceFiles/Farmerama.o
LOAD SourceFiles/HumidityTemperatureTask.o
LOAD SourceFiles/ReceiverTask.o
LOAD SourceFiles/SenderTask.o
LOAD SourceFiles/ServoTask.o
LOAD SourceFiles/SoundTask.o
LOAD SourceFiles/UplinkMessageBuilder.o
START GROUP
LOAD c:/program files (x86)/atmel/studio/7.0/toolchain/avr8/avr8-gnu-toolchain/bin/../lib/gcc/avr/5.4.0/../../../../avr/lib/avr6\libm.a
LOAD ../drivers\libIotLibrary.a
END GROUP
START GROUP
LOAD c:/program files (x86)/atmel/studio/7.0/toolchain/avr8/avr8-gnu-toolchain/bin/../lib/gcc/avr/5.4.0/avr6\libgcc.a
LOAD c:/program files (x86)/atmel/studio/7.0/toolchain/avr8/avr8-gnu-toolchain/bin/../lib/gcc/avr/5.4.0/../../../../avr/lib/avr6\libm.a
LOAD c:/program files (x86)/atmel/studio/7.0/toolchain/avr8/avr8-gnu-toolchain/bin/../lib/gcc/avr/5.4.0/../../../../avr/lib/avr6\libc.a
LOAD C:/Program Files (x86)/Atmel/Studio/7.0/Packs/atmel/ATmega_DFP/1.7.374/gcc/dev/atmega2560/avr6\libatmega2560.a
END GROUP
                0x00000000                __TEXT_REGION_ORIGIN__ = DEFINED (__TEXT_REGION_ORIGIN__)?__TEXT_REGION_ORIGIN__:0x0
                [0x00800200]                __DATA_REGION_ORIGIN__ = DEFINED (__DATA_REGION_ORIGIN__)?__DATA_REGION_ORIGIN__:0x800200
                [0x00040000]                __TEXT_REGION_LENGTH__ = DEFINED (__TEXT_REGION_LENGTH__)?__TEXT_REGION_LENGTH__:0x100000
                [0x00002000]                __DATA_REGION_LENGTH__ = DEFINED (__DATA_REGION_LENGTH__)?__DATA_REGION_LENGTH__:0xfe00
                [0x00001000]                __EEPROM_REGION_LENGTH__ = DEFINED (__EEPROM_REGION_LENGTH__)?__EEPROM_REGION_LENGTH__:0x10000
                [0x00000003]                __FUSE_REGION_LENGTH__ = DEFINED (__FUSE_REGION_LENGTH__)?__FUSE_REGION_LENGTH__:0x400
                0x00000400                __LOCK_REGION_LENGTH__ = DEFINED (__LOCK_REGION_LENGTH__)?__LOCK_REGION_LENGTH__:0x400
                0x00000400                __SIGNATURE_REGION_LENGTH__ = DEFINED (__SIGNATURE_REGION_LENGTH__)?__SIGNATURE_REGION_LENGTH__:0x400
                0x00000400                __USER_SIGNATURE_REGION_LENGTH__ = DEFINED (__USER_SIGNATURE_REGION_LENGTH__)?__USER_SIGNATURE_REGION_LENGTH__:0x400

.hash
 *(.hash)

.dynsym
 *(.dynsym)

.dynstr
 *(.dynstr)

.gnu.version
 *(.gnu.version)

.gnu.version_d
 *(.gnu.version_d)

.gnu.version_r
 *(.gnu.version_r)

.rel.init
 *(.rel.init)

.rela.init
 *(.rela.init)

.rel.text
 *(.rel.text)
 *(.rel.text.*)
 *(.rel.gnu.linkonce.t*)

.rela.text
 *(.rela.text)
 *(.rela.text.*)
 *(.rela.gnu.linkonce.t*)

.rel.fini
 *(.rel.fini)

.rela.fini
 *(.rela.fini)

.rel.rodata
 *(.rel.rodata)
 *(.rel.rodata.*)
 *(.rel.gnu.linkonce.r*)

.rela.rodata
 *(.rela.rodata)
 *(.rela.rodata.*)
 *(.rela.gnu.linkonce.r*)

.rel.data
 *(.rel.data)
 *(.rel.data.*)
 *(.rel.gnu.linkonce.d*)

.rela.data
 *(.rela.data)
 *(.rela.data.*)
 *(.rela.gnu.linkonce.d*)

.rel.ctors
 *(.rel.ctors)

.rela.ctors
 *(.rela.ctors)

.rel.dtors
 *(.rel.dtors)

.rela.dtors
 *(.rela.dtors)

.rel.got
 *(.rel.got)

.rela.got
 *(.rela.got)

.rel.bss
 *(.rel.bss)

.rela.bss
 *(.rela.bss)

.rel.plt
 *(.rel.plt)

.rela.plt
 *(.rela.plt)

.text           0x00000000     0x6618
 *(.vectors)
 .vectors       0x00000000       0xe4 C:/Program Files (x86)/Atmel/Studio/7.0/Packs/atmel/ATmega_DFP/1.7.374/gcc/dev/atmega2560/avr6/crtatmega2560.o
                0x00000000                __vector_default
                0x00000000                __vectors
 *(.vectors)
 *(.progmem.gcc*)
 .progmem.gcc_sw_table.prvProcessReceivedCommands
                0x000000e4       0x14 FreeRTOS/src/timers.o
 .progmem.gcc_sw_table.__vector_39
                0x000000f8       0xa2 ../drivers\libIotLibrary.a(twi.o)
                0x0000019a                . = ALIGN (0x2)
                0x0000019a                __trampolines_start = .
 *(.trampolines)
 .trampolines   0x0000019a        0x0 linker stubs
 *(.trampolines*)
                0x0000019a                __trampolines_end = .
 *libprintf_flt.a:*(.progmem.data)
 *libc.a:*(.progmem.data)
 *(.progmem*)
                0x0000019a                . = ALIGN (0x2)
 *(.jumptables)
 *(.jumptables*)
 *(.lowtext)
 .lowtext       0x0000019a       0x14 FreeRTOS/src/tasks.o
 .lowtext       0x000001ae       0x1e FreeRTOS/src/timers.o
 *(.lowtext*)
                0x000001cc                __ctors_start = .
 *(.ctors)
                0x000001cc                __ctors_end = .
                0x000001cc                __dtors_start = .
 *(.dtors)
                0x000001cc                __dtors_end = .
 SORT(*)(.ctors)
 SORT(*)(.dtors)
 *(.init0)
 .init0         0x000001cc        0x0 C:/Program Files (x86)/Atmel/Studio/7.0/Packs/atmel/ATmega_DFP/1.7.374/gcc/dev/atmega2560/avr6/crtatmega2560.o
                0x000001cc                __init
 *(.init0)
 *(.init1)
 *(.init1)
 *(.init2)
 .init2         0x000001cc       0x10 C:/Program Files (x86)/Atmel/Studio/7.0/Packs/atmel/ATmega_DFP/1.7.374/gcc/dev/atmega2560/avr6/crtatmega2560.o
 *(.init2)
 *(.init3)
 *(.init3)
 *(.init4)
 .init4         0x000001dc       0x1a c:/program files (x86)/atmel/studio/7.0/toolchain/avr8/avr8-gnu-toolchain/bin/../lib/gcc/avr/5.4.0/avr6\libgcc.a(_copy_data.o)
                0x000001dc                __do_copy_data
 .init4         0x000001f6       0x10 c:/program files (x86)/atmel/studio/7.0/toolchain/avr8/avr8-gnu-toolchain/bin/../lib/gcc/avr/5.4.0/avr6\libgcc.a(_clear_bss.o)
                0x000001f6                __do_clear_bss
 *(.init4)
 *(.init5)
 *(.init5)
 *(.init6)
 *(.init6)
 *(.init7)
 *(.init7)
 *(.init8)
 *(.init8)
 *(.init9)
 .init9         0x00000206        0x8 C:/Program Files (x86)/Atmel/Studio/7.0/Packs/atmel/ATmega_DFP/1.7.374/gcc/dev/atmega2560/avr6/crtatmega2560.o
 *(.init9)
 *(.text)
 .text          0x0000020e        0x2 C:/Program Files (x86)/Atmel/Studio/7.0/Packs/atmel/ATmega_DFP/1.7.374/gcc/dev/atmega2560/avr6/crtatmega2560.o
                0x0000020e                __vector_38
                0x0000020e                __vector_22
                0x0000020e                __vector_28
                0x0000020e                __vector_1
                0x0000020e                __vector_32
                0x0000020e                __vector_34
                0x0000020e                __vector_24
                0x0000020e                __vector_46
                0x0000020e                __bad_interrupt
                0x0000020e                __vector_6
                0x0000020e                __vector_31
                0x0000020e                __vector_35
                0x0000020e                __vector_3
                0x0000020e                __vector_23
                0x0000020e                __vector_30
                0x0000020e                __vector_45
                0x0000020e                __vector_11
                0x0000020e                __vector_13
                0x0000020e                __vector_17
                0x0000020e                __vector_19
                0x0000020e                __vector_56
                0x0000020e                __vector_7
                0x0000020e                __vector_49
                0x0000020e                __vector_41
                0x0000020e                __vector_43
                0x0000020e                __vector_27
                0x0000020e                __vector_5
                0x0000020e                __vector_33
                0x0000020e                __vector_47
                0x0000020e                __vector_4
                0x0000020e                __vector_44
                0x0000020e                __vector_9
                0x0000020e                __vector_2
                0x0000020e                __vector_21
                0x0000020e                __vector_15
                0x0000020e                __vector_40
                0x0000020e                __vector_8
                0x0000020e                __vector_48
                0x0000020e                __vector_14
                0x0000020e                __vector_53
                0x0000020e                __vector_10
                0x0000020e                __vector_50
                0x0000020e                __vector_16
                0x0000020e                __vector_18
                0x0000020e                __vector_20
                0x0000020e                __vector_42
                0x00000210                . = ALIGN (0x2)
 *(.text.*)
 .text.prvTestWaitCondition
                0x00000210       0x42 FreeRTOS/src/event_groups.o
 .text.xEventGroupCreate
                0x00000252       0x26 FreeRTOS/src/event_groups.o
                0x00000252                xEventGroupCreate
 .text.xEventGroupWaitBits
                0x00000278      0x140 FreeRTOS/src/event_groups.o
                0x00000278                xEventGroupWaitBits
 .text.xEventGroupSetBits
                0x000003b8      0x11c FreeRTOS/src/event_groups.o
                0x000003b8                xEventGroupSetBits
 .text.prvHeapInit
                0x000004d4       0x52 FreeRTOS/src/heap_4.o
 .text.prvInsertBlockIntoFreeList
                0x00000526       0x94 FreeRTOS/src/heap_4.o
 .text.pvPortMalloc
                0x000005ba      0x152 FreeRTOS/src/heap_4.o
                0x000005ba                pvPortMalloc
 .text.vPortFree
                0x0000070c       0x7a FreeRTOS/src/heap_4.o
                0x0000070c                vPortFree
 .text.vListInitialise
                0x00000786       0x22 FreeRTOS/src/list.o
                0x00000786                vListInitialise
 .text.vListInitialiseItem
                0x000007a8        0x8 FreeRTOS/src/list.o
                0x000007a8                vListInitialiseItem
 .text.vListInsert
                0x000007b0       0x7a FreeRTOS/src/list.o
                0x000007b0                vListInsert
 .text.uxListRemove
                0x0000082a       0x4e FreeRTOS/src/list.o
                0x0000082a                uxListRemove
 .text.prvSetupTimerInterrupt
                0x00000878       0x18 FreeRTOS/src/port.o
 .text.pxPortInitialiseStack
                0x00000890       0x2e FreeRTOS/src/port.o
                0x00000890                pxPortInitialiseStack
 .text.xPortStartScheduler
                0x000008be       0x64 FreeRTOS/src/port.o
                0x000008be                xPortStartScheduler
 .text.vPortYield
                0x00000922       0xc2 FreeRTOS/src/port.o
                0x00000922                vPortYield
 .text.vPortYieldFromTick
                0x000009e4       0xca FreeRTOS/src/port.o
                0x000009e4                vPortYieldFromTick
 .text.__vector_12
                0x00000aae        0x4 FreeRTOS/src/port.o
                0x00000aae                __vector_12
 .text.prvGetDisinheritPriorityAfterTimeout
                0x00000ab2       0x20 FreeRTOS/src/queue.o
 .text.prvIsQueueEmpty
                0x00000ad2       0x1a FreeRTOS/src/queue.o
 .text.prvIsQueueFull
                0x00000aec       0x1c FreeRTOS/src/queue.o
 .text.prvCopyDataToQueue
                0x00000b08       0xbe FreeRTOS/src/queue.o
 .text.prvCopyDataFromQueue
                0x00000bc6       0x34 FreeRTOS/src/queue.o
 .text.prvUnlockQueue
                0x00000bfa       0x68 FreeRTOS/src/queue.o
 .text.xQueueGenericReset
                0x00000c62       0x86 FreeRTOS/src/queue.o
                0x00000c62                xQueueGenericReset
 .text.prvInitialiseNewQueue
                0x00000ce8       0x24 FreeRTOS/src/queue.o
 .text.xQueueGenericCreate
                0x00000d0c       0x46 FreeRTOS/src/queue.o
                0x00000d0c                xQueueGenericCreate
 .text.xQueueGenericSend
                0x00000d52      0x124 FreeRTOS/src/queue.o
                0x00000d52                xQueueGenericSend
 .text.prvInitialiseMutex
                0x00000e76       0x24 FreeRTOS/src/queue.o
 .text.xQueueCreateMutex
                0x00000e9a       0x18 FreeRTOS/src/queue.o
                0x00000e9a                xQueueCreateMutex
 .text.xQueueGenericSendFromISR
                0x00000eb2       0x76 FreeRTOS/src/queue.o
                0x00000eb2                xQueueGenericSendFromISR
 .text.xQueueReceive
                0x00000f28      0x11e FreeRTOS/src/queue.o
                0x00000f28                xQueueReceive
 .text.xQueueSemaphoreTake
                0x00001046      0x162 FreeRTOS/src/queue.o
                0x00001046                xQueueSemaphoreTake
 .text.vQueueWaitForMessageRestricted
                0x000011a8       0x38 FreeRTOS/src/queue.o
                0x000011a8                vQueueWaitForMessageRestricted
 .text.prvBytesInBuffer
                0x000011e0       0x26 FreeRTOS/src/stream_buffer.o
 .text.prvInitialiseNewStreamBuffer
                0x00001206       0x20 FreeRTOS/src/stream_buffer.o
 .text.prvWriteBytesToBuffer
                0x00001226       0x92 FreeRTOS/src/stream_buffer.o
 .text.prvWriteMessageToBuffer
                0x000012b8       0x86 FreeRTOS/src/stream_buffer.o
 .text.prvReadBytesFromBuffer
                0x0000133e       0x9e FreeRTOS/src/stream_buffer.o
 .text.prvReadMessageFromBuffer
                0x000013dc       0x8a FreeRTOS/src/stream_buffer.o
 .text.xStreamBufferReset
                0x00001466       0x3c FreeRTOS/src/stream_buffer.o
                0x00001466                xStreamBufferReset
 .text.xStreamBufferSpacesAvailable
                0x000014a2       0x24 FreeRTOS/src/stream_buffer.o
                0x000014a2                xStreamBufferSpacesAvailable
 .text.xStreamBufferSend
                0x000014c6      0x18a FreeRTOS/src/stream_buffer.o
                0x000014c6                xStreamBufferSend
 .text.xStreamBufferReceive
                0x00001650      0x106 FreeRTOS/src/stream_buffer.o
                0x00001650                xStreamBufferReceive
 .text.prvResetNextTaskUnblockTime
                0x00001756       0x4e FreeRTOS/src/tasks.o
 .text.prvDeleteTCB
                0x000017a4       0x1a FreeRTOS/src/tasks.o
 .text.prvInitialiseNewTask
                0x000017be       0xfa FreeRTOS/src/tasks.o
 .text.prvInitialiseTaskLists
                0x000018b8       0x60 FreeRTOS/src/tasks.o
 .text.prvAddNewTaskToReadyList
                0x00001918       0xde FreeRTOS/src/tasks.o
 .text.prvCheckTasksWaitingTermination
                0x000019f6       0x4a FreeRTOS/src/tasks.o
 .text.prvAddCurrentTaskToDelayedList
                0x00001a40      0x144 FreeRTOS/src/tasks.o
 .text.xTaskCreate
                0x00001b84       0x98 FreeRTOS/src/tasks.o
                0x00001b84                xTaskCreate
 .text.vTaskStartScheduler
                0x00001c1c       0x70 FreeRTOS/src/tasks.o
                0x00001c1c                vTaskStartScheduler
 .text.vTaskSuspendAll
                0x00001c8c        0xc FreeRTOS/src/tasks.o
                0x00001c8c                vTaskSuspendAll
 .text.xTaskGetTickCount
                0x00001c98       0x1c FreeRTOS/src/tasks.o
                0x00001c98                xTaskGetTickCount
 .text.xTaskIncrementTick
                0x00001cb4      0x258 FreeRTOS/src/tasks.o
                0x00001cb4                xTaskIncrementTick
 .text.xTaskResumeAll
                0x00001f0c      0x1b8 FreeRTOS/src/tasks.o
                0x00001f0c                xTaskResumeAll
 .text.xTaskDelayUntil
                0x000020c4       0xca FreeRTOS/src/tasks.o
                0x000020c4                xTaskDelayUntil
 .text.vTaskDelay
                0x0000218e       0x36 FreeRTOS/src/tasks.o
                0x0000218e                vTaskDelay
 .text.vTaskSwitchContext
                0x000021c4       0xca FreeRTOS/src/tasks.o
                0x000021c4                vTaskSwitchContext
 .text.vTaskPlaceOnEventList
                0x0000228e       0x2e FreeRTOS/src/tasks.o
                0x0000228e                vTaskPlaceOnEventList
 .text.vTaskPlaceOnUnorderedEventList
                0x000022bc       0x94 FreeRTOS/src/tasks.o
                0x000022bc                vTaskPlaceOnUnorderedEventList
 .text.vTaskPlaceOnEventListRestricted
                0x00002350       0x84 FreeRTOS/src/tasks.o
                0x00002350                vTaskPlaceOnEventListRestricted
 .text.xTaskRemoveFromEventList
                0x000023d4      0x15e FreeRTOS/src/tasks.o
                0x000023d4                xTaskRemoveFromEventList
 .text.vTaskRemoveFromUnorderedEventList
                0x00002532      0x134 FreeRTOS/src/tasks.o
                0x00002532                vTaskRemoveFromUnorderedEventList
 .text.vTaskSetTimeOutState
                0x00002666       0x2c FreeRTOS/src/tasks.o
                0x00002666                vTaskSetTimeOutState
 .text.vTaskInternalSetTimeOutState
                0x00002692       0x22 FreeRTOS/src/tasks.o
                0x00002692                vTaskInternalSetTimeOutState
 .text.xTaskCheckForTimeOut
                0x000026b4       0xcc FreeRTOS/src/tasks.o
                0x000026b4                xTaskCheckForTimeOut
 .text.vTaskMissedYield
                0x00002780        0x8 FreeRTOS/src/tasks.o
                0x00002780                vTaskMissedYield
 .text.xTaskGetCurrentTaskHandle
                0x00002788        0xa FreeRTOS/src/tasks.o
                0x00002788                xTaskGetCurrentTaskHandle
 .text.xTaskGetSchedulerState
                0x00002792       0x1c FreeRTOS/src/tasks.o
                0x00002792                xTaskGetSchedulerState
 .text.xTaskPriorityInherit
                0x000027ae      0x10e FreeRTOS/src/tasks.o
                0x000027ae                xTaskPriorityInherit
 .text.xTaskPriorityDisinherit
                0x000028bc       0xb6 FreeRTOS/src/tasks.o
                0x000028bc                xTaskPriorityDisinherit
 .text.vTaskPriorityDisinheritAfterTimeout
                0x00002972       0xce FreeRTOS/src/tasks.o
                0x00002972                vTaskPriorityDisinheritAfterTimeout
 .text.uxTaskResetEventItemValue
                0x00002a40       0x54 FreeRTOS/src/tasks.o
                0x00002a40                uxTaskResetEventItemValue
 .text.pvTaskIncrementMutexHeldCount
                0x00002a94       0x24 FreeRTOS/src/tasks.o
                0x00002a94                pvTaskIncrementMutexHeldCount
 .text.xTaskGenericNotifyWait
                0x00002ab8      0x150 FreeRTOS/src/tasks.o
                0x00002ab8                xTaskGenericNotifyWait
 .text.xTaskGenericNotify
                0x00002c08      0x1ee FreeRTOS/src/tasks.o
                0x00002c08                xTaskGenericNotify
 .text.xTaskGenericNotifyStateClear
                0x00002df6       0x34 FreeRTOS/src/tasks.o
                0x00002df6                xTaskGenericNotifyStateClear
 .text.prvGetNextExpireTime
                0x00002e2a       0x30 FreeRTOS/src/timers.o
 .text.prvInsertTimerInActiveList
                0x00002e5a       0x92 FreeRTOS/src/timers.o
 .text.prvCheckForValidListAndQueue
                0x00002eec       0x52 FreeRTOS/src/timers.o
 .text.xTimerCreateTimerTask
                0x00002f3e       0x42 FreeRTOS/src/timers.o
                0x00002f3e                xTimerCreateTimerTask
 .text.xTimerGenericCommand
                0x00002f80       0xbc FreeRTOS/src/timers.o
                0x00002f80                xTimerGenericCommand
 .text.prvSwitchTimerLists
                0x0000303c       0xd0 FreeRTOS/src/timers.o
 .text.prvSampleTimeNow
                0x0000310c       0x5c FreeRTOS/src/timers.o
 .text.prvProcessExpiredTimer
                0x00003168       0xac FreeRTOS/src/timers.o
 .text.prvProcessTimerOrBlockTask
                0x00003214       0xae FreeRTOS/src/timers.o
 .text.prvProcessReceivedCommands
                0x000032c2      0x168 FreeRTOS/src/timers.o
 .text.vApplicationIdleHook
                0x0000342a        0x2 FreeRTOS/src/variantHooks.o
                0x0000342a                vApplicationIdleHook
 .text.prvSetMainLedOn
                0x0000342c        0xe FreeRTOS/src/variantHooks.o
                0x0000342c                prvSetMainLedOn
 .text.prvBlinkMainLed
                0x0000343a        0x8 FreeRTOS/src/variantHooks.o
                0x0000343a                prvBlinkMainLed
 .text.vApplicationMallocFailedHook
                0x00003442       0x18 FreeRTOS/src/variantHooks.o
                0x00003442                vApplicationMallocFailedHook
 .text.vApplicationStackOverflowHook
                0x0000345a       0x18 FreeRTOS/src/variantHooks.o
                0x0000345a                vApplicationStackOverflowHook
 .text._createQueues
                0x00003472       0x5c main.o
 .text._initDrivers
                0x000034ce       0x1a main.o
 .text._createEventGroups
                0x000034e8       0x1a main.o
 .text._createTasks
                0x00003502       0xcc main.o
 .text._createMutexes
                0x000035ce       0x10 main.o
 .text.main     0x000035de       0x2c main.o
                0x000035de                main
 .text._co2CallBack
                0x0000360a       0x38 SourceFiles/CO2Task.o
 .text.co2Task_create
                0x00003642       0x38 SourceFiles/CO2Task.o
                0x00003642                co2Task_create
 .text.co2Task_initTask
                0x0000367a        0xa SourceFiles/CO2Task.o
                0x0000367a                co2Task_initTask
 .text.co2Task_runTask
                0x00003684       0x58 SourceFiles/CO2Task.o
                0x00003684                co2Task_runTask
 .text._run     0x000036dc        0x6 SourceFiles/CO2Task.o
 .text.configuration_create
                0x000036e2       0x42 SourceFiles/Configuration.o
                0x000036e2                configuration_create
 .text.configuration_getLowTemperatureThreshold
                0x00003724       0x4c SourceFiles/Configuration.o
                0x00003724                configuration_getLowTemperatureThreshold
 .text.configuration_getHighTemperatureThreshold
                0x00003770       0x4c SourceFiles/Configuration.o
                0x00003770                configuration_getHighTemperatureThreshold
 .text.farmerama_create
                0x000037bc       0x74 SourceFiles/Farmerama.o
                0x000037bc                farmerama_create
 .text.farmerama_initTask
                0x00003830       0x16 SourceFiles/Farmerama.o
                0x00003830                farmerama_initTask
 .text.farmerama_runTask
                0x00003846      0x1e0 SourceFiles/Farmerama.o
                0x00003846                farmerama_runTask
 .text._run     0x00003a26        0x6 SourceFiles/Farmerama.o
 .text.humidityTemperatureTask_create
                0x00003a2c       0x48 SourceFiles/HumidityTemperatureTask.o
                0x00003a2c                humidityTemperatureTask_create
 .text.humidityTemperatureTask_runTask
                0x00003a74       0xe4 SourceFiles/HumidityTemperatureTask.o
                0x00003a74                humidityTemperatureTask_runTask
 .text._run     0x00003b58        0x4 SourceFiles/HumidityTemperatureTask.o
 .text.receiverTask_create
                0x00003b5c       0x30 SourceFiles/ReceiverTask.o
                0x00003b5c                receiverTask_create
 .text.receiverTask_runTask
                0x00003b8c       0x4a SourceFiles/ReceiverTask.o
                0x00003b8c                receiverTask_runTask
 .text._run     0x00003bd6        0x4 SourceFiles/ReceiverTask.o
 .text._connectToLoRaWAN
                0x00003bda      0x174 SourceFiles/SenderTask.o
 .text.senderTask_create
                0x00003d4e       0x30 SourceFiles/SenderTask.o
                0x00003d4e                senderTask_create
 .text.senderTask_initTask
                0x00003d7e       0x26 SourceFiles/SenderTask.o
                0x00003d7e                senderTask_initTask
 .text.senderTask_runTask
                0x00003da4       0x6c SourceFiles/SenderTask.o
                0x00003da4                senderTask_runTask
 .text._run     0x00003e10        0x6 SourceFiles/SenderTask.o
 .text.servoTask_create
                0x00003e16       0x30 SourceFiles/ServoTask.o
                0x00003e16                servoTask_create
 .text.servoTask_initTask
                0x00003e46        0x8 SourceFiles/ServoTask.o
                0x00003e46                servoTask_initTask
 .text.servoTask_runTask
                0x00003e4e      0x136 SourceFiles/ServoTask.o
                0x00003e4e                servoTask_runTask
 .text._run     0x00003f84        0x6 SourceFiles/ServoTask.o
 .text.soundTask_create
                0x00003f8a       0x38 SourceFiles/SoundTask.o
                0x00003f8a                soundTask_create
 .text.soundTask_runTask
                0x00003fc2       0x7e SourceFiles/SoundTask.o
                0x00003fc2                soundTask_runTask
 .text._run     0x00004040        0x4 SourceFiles/SoundTask.o
 .text.uplinkMessageBuilder_setHumidityData
                0x00004044       0x12 SourceFiles/UplinkMessageBuilder.o
                0x00004044                uplinkMessageBuilder_setHumidityData
 .text.uplinkMessageBuilder_setTemperatureData
                0x00004056       0x12 SourceFiles/UplinkMessageBuilder.o
                0x00004056                uplinkMessageBuilder_setTemperatureData
 .text.uplinkMessageBuilder_setCO2Data
                0x00004068       0x10 SourceFiles/UplinkMessageBuilder.o
                0x00004068                uplinkMessageBuilder_setCO2Data
 .text.uplinkMessageBuilder_setSoundData
                0x00004078       0x10 SourceFiles/UplinkMessageBuilder.o
                0x00004078                uplinkMessageBuilder_setSoundData
 .text.uplinkMessageBuilder_setSystemErrorState
                0x00004088        0x6 SourceFiles/UplinkMessageBuilder.o
                0x00004088                uplinkMessageBuilder_setSystemErrorState
 .text._hihTwiCallback
                0x0000408e       0x5a ../drivers\libIotLibrary.a(hih8120.o)
 .text.hih8120_initialise
                0x000040e8       0x30 ../drivers\libIotLibrary.a(hih8120.o)
                0x000040e8                hih8120_initialise
 .text.hih8120_wakeup
                0x00004118       0x2a ../drivers\libIotLibrary.a(hih8120.o)
                0x00004118                hih8120_wakeup
 .text.hih8120_measure
                0x00004142       0x22 ../drivers\libIotLibrary.a(hih8120.o)
                0x00004142                hih8120_measure
 .text.hih8120_getHumidity
                0x00004164       0x2a ../drivers\libIotLibrary.a(hih8120.o)
                0x00004164                hih8120_getHumidity
 .text.hih8120_getHumidityPercent_x10
                0x0000418e       0x16 ../drivers\libIotLibrary.a(hih8120.o)
                0x0000418e                hih8120_getHumidityPercent_x10
 .text.hih8120_getTemperature
                0x000041a4       0x36 ../drivers\libIotLibrary.a(hih8120.o)
                0x000041a4                hih8120_getTemperature
 .text.hih8120_getTemperature_x10
                0x000041da       0x16 ../drivers\libIotLibrary.a(hih8120.o)
                0x000041da                hih8120_getTemperature_x10
 .text._uploadMessage
                0x000041f0       0xb4 ../drivers\libIotLibrary.a(lora_driver.o)
 .text._reply2ReturnCode
                0x000042a4       0xea ../drivers\libIotLibrary.a(lora_driver.o)
 .text._uploadMessageRc
                0x0000438e        0x6 ../drivers\libIotLibrary.a(lora_driver.o)
 .text.lora_driver_flushBuffers
                0x00004394        0xe ../drivers\libIotLibrary.a(lora_driver.o)
                0x00004394                lora_driver_flushBuffers
 .text.lora_driver_resetRn2483
                0x000043a2       0x1c ../drivers\libIotLibrary.a(lora_driver.o)
                0x000043a2                lora_driver_resetRn2483
 .text.lora_driver_rn2483FactoryReset
                0x000043be       0x24 ../drivers\libIotLibrary.a(lora_driver.o)
                0x000043be                lora_driver_rn2483FactoryReset
 .text.lora_driver_getRn2483Hweui
                0x000043e2       0x38 ../drivers\libIotLibrary.a(lora_driver.o)
                0x000043e2                lora_driver_getRn2483Hweui
 .text.lora_driver_setDeviceIdentifier
                0x0000441a       0x22 ../drivers\libIotLibrary.a(lora_driver.o)
                0x0000441a                lora_driver_setDeviceIdentifier
 .text.lora_driver_setApplicationIdentifier
                0x0000443c       0x22 ../drivers\libIotLibrary.a(lora_driver.o)
                0x0000443c                lora_driver_setApplicationIdentifier
 .text.lora_driver_setApplicationKey
                0x0000445e       0x22 ../drivers\libIotLibrary.a(lora_driver.o)
                0x0000445e                lora_driver_setApplicationKey
 .text.lora_driver_saveMac
                0x00004480        0xc ../drivers\libIotLibrary.a(lora_driver.o)
                0x00004480                lora_driver_saveMac
 .text.lora_driver_join
                0x0000448c       0x52 ../drivers\libIotLibrary.a(lora_driver.o)
                0x0000448c                lora_driver_join
 .text.lora_driver_sendUploadMessage
                0x000044de      0x196 ../drivers\libIotLibrary.a(lora_driver.o)
                0x000044de                lora_driver_sendUploadMessage
 .text.lora_driver_setAdaptiveDataRate
                0x00004674       0x16 ../drivers\libIotLibrary.a(lora_driver.o)
                0x00004674                lora_driver_setAdaptiveDataRate
 .text.lora_driver_setReceiveDelay
                0x0000468a       0x30 ../drivers\libIotLibrary.a(lora_driver.o)
                0x0000468a                lora_driver_setReceiveDelay
 .text.lora_driver_configureToEu868
                0x000046ba      0x1bc ../drivers\libIotLibrary.a(lora_driver.o)
                0x000046ba                lora_driver_configureToEu868
 .text.lora_driver_setOtaaIdentity
                0x00004876       0x42 ../drivers\libIotLibrary.a(lora_driver.o)
                0x00004876                lora_driver_setOtaaIdentity
 .text.lora_driver_mapReturnCodeToText
                0x000048b8       0x18 ../drivers\libIotLibrary.a(lora_driver.o)
                0x000048b8                lora_driver_mapReturnCodeToText
 .text.decode_port_no
                0x000048d0       0x58 ../drivers\libIotLibrary.a(lora_driver_utils.o)
                0x000048d0                decode_port_no
 .text.decode_hexadecimal_string_bytes
                0x00004928       0x92 ../drivers\libIotLibrary.a(lora_driver_utils.o)
                0x00004928                decode_hexadecimal_string_bytes
 .text._serialCallBack
                0x000049ba       0xb6 ../drivers\libIotLibrary.a(mh_z19.o)
 .text.mh_z19_initialise
                0x00004a70       0x4a ../drivers\libIotLibrary.a(mh_z19.o)
                0x00004a70                mh_z19_initialise
 .text.mh_z19_injectCallBack
                0x00004aba        0xa ../drivers\libIotLibrary.a(mh_z19.o)
                0x00004aba                mh_z19_injectCallBack
 .text.mh_z19_takeMeassuring
                0x00004ac4       0x5e ../drivers\libIotLibrary.a(mh_z19.o)
                0x00004ac4                mh_z19_takeMeassuring
 .text.rc_servo_setPosition
                0x00004b22       0x30 ../drivers\libIotLibrary.a(rc_servo.o)
                0x00004b22                rc_servo_setPosition
 .text.rc_servo_initialise
                0x00004b52       0x38 ../drivers\libIotLibrary.a(rc_servo.o)
                0x00004b52                rc_servo_initialise
 .text._startConversion
                0x00004b8a       0x26 ../drivers\libIotLibrary.a(sen14262.o)
 .text.sen14262_initialise
                0x00004bb0       0x30 ../drivers\libIotLibrary.a(sen14262.o)
                0x00004bb0                sen14262_initialise
 .text.sen14262_envelope
                0x00004be0       0x10 ../drivers\libIotLibrary.a(sen14262.o)
                0x00004be0                sen14262_envelope
 .text.__vector_29
                0x00004bf0       0x5e ../drivers\libIotLibrary.a(sen14262.o)
                0x00004bf0                __vector_29
 .text.serial_create
                0x00004c4e      0x13e ../drivers\libIotLibrary.a(serial.o)
                0x00004c4e                serial_create
 .text.serial_sendByte
                0x00004d8c       0x56 ../drivers\libIotLibrary.a(serial.o)
                0x00004d8c                serial_sendByte
 .text.serial_sendBytes
                0x00004de2       0xaa ../drivers\libIotLibrary.a(serial.o)
                0x00004de2                serial_sendBytes
 .text.serial_getByte
                0x00004e8c       0x40 ../drivers\libIotLibrary.a(serial.o)
                0x00004e8c                serial_getByte
 .text.__vector_25
                0x00004ecc       0xa4 ../drivers\libIotLibrary.a(serial.o)
                0x00004ecc                __vector_25
 .text.__vector_26
                0x00004f70       0x88 ../drivers\libIotLibrary.a(serial.o)
                0x00004f70                __vector_26
 .text.__vector_36
                0x00004ff8       0xa4 ../drivers\libIotLibrary.a(serial.o)
                0x00004ff8                __vector_36
 .text.__vector_37
                0x0000509c       0x88 ../drivers\libIotLibrary.a(serial.o)
                0x0000509c                __vector_37
 .text.__vector_51
                0x00005124       0xa4 ../drivers\libIotLibrary.a(serial.o)
                0x00005124                __vector_51
 .text.__vector_52
                0x000051c8       0x88 ../drivers\libIotLibrary.a(serial.o)
                0x000051c8                __vector_52
 .text.__vector_54
                0x00005250       0xa4 ../drivers\libIotLibrary.a(serial.o)
                0x00005250                __vector_54
 .text.__vector_55
                0x000052f4       0x88 ../drivers\libIotLibrary.a(serial.o)
                0x000052f4                __vector_55
 .text.usart_getchar
                0x0000537c       0x2a ../drivers\libIotLibrary.a(stdio_driver.o)
 .text.usart_putchar
                0x000053a6       0x12 ../drivers\libIotLibrary.a(stdio_driver.o)
 .text.stdio_initialise
                0x000053b8       0x52 ../drivers\libIotLibrary.a(stdio_driver.o)
                0x000053b8                stdio_initialise
 .text._turn_on
                0x0000540a       0x98 ../drivers\libIotLibrary.a(status_leds.o)
 .text.status_leds_slowBlink
                0x000054a2       0x46 ../drivers\libIotLibrary.a(status_leds.o)
                0x000054a2                status_leds_slowBlink
 .text.status_leds_ledOn
                0x000054e8       0x1e ../drivers\libIotLibrary.a(status_leds.o)
                0x000054e8                status_leds_ledOn
 .text.status_leds_longPuls
                0x00005506       0x24 ../drivers\libIotLibrary.a(status_leds.o)
                0x00005506                status_leds_longPuls
 .text._initTwiInterface
                0x0000552a       0x22 ../drivers\libIotLibrary.a(twi.o)
 .text.twiCreate
                0x0000554c       0x9a ../drivers\libIotLibrary.a(twi.o)
                0x0000554c                twiCreate
 .text.twiIsBusy
                0x000055e6        0x8 ../drivers\libIotLibrary.a(twi.o)
                0x000055e6                twiIsBusy
 .text.twiTransmit
                0x000055ee       0x98 ../drivers\libIotLibrary.a(twi.o)
                0x000055ee                twiTransmit
 .text.twiReceive
                0x00005686       0x66 ../drivers\libIotLibrary.a(twi.o)
                0x00005686                twiReceive
 .text.__vector_39
                0x000056ec      0x17a ../drivers\libIotLibrary.a(twi.o)
                0x000056ec                __vector_39
 .text.fifo_init
                0x00005866       0x38 ../drivers\libIotLibrary.a(fifo.o)
                0x00005866                fifo_init
 .text.avr-libc.fplib
                0x0000589e        0xa c:/program files (x86)/atmel/studio/7.0/toolchain/avr8/avr8-gnu-toolchain/bin/../lib/gcc/avr/5.4.0/../../../../avr/lib/avr6\libm.a(addsf3.o)
                0x0000589e                __subsf3
                0x000058a0                __addsf3
 .text.avr-libc.fplib
                0x000058a8       0xc0 c:/program files (x86)/atmel/studio/7.0/toolchain/avr8/avr8-gnu-toolchain/bin/../lib/gcc/avr/5.4.0/../../../../avr/lib/avr6\libm.a(addsf3x.o)
                0x000058c2                __addsf3x
 .text.avr-libc.fplib
                0x00005968        0x4 c:/program files (x86)/atmel/studio/7.0/toolchain/avr8/avr8-gnu-toolchain/bin/../lib/gcc/avr/5.4.0/../../../../avr/lib/avr6\libm.a(divsf3.o)
                0x00005968                __divsf3
 .text.avr-libc.fplib
                0x0000596c       0xcc c:/program files (x86)/atmel/studio/7.0/toolchain/avr8/avr8-gnu-toolchain/bin/../lib/gcc/avr/5.4.0/../../../../avr/lib/avr6\libm.a(divsf3x.o)
                0x00005982                __divsf3x
                0x00005986                __divsf3_pse
 .text.avr-libc.fplib
                0x00005a38        0xa c:/program files (x86)/atmel/studio/7.0/toolchain/avr8/avr8-gnu-toolchain/bin/../lib/gcc/avr/5.4.0/../../../../avr/lib/avr6\libm.a(fixsfsi.o)
                0x00005a38                __fixsfsi
 .text.avr-libc.fplib
                0x00005a42       0x58 c:/program files (x86)/atmel/studio/7.0/toolchain/avr8/avr8-gnu-toolchain/bin/../lib/gcc/avr/5.4.0/../../../../avr/lib/avr6\libm.a(fixunssfsi.o)
                0x00005a42                __fixunssfsi
 .text.avr-libc.fplib
                0x00005a9a       0x7a c:/program files (x86)/atmel/studio/7.0/toolchain/avr8/avr8-gnu-toolchain/bin/../lib/gcc/avr/5.4.0/../../../../avr/lib/avr6\libm.a(floatsisf.o)
                0x00005a9a                __floatunsisf
                0x00005a9e                __floatsisf
 .text.avr-libc.fplib
                0x00005b14        0xc c:/program files (x86)/atmel/studio/7.0/toolchain/avr8/avr8-gnu-toolchain/bin/../lib/gcc/avr/5.4.0/../../../../avr/lib/avr6\libm.a(fp_inf.o)
                0x00005b14                __fp_inf
 .text.avr-libc.fplib
                0x00005b20        0x6 c:/program files (x86)/atmel/studio/7.0/toolchain/avr8/avr8-gnu-toolchain/bin/../lib/gcc/avr/5.4.0/../../../../avr/lib/avr6\libm.a(fp_nan.o)
                0x00005b20                __fp_nan
 .text.avr-libc.fplib
                0x00005b26        0xe c:/program files (x86)/atmel/studio/7.0/toolchain/avr8/avr8-gnu-toolchain/bin/../lib/gcc/avr/5.4.0/../../../../avr/lib/avr6\libm.a(fp_pscA.o)
                0x00005b26                __fp_pscA
 .text.avr-libc.fplib
                0x00005b34        0xe c:/program files (x86)/atmel/studio/7.0/toolchain/avr8/avr8-gnu-toolchain/bin/../lib/gcc/avr/5.4.0/../../../../avr/lib/avr6\libm.a(fp_pscB.o)
                0x00005b34                __fp_pscB
 .text.avr-libc.fplib
                0x00005b42       0x22 c:/program files (x86)/atmel/studio/7.0/toolchain/avr8/avr8-gnu-toolchain/bin/../lib/gcc/avr/5.4.0/../../../../avr/lib/avr6\libm.a(fp_round.o)
                0x00005b42                __fp_round
 .text.avr-libc.fplib
                0x00005b64       0x44 c:/program files (x86)/atmel/studio/7.0/toolchain/avr8/avr8-gnu-toolchain/bin/../lib/gcc/avr/5.4.0/../../../../avr/lib/avr6\libm.a(fp_split3.o)
                0x00005b64                __fp_split3
                0x00005b74                __fp_splitA
 .text.avr-libc.fplib
                0x00005ba8        0xe c:/program files (x86)/atmel/studio/7.0/toolchain/avr8/avr8-gnu-toolchain/bin/../lib/gcc/avr/5.4.0/../../../../avr/lib/avr6\libm.a(fp_zero.o)
                0x00005ba8                __fp_zero
                0x00005baa                __fp_szero
 .text.avr-libc.fplib
                0x00005bb6        0x4 c:/program files (x86)/atmel/studio/7.0/toolchain/avr8/avr8-gnu-toolchain/bin/../lib/gcc/avr/5.4.0/../../../../avr/lib/avr6\libm.a(mulsf3.o)
                0x00005bb6                __mulsf3
 .text.avr-libc.fplib
                0x00005bba       0xc2 c:/program files (x86)/atmel/studio/7.0/toolchain/avr8/avr8-gnu-toolchain/bin/../lib/gcc/avr/5.4.0/../../../../avr/lib/avr6\libm.a(mulsf3x.o)
                0x00005bce                __mulsf3x
                0x00005bd2                __mulsf3_pse
 .text.libgcc.div
                0x00005c7c       0x44 c:/program files (x86)/atmel/studio/7.0/toolchain/avr8/avr8-gnu-toolchain/bin/../lib/gcc/avr/5.4.0/avr6\libgcc.a(_udivmodsi4.o)
                0x00005c7c                __udivmodsi4
 .text.libgcc   0x00005cc0       0x10 c:/program files (x86)/atmel/studio/7.0/toolchain/avr8/avr8-gnu-toolchain/bin/../lib/gcc/avr/5.4.0/avr6\libgcc.a(_tablejump2.o)
                0x00005cc0                __tablejump2__
 .text.avr-libc
                0x00005cd0      0x242 c:/program files (x86)/atmel/studio/7.0/toolchain/avr8/avr8-gnu-toolchain/bin/../lib/gcc/avr/5.4.0/../../../../avr/lib/avr6\libc.a(malloc.o)
                0x00005cd0                malloc
                0x00005e00                free
 .text.avr-libc
                0x00005f12        0x8 c:/program files (x86)/atmel/studio/7.0/toolchain/avr8/avr8-gnu-toolchain/bin/../lib/gcc/avr/5.4.0/../../../../avr/lib/avr6\libc.a(abort.o)
                0x00005f12                abort
 .text.avr-libc
                0x00005f1a       0x12 c:/program files (x86)/atmel/studio/7.0/toolchain/avr8/avr8-gnu-toolchain/bin/../lib/gcc/avr/5.4.0/../../../../avr/lib/avr6\libc.a(memcpy.o)
                0x00005f1a                memcpy
 .text.avr-libc
                0x00005f2c        0xe c:/program files (x86)/atmel/studio/7.0/toolchain/avr8/avr8-gnu-toolchain/bin/../lib/gcc/avr/5.4.0/../../../../avr/lib/avr6\libc.a(memset.o)
                0x00005f2c                memset
 .text.avr-libc
                0x00005f3a       0x4a c:/program files (x86)/atmel/studio/7.0/toolchain/avr8/avr8-gnu-toolchain/bin/../lib/gcc/avr/5.4.0/../../../../avr/lib/avr6\libc.a(strcasestr.o)
                0x00005f3a                strcasestr
 .text.avr-libc
                0x00005f84       0x16 c:/program files (x86)/atmel/studio/7.0/toolchain/avr8/avr8-gnu-toolchain/bin/../lib/gcc/avr/5.4.0/../../../../avr/lib/avr6\libc.a(strcat.o)
                0x00005f84                strcat
 .text.avr-libc
                0x00005f9a        0xe c:/program files (x86)/atmel/studio/7.0/toolchain/avr8/avr8-gnu-toolchain/bin/../lib/gcc/avr/5.4.0/../../../../avr/lib/avr6\libc.a(strcpy.o)
                0x00005f9a                strcpy
 .text.avr-libc
                0x00005fa8       0x30 c:/program files (x86)/atmel/studio/7.0/toolchain/avr8/avr8-gnu-toolchain/bin/../lib/gcc/avr/5.4.0/../../../../avr/lib/avr6\libc.a(strncasecmp.o)
                0x00005fa8                strncasecmp
 .text.avr-libc
                0x00005fd8       0x26 c:/program files (x86)/atmel/studio/7.0/toolchain/avr8/avr8-gnu-toolchain/bin/../lib/gcc/avr/5.4.0/../../../../avr/lib/avr6\libc.a(printf.o)
                0x00005fd8                printf
 .text.avr-libc
                0x00005ffe       0x60 c:/program files (x86)/atmel/studio/7.0/toolchain/avr8/avr8-gnu-toolchain/bin/../lib/gcc/avr/5.4.0/../../../../avr/lib/avr6\libc.a(puts.o)
                0x00005ffe                puts
 .text.avr-libc
                0x0000605e       0x5c c:/program files (x86)/atmel/studio/7.0/toolchain/avr8/avr8-gnu-toolchain/bin/../lib/gcc/avr/5.4.0/../../../../avr/lib/avr6\libc.a(sprintf.o)
                0x0000605e                sprintf
 .text.avr-libc
                0x000060ba      0x3fa c:/program files (x86)/atmel/studio/7.0/toolchain/avr8/avr8-gnu-toolchain/bin/../lib/gcc/avr/5.4.0/../../../../avr/lib/avr6\libc.a(vfprintf_std.o)
                0x000060ba                vfprintf
 .text.avr-libc
                0x000064b4       0x16 c:/program files (x86)/atmel/studio/7.0/toolchain/avr8/avr8-gnu-toolchain/bin/../lib/gcc/avr/5.4.0/../../../../avr/lib/avr6\libc.a(strnlen_P.o)
                0x000064b4                strnlen_P
 .text.avr-libc
                0x000064ca       0x16 c:/program files (x86)/atmel/studio/7.0/toolchain/avr8/avr8-gnu-toolchain/bin/../lib/gcc/avr/5.4.0/../../../../avr/lib/avr6\libc.a(strnlen.o)
                0x000064ca                strnlen
 .text.avr-libc
                0x000064e0       0x78 c:/program files (x86)/atmel/studio/7.0/toolchain/avr8/avr8-gnu-toolchain/bin/../lib/gcc/avr/5.4.0/../../../../avr/lib/avr6\libc.a(fputc.o)
                0x000064e0                fputc
 .text.avr-libc
                0x00006558       0xbc c:/program files (x86)/atmel/studio/7.0/toolchain/avr8/avr8-gnu-toolchain/bin/../lib/gcc/avr/5.4.0/../../../../avr/lib/avr6\libc.a(ultoa_invert.o)
                0x00006558                __ultoa_invert
                0x00006614                . = ALIGN (0x2)
 *(.fini9)
 .fini9         0x00006614        0x0 c:/program files (x86)/atmel/studio/7.0/toolchain/avr8/avr8-gnu-toolchain/bin/../lib/gcc/avr/5.4.0/avr6\libgcc.a(_exit.o)
                0x00006614                _exit
                0x00006614                exit
 *(.fini9)
 *(.fini8)
 *(.fini8)
 *(.fini7)
 *(.fini7)
 *(.fini6)
 *(.fini6)
 *(.fini5)
 *(.fini5)
 *(.fini4)
 *(.fini4)
 *(.fini3)
 *(.fini3)
 *(.fini2)
 *(.fini2)
 *(.fini1)
 *(.fini1)
 *(.fini0)
 .fini0         0x00006614        0x4 c:/program files (x86)/atmel/studio/7.0/toolchain/avr8/avr8-gnu-toolchain/bin/../lib/gcc/avr/5.4.0/avr6\libgcc.a(_exit.o)
 *(.fini0)
                0x00006618                _etext = .

.data           0x00800200      0x634 load address 0x00006618
                0x00800200                PROVIDE (__data_start, .)
 *(.data)
 .data          0x00800200        0x6 c:/program files (x86)/atmel/studio/7.0/toolchain/avr8/avr8-gnu-toolchain/bin/../lib/gcc/avr/5.4.0/../../../../avr/lib/avr6\libc.a(malloc.o)
                0x00800200                __malloc_heap_end
                0x00800202                __malloc_heap_start
                0x00800204                __malloc_margin
 *(.data*)
 .data.uxTopUsedPriority
                0x00800206        0x1 FreeRTOS/src/tasks.o
                0x00800206                uxTopUsedPriority
 .data._temp    0x00800207        0x2 ../drivers\libIotLibrary.a(hih8120.o)
 .data._hum     0x00800209        0x2 ../drivers\libIotLibrary.a(hih8120.o)
 .data._com_port_2_udr
                0x0080020b        0x8 ../drivers\libIotLibrary.a(serial.o)
                0x0080020b                _com_port_2_udr
 .data.mystdout.1882
                0x00800213        0xe ../drivers\libIotLibrary.a(stdio_driver.o)
 .data._twiCurrentState
                0x00800221        0x1 ../drivers\libIotLibrary.a(twi.o)
 *(.gnu.linkonce.d*)
 *(.rodata)
 .rodata        0x00800222       0x20 ../drivers\libIotLibrary.a(lora_driver.o)
 .rodata        0x00800242       0x2d ../drivers\libIotLibrary.a(mh_z19.o)
 *(.rodata*)
 .rodata.str1.1
                0x0080026f        0x5 FreeRTOS/src/tasks.o
 .rodata.str1.1
                0x00800274        0x8 FreeRTOS/src/timers.o
 .rodata.str1.1
                0x0080027c       0x24 main.o
 .rodata.str1.1
                0x008002a0        0x8 SourceFiles/CO2Task.o
 .rodata.str1.1
                0x008002a8        0xe SourceFiles/Farmerama.o
 .rodata.str1.1
                0x008002b6       0x18 SourceFiles/HumidityTemperatureTask.o
 .rodata.str1.1
                0x008002ce        0xd SourceFiles/ReceiverTask.o
 .rodata.str1.1
                0x008002db      0x181 SourceFiles/SenderTask.o
 .rodata.str1.1
                0x0080045c      0x102 SourceFiles/ServoTask.o
 .rodata.str1.1
                0x0080055e        0xa SourceFiles/SoundTask.o
 .rodata.str1.1
                0x00800568      0x295 ../drivers\libIotLibrary.a(lora_driver.o)
                                0x2a5 (size before relaxing)
 .rodata._joinMode
                0x008007fd        0x4 ../drivers\libIotLibrary.a(lora_driver.o)
 .rodata._returnCode
                0x00800801       0x33 ../drivers\libIotLibrary.a(lora_driver.o)
                0x00800801                _returnCode
 *(.gnu.linkonce.r*)
                0x00800834                . = ALIGN (0x2)
                0x00800834                _edata = .
                0x00800834                PROVIDE (__data_end, .)

.bss            0x00800834      0xff8
                0x00800834                PROVIDE (__bss_start, .)
 *(.bss)
 *(.bss*)
 .bss.xBlockAllocatedBit
                0x00800834        0x2 FreeRTOS/src/heap_4.o
 .bss.xNumberOfSuccessfulFrees
                0x00800836        0x2 FreeRTOS/src/heap_4.o
 .bss.xNumberOfSuccessfulAllocations
                0x00800838        0x2 FreeRTOS/src/heap_4.o
 .bss.xMinimumEverFreeBytesRemaining
                0x0080083a        0x2 FreeRTOS/src/heap_4.o
 .bss.xFreeBytesRemaining
                0x0080083c        0x2 FreeRTOS/src/heap_4.o
 .bss.pxEnd     0x0080083e        0x2 FreeRTOS/src/heap_4.o
 .bss.xStart    0x00800840        0x4 FreeRTOS/src/heap_4.o
 .bss.ucHeap    0x00800844      0xdac FreeRTOS/src/heap_4.o
 .bss.uxSchedulerSuspended
                0x008015f0        0x1 FreeRTOS/src/tasks.o
 .bss.xIdleTaskHandle
                0x008015f1        0x2 FreeRTOS/src/tasks.o
 .bss.xNextTaskUnblockTime
                0x008015f3        0x4 FreeRTOS/src/tasks.o
 .bss.uxTaskNumber
                0x008015f7        0x1 FreeRTOS/src/tasks.o
 .bss.xNumOfOverflows
                0x008015f8        0x1 FreeRTOS/src/tasks.o
 .bss.xYieldPending
                0x008015f9        0x1 FreeRTOS/src/tasks.o
 .bss.xPendedTicks
                0x008015fa        0x4 FreeRTOS/src/tasks.o
 .bss.xSchedulerRunning
                0x008015fe        0x1 FreeRTOS/src/tasks.o
 .bss.uxTopReadyPriority
                0x008015ff        0x1 FreeRTOS/src/tasks.o
 .bss.xTickCount
                0x00801600        0x4 FreeRTOS/src/tasks.o
 .bss.uxCurrentNumberOfTasks
                0x00801604        0x1 FreeRTOS/src/tasks.o
 .bss.xSuspendedTaskList
                0x00801605        0xb FreeRTOS/src/tasks.o
 .bss.uxDeletedTasksWaitingCleanUp
                0x00801610        0x1 FreeRTOS/src/tasks.o
 .bss.xTasksWaitingTermination
                0x00801611        0xb FreeRTOS/src/tasks.o
 .bss.xPendingReadyList
                0x0080161c        0xb FreeRTOS/src/tasks.o
 .bss.pxOverflowDelayedTaskList
                0x00801627        0x2 FreeRTOS/src/tasks.o
 .bss.pxDelayedTaskList
                0x00801629        0x2 FreeRTOS/src/tasks.o
 .bss.xDelayedTaskList2
                0x0080162b        0xb FreeRTOS/src/tasks.o
 .bss.xDelayedTaskList1
                0x00801636        0xb FreeRTOS/src/tasks.o
 .bss.pxReadyTasksLists
                0x00801641       0x6e FreeRTOS/src/tasks.o
 .bss.pxCurrentTCB
                0x008016af        0x2 FreeRTOS/src/tasks.o
                0x008016af                pxCurrentTCB
 .bss.xLastTime.2436
                0x008016b1        0x4 FreeRTOS/src/timers.o
 .bss.xTimerTaskHandle
                0x008016b5        0x2 FreeRTOS/src/timers.o
 .bss.xTimerQueue
                0x008016b7        0x2 FreeRTOS/src/timers.o
 .bss.pxOverflowTimerList
                0x008016b9        0x2 FreeRTOS/src/timers.o
 .bss.pxCurrentTimerList
                0x008016bb        0x2 FreeRTOS/src/timers.o
 .bss.xActiveTimerList2
                0x008016bd        0xb FreeRTOS/src/timers.o
 .bss.xActiveTimerList1
                0x008016c8        0xb FreeRTOS/src/timers.o
 .bss._mutex    0x008016d3        0x2 main.o
 .bss._doneEventGroup
                0x008016d5        0x2 main.o
 .bss._actEventGroup
                0x008016d7        0x2 main.o
 .bss._servoQueue
                0x008016d9        0x2 main.o
 .bss._soundQueue
                0x008016db        0x2 main.o
 .bss._co2Queue
                0x008016dd        0x2 main.o
 .bss._temperatureQueue
                0x008016df        0x2 main.o
 .bss._humidityQueue
                0x008016e1        0x2 main.o
 .bss._doneEventGroup
                0x008016e3        0x2 SourceFiles/CO2Task.o
 .bss._co2Queue
                0x008016e5        0x2 SourceFiles/CO2Task.o
 .bss._ppmHIGH  0x008016e7        0x2 SourceFiles/Configuration.o
 .bss._ppmLOW   0x008016e9        0x2 SourceFiles/Configuration.o
 .bss._temperatureHIGH
                0x008016eb        0x2 SourceFiles/Configuration.o
 .bss._temperatureLOW
                0x008016ed        0x2 SourceFiles/Configuration.o
 .bss._humidityHIGH
                0x008016ef        0x2 SourceFiles/Configuration.o
 .bss._humidityLOW
                0x008016f1        0x2 SourceFiles/Configuration.o
 .bss._mutex    0x008016f3        0x2 SourceFiles/Configuration.o
 .bss._errorState
                0x008016f5        0x1 SourceFiles/Farmerama.o
 .bss._doneEventGroup
                0x008016f6        0x2 SourceFiles/Farmerama.o
 .bss._actEventGroup
                0x008016f8        0x2 SourceFiles/Farmerama.o
 .bss._servoQueue
                0x008016fa        0x2 SourceFiles/Farmerama.o
 .bss._soundQueue
                0x008016fc        0x2 SourceFiles/Farmerama.o
 .bss._co2Queue
                0x008016fe        0x2 SourceFiles/Farmerama.o
 .bss._temperatureQueue
                0x00801700        0x2 SourceFiles/Farmerama.o
 .bss._humidityQueue
                0x00801702        0x2 SourceFiles/Farmerama.o
 .bss.lastWakeTime
                0x00801704        0x4 SourceFiles/Farmerama.o
 .bss._latestTemperature
                0x00801708        0x2 SourceFiles/HumidityTemperatureTask.o
 .bss._latestHumidity
                0x0080170a        0x2 SourceFiles/HumidityTemperatureTask.o
 .bss._doneEventGroup
                0x0080170c        0x2 SourceFiles/HumidityTemperatureTask.o
 .bss._actEventGroup
                0x0080170e        0x2 SourceFiles/HumidityTemperatureTask.o
 .bss._temperatureQueue
                0x00801710        0x2 SourceFiles/HumidityTemperatureTask.o
 .bss._humidityQueue
                0x00801712        0x2 SourceFiles/HumidityTemperatureTask.o
 .bss._receiverBuffer
                0x00801714        0x2 SourceFiles/ReceiverTask.o
 .bss._senderQueue
                0x00801716        0x2 SourceFiles/SenderTask.o
 .bss._servoQueue
                0x00801718        0x2 SourceFiles/ServoTask.o
 .bss._doneEventGroup
                0x0080171a        0x2 SourceFiles/SoundTask.o
 .bss._soundQueue
                0x0080171c        0x2 SourceFiles/SoundTask.o
 .bss._validationBits
                0x0080171e        0x1 SourceFiles/UplinkMessageBuilder.o
 .bss._measuringIsReady
                0x0080171f        0x1 ../drivers\libIotLibrary.a(hih8120.o)
 .bss._hih8120Handler
                0x00801720        0x2 ../drivers\libIotLibrary.a(hih8120.o)
 .bss._tmp_buf.2871
                0x00801722       0x37 ../drivers\libIotLibrary.a(lora_driver.o)
 .bss._downlinkMessageBuffer
                0x00801759        0x2 ../drivers\libIotLibrary.a(lora_driver.o)
 .bss._serialReplyBufferHandle
                0x0080175b        0x2 ../drivers\libIotLibrary.a(lora_driver.o)
 .bss._rn2483_serial
                0x0080175d        0x2 ../drivers\libIotLibrary.a(lora_driver.o)
 .bss._downlinkPayload
                0x0080175f       0x16 ../drivers\libIotLibrary.a(lora_driver.o)
 .bss._payLoadHexBytes
                0x00801775       0x15 ../drivers\libIotLibrary.a(lora_driver.o)
 .bss._sendMessage
                0x0080178a       0x2d ../drivers\libIotLibrary.a(lora_driver.o)
 .bss._replyMess
                0x008017b7       0x2d ../drivers\libIotLibrary.a(lora_driver.o)
 .bss.data.1944
                0x008017e4        0x2 ../drivers\libIotLibrary.a(mh_z19.o)
 .bss.inDex.1943
                0x008017e6        0x1 ../drivers\libIotLibrary.a(mh_z19.o)
 .bss.crc_sum.1945
                0x008017e7        0x1 ../drivers\libIotLibrary.a(mh_z19.o)
 .bss._appCallBack
                0x008017e8        0x2 ../drivers\libIotLibrary.a(mh_z19.o)
 .bss._mh_state
                0x008017ea        0x1 ../drivers\libIotLibrary.a(mh_z19.o)
                0x008017ea                _mh_state
 .bss._ppm      0x008017eb        0x2 ../drivers\libIotLibrary.a(mh_z19.o)
 .bss._serial   0x008017ed        0x2 ../drivers\libIotLibrary.a(mh_z19.o)
 .bss._lastAdc  0x008017ef        0x2 ../drivers\libIotLibrary.a(sen14262.o)
 .bss._ser_handle
                0x008017f1        0x8 ../drivers\libIotLibrary.a(serial.o)
 .bss._com_serial_instance
                0x008017f9        0x2 ../drivers\libIotLibrary.a(stdio_driver.o)
 .bss._led_status
                0x008017fb       0x18 ../drivers\libIotLibrary.a(status_leds.o)
 .bss._index.1885
                0x00801813        0x1 ../drivers\libIotLibrary.a(twi.o)
 .bss._twiCurrentHandler
                0x00801814        0x2 ../drivers\libIotLibrary.a(twi.o)
 .bss._twiMessageLen
                0x00801816        0x1 ../drivers\libIotLibrary.a(twi.o)
 .bss._twiMessageBuffer
                0x00801817        0xa ../drivers\libIotLibrary.a(twi.o)
 .bss._twiIsInitiated
                0x00801821        0x1 ../drivers\libIotLibrary.a(twi.o)
 *(COMMON)
 COMMON         0x00801822        0x4 c:/program files (x86)/atmel/studio/7.0/toolchain/avr8/avr8-gnu-toolchain/bin/../lib/gcc/avr/5.4.0/../../../../avr/lib/avr6\libc.a(malloc.o)
                0x00801822                __brkval
                0x00801824                __flp
 COMMON         0x00801826        0x6 c:/program files (x86)/atmel/studio/7.0/toolchain/avr8/avr8-gnu-toolchain/bin/../lib/gcc/avr/5.4.0/../../../../avr/lib/avr6\libc.a(iob.o)
                0x00801826                __iob
                0x0080182c                PROVIDE (__bss_end, .)
                0x00006618                __data_load_start = LOADADDR (.data)
                0x00006c4c                __data_load_end = (__data_load_start + SIZEOF (.data))

.noinit         0x0080182c        0x0
                [!provide]                PROVIDE (__noinit_start, .)
 *(.noinit*)
                [!provide]                PROVIDE (__noinit_end, .)
                0x0080182c                _end = .
                0x0080182c                PROVIDE (__heap_start, .)

.eeprom         0x00810000        0x0
 *(.eeprom*)
                0x00810000                __eeprom_end = .

.fuse
 *(.fuse)
 *(.lfuse)
 *(.hfuse)
 *(.efuse)

.lock
 *(.lock*)

.signature
 *(.signature*)

.user_signatures
 *(.user_signatures*)

.stab
 *(.stab)

.stabstr
 *(.stabstr)

.stab.excl
 *(.stab.excl)

.stab.exclstr
 *(.stab.exclstr)

.stab.index
 *(.stab.index)

.stab.indexstr
 *(.stab.indexstr)

.comment        0x00000000       0x5c
 *(.comment)
 .comment       0x00000000       0x30 FreeRTOS/src/event_groups.o
                                 0x31 (size before relaxing)
 .comment       0x00000030       0x31 FreeRTOS/src/heap_4.o
 .comment       0x00000030       0x31 FreeRTOS/src/list.o
 .comment       0x00000030       0x31 FreeRTOS/src/port.o
 .comment       0x00000030       0x31 FreeRTOS/src/queue.o
 .comment       0x00000030       0x31 FreeRTOS/src/stream_buffer.o
 .comment       0x00000030       0x31 FreeRTOS/src/tasks.o
 .comment       0x00000030       0x31 FreeRTOS/src/timers.o
 .comment       0x00000030       0x31 FreeRTOS/src/variantHooks.o
 .comment       0x00000030       0x31 main.o
 .comment       0x00000030       0x31 SourceFiles/CO2Task.o
 .comment       0x00000030       0x31 SourceFiles/Configuration.o
 .comment       0x00000030       0x31 SourceFiles/Farmerama.o
 .comment       0x00000030       0x31 SourceFiles/HumidityTemperatureTask.o
 .comment       0x00000030       0x31 SourceFiles/ReceiverTask.o
 .comment       0x00000030       0x31 SourceFiles/SenderTask.o
 .comment       0x00000030       0x31 SourceFiles/ServoTask.o
 .comment       0x00000030       0x31 SourceFiles/SoundTask.o
 .comment       0x00000030       0x31 SourceFiles/UplinkMessageBuilder.o
 .comment       0x00000030       0x31 ../drivers\libIotLibrary.a(hih8120.o)
 .comment       0x00000030       0x31 ../drivers\libIotLibrary.a(lora_driver.o)
 .comment       0x00000030       0x31 ../drivers\libIotLibrary.a(lora_driver_utils.o)
 .comment       0x00000030       0x31 ../drivers\libIotLibrary.a(mh_z19.o)
 .comment       0x00000030       0x31 ../drivers\libIotLibrary.a(rc_servo.o)
 .comment       0x00000030       0x31 ../drivers\libIotLibrary.a(sen14262.o)
 .comment       0x00000030       0x31 ../drivers\libIotLibrary.a(serial.o)
 .comment       0x00000030       0x31 ../drivers\libIotLibrary.a(stdio_driver.o)
 .comment       0x00000030       0x31 ../drivers\libIotLibrary.a(status_leds.o)
 .comment       0x00000030       0x31 ../drivers\libIotLibrary.a(twi.o)
 .comment       0x00000030       0x31 ../drivers\libIotLibrary.a(fifo.o)
 .comment       0x00000030       0x31 c:/program files (x86)/atmel/studio/7.0/toolchain/avr8/avr8-gnu-toolchain/bin/../lib/gcc/avr/5.4.0/../../../../avr/lib/avr6\libc.a(malloc.o)
 .comment       0x00000030       0x31 c:/program files (x86)/atmel/studio/7.0/toolchain/avr8/avr8-gnu-toolchain/bin/../lib/gcc/avr/5.4.0/../../../../avr/lib/avr6\libc.a(iob.o)
 .comment       0x00000030       0x31 c:/program files (x86)/atmel/studio/7.0/toolchain/avr8/avr8-gnu-toolchain/bin/../lib/gcc/avr/5.4.0/../../../../avr/lib/avr6\libc.a(printf.o)
 .comment       0x00000030       0x31 c:/program files (x86)/atmel/studio/7.0/toolchain/avr8/avr8-gnu-toolchain/bin/../lib/gcc/avr/5.4.0/../../../../avr/lib/avr6\libc.a(puts.o)
 .comment       0x00000030       0x31 c:/program files (x86)/atmel/studio/7.0/toolchain/avr8/avr8-gnu-toolchain/bin/../lib/gcc/avr/5.4.0/../../../../avr/lib/avr6\libc.a(sprintf.o)
 .comment       0x00000030       0x2c c:/program files (x86)/atmel/studio/7.0/toolchain/avr8/avr8-gnu-toolchain/bin/../lib/gcc/avr/5.4.0/../../../../avr/lib/avr6\libc.a(vfprintf_std.o)
                                 0x2d (size before relaxing)
 .comment       0x0000005c       0x31 c:/program files (x86)/atmel/studio/7.0/toolchain/avr8/avr8-gnu-toolchain/bin/../lib/gcc/avr/5.4.0/../../../../avr/lib/avr6\libc.a(fputc.o)

.note.gnu.avr.deviceinfo
                0x00000000       0x40
 .note.gnu.avr.deviceinfo
                0x00000000       0x40 C:/Program Files (x86)/Atmel/Studio/7.0/Packs/atmel/ATmega_DFP/1.7.374/gcc/dev/atmega2560/avr6/crtatmega2560.o

.note.gnu.build-id
 *(.note.gnu.build-id)

.debug
 *(.debug)

.line
 *(.line)

.debug_srcinfo
 *(.debug_srcinfo)

.debug_sfnames
 *(.debug_sfnames)

.debug_aranges  0x00000000      0xc88
 *(.debug_aranges)
 .debug_aranges
                0x00000000       0x68 FreeRTOS/src/event_groups.o
 .debug_aranges
                0x00000068       0x58 FreeRTOS/src/heap_4.o
 .debug_aranges
                0x000000c0       0x40 FreeRTOS/src/list.o
 .debug_aranges
                0x00000100       0x58 FreeRTOS/src/port.o
 .debug_aranges
                0x00000158       0xf8 FreeRTOS/src/queue.o
 .debug_aranges
                0x00000250       0xc0 FreeRTOS/src/stream_buffer.o
 .debug_aranges
                0x00000310      0x1d0 FreeRTOS/src/tasks.o
 .debug_aranges
                0x000004e0       0xc8 FreeRTOS/src/timers.o
 .debug_aranges
                0x000005a8       0x40 FreeRTOS/src/variantHooks.o
 .debug_aranges
                0x000005e8       0x48 main.o
 .debug_aranges
                0x00000630       0x40 SourceFiles/CO2Task.o
 .debug_aranges
                0x00000670       0x58 SourceFiles/Configuration.o
 .debug_aranges
                0x000006c8       0x38 SourceFiles/Farmerama.o
 .debug_aranges
                0x00000700       0x38 SourceFiles/HumidityTemperatureTask.o
 .debug_aranges
                0x00000738       0x38 SourceFiles/ReceiverTask.o
 .debug_aranges
                0x00000770       0x40 SourceFiles/SenderTask.o
 .debug_aranges
                0x000007b0       0x38 SourceFiles/ServoTask.o
 .debug_aranges
                0x000007e8       0x38 SourceFiles/SoundTask.o
 .debug_aranges
                0x00000820       0x40 SourceFiles/UplinkMessageBuilder.o
 .debug_aranges
                0x00000860       0x68 ../drivers\libIotLibrary.a(hih8120.o)
 .debug_aranges
                0x000008c8      0x138 ../drivers\libIotLibrary.a(lora_driver.o)
 .debug_aranges
                0x00000a00       0x28 ../drivers\libIotLibrary.a(lora_driver_utils.o)
 .debug_aranges
                0x00000a28       0x58 ../drivers\libIotLibrary.a(mh_z19.o)
 .debug_aranges
                0x00000a80       0x28 ../drivers\libIotLibrary.a(rc_servo.o)
 .debug_aranges
                0x00000aa8       0x40 ../drivers\libIotLibrary.a(sen14262.o)
 .debug_aranges
                0x00000ae8       0x90 ../drivers\libIotLibrary.a(serial.o)
 .debug_aranges
                0x00000b78       0x38 ../drivers\libIotLibrary.a(stdio_driver.o)
 .debug_aranges
                0x00000bb0       0x68 ../drivers\libIotLibrary.a(status_leds.o)
 .debug_aranges
                0x00000c18       0x50 ../drivers\libIotLibrary.a(twi.o)
 .debug_aranges
                0x00000c68       0x20 ../drivers\libIotLibrary.a(fifo.o)

.debug_pubnames
 *(.debug_pubnames)

.debug_info     0x00000000     0xec79
 *(.debug_info .gnu.linkonce.wi.*)
 .debug_info    0x00000000      0xbbc C:/Program Files (x86)/Atmel/Studio/7.0/Packs/atmel/ATmega_DFP/1.7.374/gcc/dev/atmega2560/avr6/crtatmega2560.o
 .debug_info    0x00000bbc      0x971 FreeRTOS/src/event_groups.o
 .debug_info    0x0000152d      0x4e6 FreeRTOS/src/heap_4.o
 .debug_info    0x00001a13      0x2e7 FreeRTOS/src/list.o
 .debug_info    0x00001cfa      0x2ff FreeRTOS/src/port.o
 .debug_info    0x00001ff9     0x17e6 FreeRTOS/src/queue.o
 .debug_info    0x000037df     0x13df FreeRTOS/src/stream_buffer.o
 .debug_info    0x00004bbe     0x2239 FreeRTOS/src/tasks.o
 .debug_info    0x00006df7     0x10dd FreeRTOS/src/timers.o
 .debug_info    0x00007ed4      0x20f FreeRTOS/src/variantHooks.o
 .debug_info    0x000080e3      0x517 main.o
 .debug_info    0x000085fa      0x38f SourceFiles/CO2Task.o
 .debug_info    0x00008989      0x521 SourceFiles/Configuration.o
 .debug_info    0x00008eaa      0x62b SourceFiles/Farmerama.o
 .debug_info    0x000094d5      0x425 SourceFiles/HumidityTemperatureTask.o
 .debug_info    0x000098fa      0x265 SourceFiles/ReceiverTask.o
 .debug_info    0x00009b5f      0x757 SourceFiles/SenderTask.o
 .debug_info    0x0000a2b6      0x3d3 SourceFiles/ServoTask.o
 .debug_info    0x0000a689      0x2f5 SourceFiles/SoundTask.o
 .debug_info    0x0000a97e      0x18b SourceFiles/UplinkMessageBuilder.o
 .debug_info    0x0000ab09      0x3a9 ../drivers\libIotLibrary.a(hih8120.o)
 .debug_info    0x0000aeb2     0x1747 ../drivers\libIotLibrary.a(lora_driver.o)
 .debug_info    0x0000c5f9      0x143 ../drivers\libIotLibrary.a(lora_driver_utils.o)
 .debug_info    0x0000c73c      0x556 ../drivers\libIotLibrary.a(mh_z19.o)
 .debug_info    0x0000cc92      0x10f ../drivers\libIotLibrary.a(rc_servo.o)
 .debug_info    0x0000cda1      0x144 ../drivers\libIotLibrary.a(sen14262.o)
 .debug_info    0x0000cee5      0xd9c ../drivers\libIotLibrary.a(serial.o)
 .debug_info    0x0000dc81      0x3b6 ../drivers\libIotLibrary.a(stdio_driver.o)
 .debug_info    0x0000e037      0x522 ../drivers\libIotLibrary.a(status_leds.o)
 .debug_info    0x0000e559      0x55d ../drivers\libIotLibrary.a(twi.o)
 .debug_info    0x0000eab6      0x1c3 ../drivers\libIotLibrary.a(fifo.o)

.debug_abbrev   0x00000000     0x3b4e
 *(.debug_abbrev)
 .debug_abbrev  0x00000000      0xb1a C:/Program Files (x86)/Atmel/Studio/7.0/Packs/atmel/ATmega_DFP/1.7.374/gcc/dev/atmega2560/avr6/crtatmega2560.o
 .debug_abbrev  0x00000b1a      0x1dc FreeRTOS/src/event_groups.o
 .debug_abbrev  0x00000cf6      0x200 FreeRTOS/src/heap_4.o
 .debug_abbrev  0x00000ef6       0xff FreeRTOS/src/list.o
 .debug_abbrev  0x00000ff5      0x179 FreeRTOS/src/port.o
 .debug_abbrev  0x0000116e      0x241 FreeRTOS/src/queue.o
 .debug_abbrev  0x000013af      0x246 FreeRTOS/src/stream_buffer.o
 .debug_abbrev  0x000015f5      0x2c8 FreeRTOS/src/tasks.o
 .debug_abbrev  0x000018bd      0x28c FreeRTOS/src/timers.o
 .debug_abbrev  0x00001b49       0xff FreeRTOS/src/variantHooks.o
 .debug_abbrev  0x00001c48      0x12c main.o
 .debug_abbrev  0x00001d74      0x16b SourceFiles/CO2Task.o
 .debug_abbrev  0x00001edf       0xf4 SourceFiles/Configuration.o
 .debug_abbrev  0x00001fd3      0x13d SourceFiles/Farmerama.o
 .debug_abbrev  0x00002110      0x13b SourceFiles/HumidityTemperatureTask.o
 .debug_abbrev  0x0000224b      0x141 SourceFiles/ReceiverTask.o
 .debug_abbrev  0x0000238c      0x1ae SourceFiles/SenderTask.o
 .debug_abbrev  0x0000253a      0x130 SourceFiles/ServoTask.o
 .debug_abbrev  0x0000266a      0x12e SourceFiles/SoundTask.o
 .debug_abbrev  0x00002798       0x94 SourceFiles/UplinkMessageBuilder.o
 .debug_abbrev  0x0000282c      0x184 ../drivers\libIotLibrary.a(hih8120.o)
 .debug_abbrev  0x000029b0      0x33b ../drivers\libIotLibrary.a(lora_driver.o)
 .debug_abbrev  0x00002ceb       0xc0 ../drivers\libIotLibrary.a(lora_driver_utils.o)
 .debug_abbrev  0x00002dab      0x238 ../drivers\libIotLibrary.a(mh_z19.o)
 .debug_abbrev  0x00002fe3       0xbc ../drivers\libIotLibrary.a(rc_servo.o)
 .debug_abbrev  0x0000309f       0xd1 ../drivers\libIotLibrary.a(sen14262.o)
 .debug_abbrev  0x00003170      0x355 ../drivers\libIotLibrary.a(serial.o)
 .debug_abbrev  0x000034c5      0x1b3 ../drivers\libIotLibrary.a(stdio_driver.o)
 .debug_abbrev  0x00003678      0x1d7 ../drivers\libIotLibrary.a(status_leds.o)
 .debug_abbrev  0x0000384f      0x217 ../drivers\libIotLibrary.a(twi.o)
 .debug_abbrev  0x00003a66       0xe8 ../drivers\libIotLibrary.a(fifo.o)

.debug_line     0x00000000     0x752f
 *(.debug_line .debug_line.* .debug_line_end)
 .debug_line    0x00000000      0x1fa C:/Program Files (x86)/Atmel/Studio/7.0/Packs/atmel/ATmega_DFP/1.7.374/gcc/dev/atmega2560/avr6/crtatmega2560.o
 .debug_line    0x000001fa      0x413 FreeRTOS/src/event_groups.o
 .debug_line    0x0000060d      0x41f FreeRTOS/src/heap_4.o
 .debug_line    0x00000a2c      0x1db FreeRTOS/src/list.o
 .debug_line    0x00000c07      0x28a FreeRTOS/src/port.o
 .debug_line    0x00000e91      0xbe3 FreeRTOS/src/queue.o
 .debug_line    0x00001a74      0x79a FreeRTOS/src/stream_buffer.o
 .debug_line    0x0000220e     0x15ba FreeRTOS/src/tasks.o
 .debug_line    0x000037c8      0x624 FreeRTOS/src/timers.o
 .debug_line    0x00003dec      0x1af FreeRTOS/src/variantHooks.o
 .debug_line    0x00003f9b      0x301 main.o
 .debug_line    0x0000429c      0x19d SourceFiles/CO2Task.o
 .debug_line    0x00004439      0x24c SourceFiles/Configuration.o
 .debug_line    0x00004685      0x244 SourceFiles/Farmerama.o
 .debug_line    0x000048c9      0x1d5 SourceFiles/HumidityTemperatureTask.o
 .debug_line    0x00004a9e      0x177 SourceFiles/ReceiverTask.o
 .debug_line    0x00004c15      0x23f SourceFiles/SenderTask.o
 .debug_line    0x00004e54      0x1f5 SourceFiles/ServoTask.o
 .debug_line    0x00005049      0x17f SourceFiles/SoundTask.o
 .debug_line    0x000051c8      0x12b SourceFiles/UplinkMessageBuilder.o
 .debug_line    0x000052f3      0x24a ../drivers\libIotLibrary.a(hih8120.o)
 .debug_line    0x0000553d      0x9aa ../drivers\libIotLibrary.a(lora_driver.o)
 .debug_line    0x00005ee7      0x195 ../drivers\libIotLibrary.a(lora_driver_utils.o)
 .debug_line    0x0000607c      0x2fc ../drivers\libIotLibrary.a(mh_z19.o)
 .debug_line    0x00006378       0xfd ../drivers\libIotLibrary.a(rc_servo.o)
 .debug_line    0x00006475      0x170 ../drivers\libIotLibrary.a(sen14262.o)
 .debug_line    0x000065e5      0x6a1 ../drivers\libIotLibrary.a(serial.o)
 .debug_line    0x00006c86      0x146 ../drivers\libIotLibrary.a(stdio_driver.o)
 .debug_line    0x00006dcc      0x32c ../drivers\libIotLibrary.a(status_leds.o)
 .debug_line    0x000070f8      0x31c ../drivers\libIotLibrary.a(twi.o)
 .debug_line    0x00007414      0x11b ../drivers\libIotLibrary.a(fifo.o)

.debug_frame    0x00000000     0x2af4
 *(.debug_frame)
 .debug_frame   0x00000000      0x1dc FreeRTOS/src/event_groups.o
 .debug_frame   0x000001dc       0xfc FreeRTOS/src/heap_4.o
 .debug_frame   0x000002d8       0x90 FreeRTOS/src/list.o
 .debug_frame   0x00000368       0x94 FreeRTOS/src/port.o
 .debug_frame   0x000003fc      0x3a4 FreeRTOS/src/queue.o
 .debug_frame   0x000007a0      0x40c FreeRTOS/src/stream_buffer.o
 .debug_frame   0x00000bac      0x7a0 FreeRTOS/src/tasks.o
 .debug_frame   0x0000134c      0x3ac FreeRTOS/src/timers.o
 .debug_frame   0x000016f8       0x64 FreeRTOS/src/variantHooks.o
 .debug_frame   0x0000175c       0x9c main.o
 .debug_frame   0x000017f8       0xa8 SourceFiles/CO2Task.o
 .debug_frame   0x000018a0       0xfc SourceFiles/Configuration.o
 .debug_frame   0x0000199c       0xa8 SourceFiles/Farmerama.o
 .debug_frame   0x00001a44       0x80 SourceFiles/HumidityTemperatureTask.o
 .debug_frame   0x00001ac4       0x80 SourceFiles/ReceiverTask.o
 .debug_frame   0x00001b44       0xa0 SourceFiles/SenderTask.o
 .debug_frame   0x00001be4       0x80 SourceFiles/ServoTask.o
 .debug_frame   0x00001c64       0x90 SourceFiles/SoundTask.o
 .debug_frame   0x00001cf4       0x64 SourceFiles/UplinkMessageBuilder.o
 .debug_frame   0x00001d58       0xc0 ../drivers\libIotLibrary.a(hih8120.o)
 .debug_frame   0x00001e18      0x460 ../drivers\libIotLibrary.a(lora_driver.o)
 .debug_frame   0x00002278       0x48 ../drivers\libIotLibrary.a(lora_driver_utils.o)
 .debug_frame   0x000022c0      0x100 ../drivers\libIotLibrary.a(mh_z19.o)
 .debug_frame   0x000023c0       0x34 ../drivers\libIotLibrary.a(rc_servo.o)
 .debug_frame   0x000023f4       0xac ../drivers\libIotLibrary.a(sen14262.o)
 .debug_frame   0x000024a0      0x384 ../drivers\libIotLibrary.a(serial.o)
 .debug_frame   0x00002824       0x94 ../drivers\libIotLibrary.a(stdio_driver.o)
 .debug_frame   0x000028b8       0xec ../drivers\libIotLibrary.a(status_leds.o)
 .debug_frame   0x000029a4      0x12c ../drivers\libIotLibrary.a(twi.o)
 .debug_frame   0x00002ad0       0x24 ../drivers\libIotLibrary.a(fifo.o)

.debug_str      0x00000000     0x4639
 *(.debug_str)
 .debug_str     0x00000000      0x3e6 C:/Program Files (x86)/Atmel/Studio/7.0/Packs/atmel/ATmega_DFP/1.7.374/gcc/dev/atmega2560/avr6/crtatmega2560.o
 .debug_str     0x000003e6      0x4f3 FreeRTOS/src/event_groups.o
                                0x574 (size before relaxing)
 .debug_str     0x000008d9      0x2ce FreeRTOS/src/heap_4.o
                                0x46a (size before relaxing)
 .debug_str     0x00000ba7       0x89 FreeRTOS/src/list.o
                                0x2a6 (size before relaxing)
 .debug_str     0x00000c30      0x15d FreeRTOS/src/port.o
                                0x2db (size before relaxing)
 .debug_str     0x00000d8d      0x652 FreeRTOS/src/queue.o
                                0x91a (size before relaxing)
 .debug_str     0x000013df      0x4ed FreeRTOS/src/stream_buffer.o
                                0x7a3 (size before relaxing)
 .debug_str     0x000018cc      0x8c8 FreeRTOS/src/tasks.o
                                0xf3b (size before relaxing)
 .debug_str     0x00002194      0x414 FreeRTOS/src/timers.o
                                0x811 (size before relaxing)
 .debug_str     0x000025a8       0x81 FreeRTOS/src/variantHooks.o
                                0x252 (size before relaxing)
 .debug_str     0x00002629      0x233 main.o
                                0x402 (size before relaxing)
 .debug_str     0x0000285c       0xcf SourceFiles/CO2Task.o
                                0x31c (size before relaxing)
 .debug_str     0x0000292b      0x17e SourceFiles/Configuration.o
                                0x36c (size before relaxing)
 .debug_str     0x00002aa9      0x127 SourceFiles/Farmerama.o
                                0x468 (size before relaxing)
 .debug_str     0x00002bd0      0x14f SourceFiles/HumidityTemperatureTask.o
                                0x3f8 (size before relaxing)
 .debug_str     0x00002d1f       0x8a SourceFiles/ReceiverTask.o
                                0x280 (size before relaxing)
 .debug_str     0x00002da9      0x3d5 SourceFiles/SenderTask.o
                                0x5ef (size before relaxing)
 .debug_str     0x0000317e       0x70 SourceFiles/ServoTask.o
                                0x2bb (size before relaxing)
 .debug_str     0x000031ee       0x52 SourceFiles/SoundTask.o
                                0x2b7 (size before relaxing)
 .debug_str     0x00003240       0x59 SourceFiles/UplinkMessageBuilder.o
                                0x26d (size before relaxing)
 .debug_str     0x00003299      0x2ee ../drivers\libIotLibrary.a(hih8120.o)
                                0x45c (size before relaxing)
 .debug_str     0x00003587      0x69f ../drivers\libIotLibrary.a(lora_driver.o)
                                0xcdb (size before relaxing)
 .debug_str     0x00003c26       0x4f ../drivers\libIotLibrary.a(lora_driver_utils.o)
                                0x206 (size before relaxing)
 .debug_str     0x00003c75      0x126 ../drivers\libIotLibrary.a(mh_z19.o)
                                0x489 (size before relaxing)
 .debug_str     0x00003d9b       0x3c ../drivers\libIotLibrary.a(rc_servo.o)
                                0x1e2 (size before relaxing)
 .debug_str     0x00003dd7       0x6a ../drivers\libIotLibrary.a(sen14262.o)
                                0x20c (size before relaxing)
 .debug_str     0x00003e41      0x2e7 ../drivers\libIotLibrary.a(serial.o)
                                0x628 (size before relaxing)
 .debug_str     0x00004128       0xa6 ../drivers\libIotLibrary.a(stdio_driver.o)
                                0x37d (size before relaxing)
 .debug_str     0x000041ce      0x15a ../drivers\libIotLibrary.a(status_leds.o)
                                0x381 (size before relaxing)
 .debug_str     0x00004328      0x2ef ../drivers\libIotLibrary.a(twi.o)
                                0x5b4 (size before relaxing)
 .debug_str     0x00004617       0x22 ../drivers\libIotLibrary.a(fifo.o)
                                0x239 (size before relaxing)

.debug_loc      0x00000000     0xccaf
 *(.debug_loc)
 .debug_loc     0x00000000      0xcc9 FreeRTOS/src/event_groups.o
 .debug_loc     0x00000cc9      0x4be FreeRTOS/src/heap_4.o
 .debug_loc     0x00001187      0x17d FreeRTOS/src/list.o
 .debug_loc     0x00001304       0xf6 FreeRTOS/src/port.o
 .debug_loc     0x000013fa     0x1abd FreeRTOS/src/queue.o
 .debug_loc     0x00002eb7     0x1daf FreeRTOS/src/stream_buffer.o
 .debug_loc     0x00004c66     0x2a07 FreeRTOS/src/tasks.o
 .debug_loc     0x0000766d     0x10f3 FreeRTOS/src/timers.o
 .debug_loc     0x00008760       0xdc FreeRTOS/src/variantHooks.o
 .debug_loc     0x0000883c       0x7d main.o
 .debug_loc     0x000088b9      0x201 SourceFiles/CO2Task.o
 .debug_loc     0x00008aba      0x255 SourceFiles/Configuration.o
 .debug_loc     0x00008d0f      0x308 SourceFiles/Farmerama.o
 .debug_loc     0x00009017      0x166 SourceFiles/HumidityTemperatureTask.o
 .debug_loc     0x0000917d       0xd2 SourceFiles/ReceiverTask.o
 .debug_loc     0x0000924f      0x1cb SourceFiles/SenderTask.o
 .debug_loc     0x0000941a      0x16e SourceFiles/ServoTask.o
 .debug_loc     0x00009588      0x155 SourceFiles/SoundTask.o
 .debug_loc     0x000096dd       0x98 SourceFiles/UplinkMessageBuilder.o
 .debug_loc     0x00009775       0x9f ../drivers\libIotLibrary.a(hih8120.o)
 .debug_loc     0x00009814     0x1216 ../drivers\libIotLibrary.a(lora_driver.o)
 .debug_loc     0x0000aa2a      0x1d2 ../drivers\libIotLibrary.a(lora_driver_utils.o)
 .debug_loc     0x0000abfc      0x37c ../drivers\libIotLibrary.a(mh_z19.o)
 .debug_loc     0x0000af78       0x2f ../drivers\libIotLibrary.a(rc_servo.o)
 .debug_loc     0x0000afa7       0xcb ../drivers\libIotLibrary.a(sen14262.o)
 .debug_loc     0x0000b072     0x114c ../drivers\libIotLibrary.a(serial.o)
 .debug_loc     0x0000c1be      0x18c ../drivers\libIotLibrary.a(stdio_driver.o)
 .debug_loc     0x0000c34a      0x292 ../drivers\libIotLibrary.a(status_leds.o)
 .debug_loc     0x0000c5dc      0x575 ../drivers\libIotLibrary.a(twi.o)
 .debug_loc     0x0000cb51      0x15e ../drivers\libIotLibrary.a(fifo.o)

.debug_macinfo
 *(.debug_macinfo)

.debug_weaknames
 *(.debug_weaknames)

.debug_funcnames
 *(.debug_funcnames)

.debug_typenames
 *(.debug_typenames)

.debug_varnames
 *(.debug_varnames)

.debug_pubtypes
 *(.debug_pubtypes)

.debug_ranges   0x00000000      0xb78
 *(.debug_ranges)
 .debug_ranges  0x00000000       0x70 FreeRTOS/src/event_groups.o
 .debug_ranges  0x00000070       0x48 FreeRTOS/src/heap_4.o
 .debug_ranges  0x000000b8       0x30 FreeRTOS/src/list.o
 .debug_ranges  0x000000e8       0x48 FreeRTOS/src/port.o
 .debug_ranges  0x00000130      0x130 FreeRTOS/src/queue.o
 .debug_ranges  0x00000260       0xb0 FreeRTOS/src/stream_buffer.o
 .debug_ranges  0x00000310      0x200 FreeRTOS/src/tasks.o
 .debug_ranges  0x00000510       0xb8 FreeRTOS/src/timers.o
 .debug_ranges  0x000005c8       0x30 FreeRTOS/src/variantHooks.o
 .debug_ranges  0x000005f8       0x38 main.o
 .debug_ranges  0x00000630       0x30 SourceFiles/CO2Task.o
 .debug_ranges  0x00000660       0x48 SourceFiles/Configuration.o
 .debug_ranges  0x000006a8       0x28 SourceFiles/Farmerama.o
 .debug_ranges  0x000006d0       0x28 SourceFiles/HumidityTemperatureTask.o
 .debug_ranges  0x000006f8       0x28 SourceFiles/ReceiverTask.o
 .debug_ranges  0x00000720       0x30 SourceFiles/SenderTask.o
 .debug_ranges  0x00000750       0x28 SourceFiles/ServoTask.o
 .debug_ranges  0x00000778       0x28 SourceFiles/SoundTask.o
 .debug_ranges  0x000007a0       0x30 SourceFiles/UplinkMessageBuilder.o
 .debug_ranges  0x000007d0       0x58 ../drivers\libIotLibrary.a(hih8120.o)
 .debug_ranges  0x00000828      0x128 ../drivers\libIotLibrary.a(lora_driver.o)
 .debug_ranges  0x00000950       0x30 ../drivers\libIotLibrary.a(lora_driver_utils.o)
 .debug_ranges  0x00000980       0x48 ../drivers\libIotLibrary.a(mh_z19.o)
 .debug_ranges  0x000009c8       0x18 ../drivers\libIotLibrary.a(rc_servo.o)
 .debug_ranges  0x000009e0       0x30 ../drivers\libIotLibrary.a(sen14262.o)
 .debug_ranges  0x00000a10       0x98 ../drivers\libIotLibrary.a(serial.o)
 .debug_ranges  0x00000aa8       0x28 ../drivers\libIotLibrary.a(stdio_driver.o)
 .debug_ranges  0x00000ad0       0x58 ../drivers\libIotLibrary.a(status_leds.o)
 .debug_ranges  0x00000b28       0x40 ../drivers\libIotLibrary.a(twi.o)
 .debug_ranges  0x00000b68       0x10 ../drivers\libIotLibrary.a(fifo.o)

.debug_macro
 *(.debug_macro)
OUTPUT(CEMS.elf elf32-avr)
LOAD linker stubs
