Archive member included to satisfy reference by file (symbol)

../drivers\libIotLibrary.a(hih8120.o)
                              main.o (hih8120_initialise)
../drivers\libIotLibrary.a(lora_driver.o)
                              SourceFiles/SenderTask.o (lora_driver_flushBuffers)
../drivers\libIotLibrary.a(lora_driver_utils.o)
                              ../drivers\libIotLibrary.a(lora_driver.o) (decode_port_no)
../drivers\libIotLibrary.a(mh_z19.o)
                              main.o (mh_z19_initialise)
../drivers\libIotLibrary.a(rc_servo.o)
                              SourceFiles/ServoTask.o (rc_servo_setPosition)
../drivers\libIotLibrary.a(sen14262.o)
                              main.o (sen14262_initialise)
../drivers\libIotLibrary.a(serial.o)
                              ../drivers\libIotLibrary.a(lora_driver.o) (serial_create)
../drivers\libIotLibrary.a(stdio_driver.o)
                              main.o (stdio_initialise)
../drivers\libIotLibrary.a(status_leds.o)
                              SourceFiles/SenderTask.o (status_leds_slowBlink)
../drivers\libIotLibrary.a(twi.o)
                              ../drivers\libIotLibrary.a(hih8120.o) (twiCreate)
../drivers\libIotLibrary.a(fifo.o)
                              ../drivers\libIotLibrary.a(serial.o) (fifo_init)
c:/program files (x86)/atmel/studio/7.0/toolchain/avr8/avr8-gnu-toolchain/bin/../lib/gcc/avr/5.4.0/../../../../avr/lib/avr6\libm.a(addsf3.o)
                              ../drivers\libIotLibrary.a(hih8120.o) (__subsf3)
c:/program files (x86)/atmel/studio/7.0/toolchain/avr8/avr8-gnu-toolchain/bin/../lib/gcc/avr/5.4.0/../../../../avr/lib/avr6\libm.a(addsf3x.o)
                              c:/program files (x86)/atmel/studio/7.0/toolchain/avr8/avr8-gnu-toolchain/bin/../lib/gcc/avr/5.4.0/../../../../avr/lib/avr6\libm.a(addsf3.o) (__addsf3x)
c:/program files (x86)/atmel/studio/7.0/toolchain/avr8/avr8-gnu-toolchain/bin/../lib/gcc/avr/5.4.0/../../../../avr/lib/avr6\libm.a(divsf3.o)
                              ../drivers\libIotLibrary.a(hih8120.o) (__divsf3)
c:/program files (x86)/atmel/studio/7.0/toolchain/avr8/avr8-gnu-toolchain/bin/../lib/gcc/avr/5.4.0/../../../../avr/lib/avr6\libm.a(divsf3x.o)
                              c:/program files (x86)/atmel/studio/7.0/toolchain/avr8/avr8-gnu-toolchain/bin/../lib/gcc/avr/5.4.0/../../../../avr/lib/avr6\libm.a(divsf3.o) (__divsf3x)
c:/program files (x86)/atmel/studio/7.0/toolchain/avr8/avr8-gnu-toolchain/bin/../lib/gcc/avr/5.4.0/../../../../avr/lib/avr6\libm.a(fixsfsi.o)
                              ../drivers\libIotLibrary.a(hih8120.o) (__fixsfsi)
c:/program files (x86)/atmel/studio/7.0/toolchain/avr8/avr8-gnu-toolchain/bin/../lib/gcc/avr/5.4.0/../../../../avr/lib/avr6\libm.a(fixunssfsi.o)
                              ../drivers\libIotLibrary.a(hih8120.o) (__fixunssfsi)
c:/program files (x86)/atmel/studio/7.0/toolchain/avr8/avr8-gnu-toolchain/bin/../lib/gcc/avr/5.4.0/../../../../avr/lib/avr6\libm.a(floatsisf.o)
                              ../drivers\libIotLibrary.a(hih8120.o) (__floatunsisf)
c:/program files (x86)/atmel/studio/7.0/toolchain/avr8/avr8-gnu-toolchain/bin/../lib/gcc/avr/5.4.0/../../../../avr/lib/avr6\libm.a(fp_inf.o)
                              c:/program files (x86)/atmel/studio/7.0/toolchain/avr8/avr8-gnu-toolchain/bin/../lib/gcc/avr/5.4.0/../../../../avr/lib/avr6\libm.a(addsf3x.o) (__fp_inf)
c:/program files (x86)/atmel/studio/7.0/toolchain/avr8/avr8-gnu-toolchain/bin/../lib/gcc/avr/5.4.0/../../../../avr/lib/avr6\libm.a(fp_nan.o)
                              c:/program files (x86)/atmel/studio/7.0/toolchain/avr8/avr8-gnu-toolchain/bin/../lib/gcc/avr/5.4.0/../../../../avr/lib/avr6\libm.a(addsf3x.o) (__fp_nan)
c:/program files (x86)/atmel/studio/7.0/toolchain/avr8/avr8-gnu-toolchain/bin/../lib/gcc/avr/5.4.0/../../../../avr/lib/avr6\libm.a(fp_pscA.o)
                              c:/program files (x86)/atmel/studio/7.0/toolchain/avr8/avr8-gnu-toolchain/bin/../lib/gcc/avr/5.4.0/../../../../avr/lib/avr6\libm.a(addsf3x.o) (__fp_pscA)
c:/program files (x86)/atmel/studio/7.0/toolchain/avr8/avr8-gnu-toolchain/bin/../lib/gcc/avr/5.4.0/../../../../avr/lib/avr6\libm.a(fp_pscB.o)
                              c:/program files (x86)/atmel/studio/7.0/toolchain/avr8/avr8-gnu-toolchain/bin/../lib/gcc/avr/5.4.0/../../../../avr/lib/avr6\libm.a(addsf3x.o) (__fp_pscB)
c:/program files (x86)/atmel/studio/7.0/toolchain/avr8/avr8-gnu-toolchain/bin/../lib/gcc/avr/5.4.0/../../../../avr/lib/avr6\libm.a(fp_round.o)
                              c:/program files (x86)/atmel/studio/7.0/toolchain/avr8/avr8-gnu-toolchain/bin/../lib/gcc/avr/5.4.0/../../../../avr/lib/avr6\libm.a(addsf3.o) (__fp_round)
c:/program files (x86)/atmel/studio/7.0/toolchain/avr8/avr8-gnu-toolchain/bin/../lib/gcc/avr/5.4.0/../../../../avr/lib/avr6\libm.a(fp_split3.o)
[...]
Memory Configuration

Name             Origin             Length             Attributes
text             0x00000000         0x00040000         xr
data             0x00800200         0x00002000         rw !x
eeprom           0x00810000         0x00001000         rw !x
fuse             0x00820000         0x00000003         rw !x
lock             0x00830000         0x00000400         rw !x
signature        0x00840000         0x00000400         rw !x
user_signatures  0x00850000         0x00000400         rw !x
*default*        0x00000000         0xffffffff

Linker script and memory map

Address of section .data set to 0x800200
LOAD C:/Program Files (x86)/Atmel/Studio/7.0/Packs/atmel/ATmega_DFP/1.6.364/gcc/dev/atmega2560/avr6/crtatmega2560.o
LOAD FreeRTOS/FreeRTOSTraceDriver/FreeRTOSTraceDriver.o
LOAD FreeRTOS/src/croutine.o
LOAD FreeRTOS/src/event_groups.o
LOAD FreeRTOS/src/heap_4.o
LOAD FreeRTOS/src/list.o
LOAD FreeRTOS/src/port.o
LOAD FreeRTOS/src/queue.o
LOAD FreeRTOS/src/stream_buffer.o
LOAD FreeRTOS/src/tasks.o
LOAD FreeRTOS/src/timers.o
LOAD FreeRTOS/src/variantHooks.o
LOAD main.o
LOAD SourceFiles/CO2Task.o
LOAD SourceFiles/Configuration.o
LOAD SourceFiles/Farmerama.o
LOAD SourceFiles/ReceiverTask.o
LOAD SourceFiles/SenderTask.o
LOAD SourceFiles/HumidityTemperatureTask.o
LOAD SourceFiles/ServoTask.o
LOAD SourceFiles/SoundTask.o
LOAD SourceFiles/UplinkMessageBuilder.o
START GROUP
LOAD c:/program files (x86)/atmel/studio/7.0/toolchain/avr8/avr8-gnu-toolchain/bin/../lib/gcc/avr/5.4.0/../../../../avr/lib/avr6\libm.a
LOAD ../drivers\libIotLibrary.a
END GROUP
START GROUP
LOAD c:/program files (x86)/atmel/studio/7.0/toolchain/avr8/avr8-gnu-toolchain/bin/../lib/gcc/avr/5.4.0/avr6\libgcc.a
LOAD c:/program files (x86)/atmel/studio/7.0/toolchain/avr8/avr8-gnu-toolchain/bin/../lib/gcc/avr/5.4.0/../../../../avr/lib/avr6\libm.a
LOAD c:/program files (x86)/atmel/studio/7.0/toolchain/avr8/avr8-gnu-toolchain/bin/../lib/gcc/avr/5.4.0/../../../../avr/lib/avr6\libc.a
LOAD C:/Program Files (x86)/Atmel/Studio/7.0/Packs/atmel/ATmega_DFP/1.6.364/gcc/dev/atmega2560/avr6\libatmega2560.a
END GROUP
                0x00000000                __TEXT_REGION_ORIGIN__ = DEFINED (__TEXT_REGION_ORIGIN__)?__TEXT_REGION_ORIGIN__:0x0
                [0x00800200]                __DATA_REGION_ORIGIN__ = DEFINED (__DATA_REGION_ORIGIN__)?__DATA_REGION_ORIGIN__:0x800200
                [0x00040000]                __TEXT_REGION_LENGTH__ = DEFINED (__TEXT_REGION_LENGTH__)?__TEXT_REGION_LENGTH__:0x100000
                [0x00002000]                __DATA_REGION_LENGTH__ = DEFINED (__DATA_REGION_LENGTH__)?__DATA_REGION_LENGTH__:0xfe00
                [0x00001000]                __EEPROM_REGION_LENGTH__ = DEFINED (__EEPROM_REGION_LENGTH__)?__EEPROM_REGION_LENGTH__:0x10000
                [0x00000003]                __FUSE_REGION_LENGTH__ = DEFINED (__FUSE_REGION_LENGTH__)?__FUSE_REGION_LENGTH__:0x400
                0x00000400                __LOCK_REGION_LENGTH__ = DEFINED (__LOCK_REGION_LENGTH__)?__LOCK_REGION_LENGTH__:0x400
                0x00000400                __SIGNATURE_REGION_LENGTH__ = DEFINED (__SIGNATURE_REGION_LENGTH__)?__SIGNATURE_REGION_LENGTH__:0x400
                0x00000400                __USER_SIGNATURE_REGION_LENGTH__ = DEFINED (__USER_SIGNATURE_REGION_LENGTH__)?__USER_SIGNATURE_REGION_LENGTH__:0x400

.hash
 *(.hash)

.dynsym
 *(.dynsym)

.dynstr
 *(.dynstr)

.gnu.version
 *(.gnu.version)

.gnu.version_d
 *(.gnu.version_d)

.gnu.version_r
 *(.gnu.version_r)

.rel.init
 *(.rel.init)

.rela.init
 *(.rela.init)

.rel.text
 *(.rel.text)
 *(.rel.text.*)
 *(.rel.gnu.linkonce.t*)

.rela.text
 *(.rela.text)
 *(.rela.text.*)
 *(.rela.gnu.linkonce.t*)

.rel.fini
 *(.rel.fini)

.rela.fini
 *(.rela.fini)

.rel.rodata
 *(.rel.rodata)
 *(.rel.rodata.*)
 *(.rel.gnu.linkonce.r*)

.rela.rodata
 *(.rela.rodata)
 *(.rela.rodata.*)
 *(.rela.gnu.linkonce.r*)

.rel.data
 *(.rel.data)
 *(.rel.data.*)
 *(.rel.gnu.linkonce.d*)

.rela.data
 *(.rela.data)
 *(.rela.data.*)
 *(.rela.gnu.linkonce.d*)

.rel.ctors
 *(.rel.ctors)

.rela.ctors
 *(.rela.ctors)

.rel.dtors
 *(.rel.dtors)

.rela.dtors
 *(.rela.dtors)

.rel.got
 *(.rel.got)

.rela.got
 *(.rela.got)

.rel.bss
 *(.rel.bss)

.rela.bss
 *(.rela.bss)

.rel.plt
 *(.rel.plt)

.rela.plt
 *(.rela.plt)

.text           0x00000000     0x6c52
 *(.vectors)
 .vectors       0x00000000       0xe4 C:/Program Files (x86)/Atmel/Studio/7.0/Packs/atmel/ATmega_DFP/1.6.364/gcc/dev/atmega2560/avr6/crtatmega2560.o
                0x00000000                __vector_default
                0x00000000                __vectors
 *(.vectors)
 *(.progmem.gcc*)
 .progmem.gcc_sw_table.prvProcessReceivedCommands
                0x000000e4       0x14 FreeRTOS/src/timers.o
 .progmem.gcc_sw_table.__vector_39
                0x000000f8       0xa2 ../drivers\libIotLibrary.a(twi.o)
                0x0000019a                . = ALIGN (0x2)
                0x0000019a                __trampolines_start = .
 *(.trampolines)
 .trampolines   0x0000019a        0x0 linker stubs
 *(.trampolines*)
                0x0000019a                __trampolines_end = .
 *libprintf_flt.a:*(.progmem.data)
 *libc.a:*(.progmem.data)
 *(.progmem*)
                0x0000019a                . = ALIGN (0x2)
 *(.jumptables)
 *(.jumptables*)
 *(.lowtext)
 .lowtext       0x0000019a       0x14 FreeRTOS/src/tasks.o
 .lowtext       0x000001ae       0x1e FreeRTOS/src/timers.o
 *(.lowtext*)
                0x000001cc                __ctors_start = .
 *(.ctors)
                0x000001cc                __ctors_end = .
                0x000001cc                __dtors_start = .
 *(.dtors)
                0x000001cc                __dtors_end = .
 SORT(*)(.ctors)
 SORT(*)(.dtors)
 *(.init0)
 .init0         0x000001cc        0x0 C:/Program Files (x86)/Atmel/Studio/7.0/Packs/atmel/ATmega_DFP/1.6.364/gcc/dev/atmega2560/avr6/crtatmega2560.o
                0x000001cc                __init
 *(.init0)
 *(.init1)
 *(.init1)
 *(.init2)
 .init2         0x000001cc       0x10 C:/Program Files (x86)/Atmel/Studio/7.0/Packs/atmel/ATmega_DFP/1.6.364/gcc/dev/atmega2560/avr6/crtatmega2560.o
 *(.init2)
 *(.init3)
 *(.init3)
 *(.init4)
 .init4         0x000001dc       0x1a c:/program files (x86)/atmel/studio/7.0/toolchain/avr8/avr8-gnu-toolchain/bin/../lib/gcc/avr/5.4.0/avr6\libgcc.a(_copy_data.o)
                0x000001dc                __do_copy_data
 .init4         0x000001f6       0x10 c:/program files (x86)/atmel/studio/7.0/toolchain/avr8/avr8-gnu-toolchain/bin/../lib/gcc/avr/5.4.0/avr6\libgcc.a(_clear_bss.o)
                0x000001f6                __do_clear_bss
 *(.init4)
 *(.init5)
 *(.init5)
 *(.init6)
 *(.init6)
 *(.init7)
 *(.init7)
 *(.init8)
 *(.init8)
 *(.init9)
 .init9         0x00000206        0x8 C:/Program Files (x86)/Atmel/Studio/7.0/Packs/atmel/ATmega_DFP/1.6.364/gcc/dev/atmega2560/avr6/crtatmega2560.o
 *(.init9)
 *(.text)
 .text          0x0000020e        0x2 C:/Program Files (x86)/Atmel/Studio/7.0/Packs/atmel/ATmega_DFP/1.6.364/gcc/dev/atmega2560/avr6/crtatmega2560.o
                0x0000020e                __vector_38
                0x0000020e                __vector_22
                0x0000020e                __vector_28
                0x0000020e                __vector_1
                0x0000020e                __vector_32
                0x0000020e                __vector_34
                0x0000020e                __vector_24
                0x0000020e                __vector_46
                0x0000020e                __bad_interrupt
                0x0000020e                __vector_6
                0x0000020e                __vector_31
                0x0000020e                __vector_35
                0x0000020e                __vector_3
                0x0000020e                __vector_23
                0x0000020e                __vector_30
                0x0000020e                __vector_45
                0x0000020e                __vector_11
                0x0000020e                __vector_13
                0x0000020e                __vector_17
                0x0000020e                __vector_19
                0x0000020e                __vector_56
                0x0000020e                __vector_7
                0x0000020e                __vector_49
                0x0000020e                __vector_41
                0x0000020e                __vector_43
                0x0000020e                __vector_27
                0x0000020e                __vector_5
                0x0000020e                __vector_33
                0x0000020e                __vector_47
                0x0000020e                __vector_4
                0x0000020e                __vector_44
                0x0000020e                __vector_9
                0x0000020e                __vector_2
                0x0000020e                __vector_21
                0x0000020e                __vector_15
                0x0000020e                __vector_40
                0x0000020e                __vector_8
                0x0000020e                __vector_48
                0x0000020e                __vector_14
                0x0000020e                __vector_53
                0x0000020e                __vector_10
                0x0000020e                __vector_50
                0x0000020e                __vector_16
                0x0000020e                __vector_18
                0x0000020e                __vector_20
                0x0000020e                __vector_42
                0x00000210                . = ALIGN (0x2)
 *(.text.*)
 .text.prvTestWaitCondition
                0x00000210       0x42 FreeRTOS/src/event_groups.o
 .text.xEventGroupCreate
                0x00000252       0x26 FreeRTOS/src/event_groups.o
                0x00000252                xEventGroupCreate
 .text.xEventGroupWaitBits
                0x00000278      0x140 FreeRTOS/src/event_groups.o
                0x00000278                xEventGroupWaitBits
 .text.xEventGroupSetBits
                0x000003b8      0x11c FreeRTOS/src/event_groups.o
                0x000003b8                xEventGroupSetBits
 .text.prvHeapInit
                0x000004d4       0x52 FreeRTOS/src/heap_4.o
 .text.prvInsertBlockIntoFreeList
                0x00000526       0x94 FreeRTOS/src/heap_4.o
 .text.pvPortMalloc
                0x000005ba      0x152 FreeRTOS/src/heap_4.o
                0x000005ba                pvPortMalloc
 .text.vPortFree
                0x0000070c       0x7a FreeRTOS/src/heap_4.o
                0x0000070c                vPortFree
 .text.vListInitialise
                0x00000786       0x22 FreeRTOS/src/list.o
                0x00000786                vListInitialise
 .text.vListInitialiseItem
                0x000007a8        0x8 FreeRTOS/src/list.o
                0x000007a8                vListInitialiseItem
 .text.vListInsert
                0x000007b0       0x7a FreeRTOS/src/list.o
                0x000007b0                vListInsert
 .text.uxListRemove
                0x0000082a       0x4e FreeRTOS/src/list.o
                0x0000082a                uxListRemove
 .text.prvSetupTimerInterrupt
                0x00000878       0x18 FreeRTOS/src/port.o
 .text.pxPortInitialiseStack
                0x00000890       0x2e FreeRTOS/src/port.o
                0x00000890                pxPortInitialiseStack
 .text.xPortStartScheduler
                0x000008be       0x64 FreeRTOS/src/port.o
                0x000008be                xPortStartScheduler
 .text.vPortYield
                0x00000922       0xc2 FreeRTOS/src/port.o
                0x00000922                vPortYield
 .text.vPortYieldFromTick
                0x000009e4       0xca FreeRTOS/src/port.o
                0x000009e4                vPortYieldFromTick
 .text.__vector_12
                0x00000aae        0x4 FreeRTOS/src/port.o
                0x00000aae                __vector_12
 .text.prvGetDisinheritPriorityAfterTimeout
                0x00000ab2       0x20 FreeRTOS/src/queue.o
 .text.prvIsQueueEmpty
                0x00000ad2       0x1a FreeRTOS/src/queue.o
 .text.prvIsQueueFull
                0x00000aec       0x1c FreeRTOS/src/queue.o
 .text.prvCopyDataToQueue
                0x00000b08       0xbe FreeRTOS/src/queue.o
 .text.prvCopyDataFromQueue
                0x00000bc6       0x34 FreeRTOS/src/queue.o
 .text.prvUnlockQueue
                0x00000bfa       0x68 FreeRTOS/src/queue.o
 .text.xQueueGenericReset
                0x00000c62       0x86 FreeRTOS/src/queue.o
                0x00000c62                xQueueGenericReset
 .text.prvInitialiseNewQueue
                0x00000ce8       0x24 FreeRTOS/src/queue.o
 .text.xQueueGenericCreate
                0x00000d0c       0x46 FreeRTOS/src/queue.o
                0x00000d0c                xQueueGenericCreate
 .text.xQueueGenericSend
                0x00000d52      0x124 FreeRTOS/src/queue.o
                0x00000d52                xQueueGenericSend
 .text.prvInitialiseMutex
                0x00000e76       0x24 FreeRTOS/src/queue.o
 .text.xQueueCreateMutex
                0x00000e9a       0x18 FreeRTOS/src/queue.o
                0x00000e9a                xQueueCreateMutex
 .text.xQueueGenericSendFromISR
                0x00000eb2       0x76 FreeRTOS/src/queue.o
                0x00000eb2                xQueueGenericSendFromISR
 .text.xQueueReceive
                0x00000f28      0x11e FreeRTOS/src/queue.o
                0x00000f28                xQueueReceive
 .text.xQueueSemaphoreTake
                0x00001046      0x162 FreeRTOS/src/queue.o
                0x00001046                xQueueSemaphoreTake
 .text.vQueueWaitForMessageRestricted
                0x000011a8       0x38 FreeRTOS/src/queue.o
                0x000011a8                vQueueWaitForMessageRestricted
 .text.prvBytesInBuffer
                0x000011e0       0x26 FreeRTOS/src/stream_buffer.o
 .text.prvInitialiseNewStreamBuffer
                0x00001206       0x20 FreeRTOS/src/stream_buffer.o
 .text.prvWriteBytesToBuffer
                0x00001226       0x92 FreeRTOS/src/stream_buffer.o
 .text.prvWriteMessageToBuffer
                0x000012b8       0x86 FreeRTOS/src/stream_buffer.o
 .text.prvReadBytesFromBuffer
                0x0000133e       0x9e FreeRTOS/src/stream_buffer.o
 .text.prvReadMessageFromBuffer
                0x000013dc       0x8a FreeRTOS/src/stream_buffer.o
 .text.xStreamBufferGenericCreate
                0x00001466       0x64 FreeRTOS/src/stream_buffer.o
                0x00001466                xStreamBufferGenericCreate
 .text.xStreamBufferReset
                0x000014ca       0x3c FreeRTOS/src/stream_buffer.o
                0x000014ca                xStreamBufferReset
 .text.xStreamBufferSpacesAvailable
                0x00001506       0x24 FreeRTOS/src/stream_buffer.o
                0x00001506                xStreamBufferSpacesAvailable
 .text.xStreamBufferSend
                0x0000152a      0x18a FreeRTOS/src/stream_buffer.o
                0x0000152a                xStreamBufferSend
 .text.xStreamBufferSendFromISR
                0x000016b4       0x88 FreeRTOS/src/stream_buffer.o
                0x000016b4                xStreamBufferSendFromISR
 .text.xStreamBufferReceive
                0x0000173c      0x106 FreeRTOS/src/stream_buffer.o
                0x0000173c                xStreamBufferReceive
 .text.prvResetNextTaskUnblockTime
                0x00001842       0x4e FreeRTOS/src/tasks.o
 .text.prvDeleteTCB
                0x00001890       0x1a FreeRTOS/src/tasks.o
 .text.prvInitialiseNewTask
                0x000018aa       0xfc FreeRTOS/src/tasks.o
 .text.prvInitialiseTaskLists
                0x000019a6       0x60 FreeRTOS/src/tasks.o
 .text.prvAddNewTaskToReadyList
                0x00001a06       0xde FreeRTOS/src/tasks.o
 .text.prvCheckTasksWaitingTermination
                0x00001ae4       0x4a FreeRTOS/src/tasks.o
 .text.prvAddCurrentTaskToDelayedList
                0x00001b2e      0x144 FreeRTOS/src/tasks.o
 .text.xTaskCreate
                0x00001c72       0x98 FreeRTOS/src/tasks.o
                0x00001c72                xTaskCreate
 .text.vTaskStartScheduler
                0x00001d0a       0x70 FreeRTOS/src/tasks.o
                0x00001d0a                vTaskStartScheduler
 .text.vTaskSuspendAll
                0x00001d7a        0xc FreeRTOS/src/tasks.o
                0x00001d7a                vTaskSuspendAll
 .text.xTaskGetTickCount
                0x00001d86       0x1c FreeRTOS/src/tasks.o
                0x00001d86                xTaskGetTickCount
 .text.xTaskIncrementTick
                0x00001da2      0x258 FreeRTOS/src/tasks.o
                0x00001da2                xTaskIncrementTick
 .text.xTaskResumeAll
                0x00001ffa      0x1b8 FreeRTOS/src/tasks.o
                0x00001ffa                xTaskResumeAll
 .text.xTaskDelayUntil
                0x000021b2       0xca FreeRTOS/src/tasks.o
                0x000021b2                xTaskDelayUntil
 .text.vTaskDelay
                0x0000227c       0x36 FreeRTOS/src/tasks.o
                0x0000227c                vTaskDelay
 .text.vTaskSwitchContext
                0x000022b2       0xca FreeRTOS/src/tasks.o
                0x000022b2                vTaskSwitchContext
 .text.vTaskPlaceOnEventList
                0x0000237c       0x2e FreeRTOS/src/tasks.o
                0x0000237c                vTaskPlaceOnEventList
 .text.vTaskPlaceOnUnorderedEventList
                0x000023aa       0x94 FreeRTOS/src/tasks.o
                0x000023aa                vTaskPlaceOnUnorderedEventList
 .text.vTaskPlaceOnEventListRestricted
                0x0000243e       0x84 FreeRTOS/src/tasks.o
                0x0000243e                vTaskPlaceOnEventListRestricted
 .text.xTaskRemoveFromEventList
                0x000024c2      0x15e FreeRTOS/src/tasks.o
                0x000024c2                xTaskRemoveFromEventList
 .text.vTaskRemoveFromUnorderedEventList
                0x00002620      0x134 FreeRTOS/src/tasks.o
                0x00002620                vTaskRemoveFromUnorderedEventList
 .text.vTaskSetTimeOutState
                0x00002754       0x2c FreeRTOS/src/tasks.o
                0x00002754                vTaskSetTimeOutState
 .text.vTaskInternalSetTimeOutState
                0x00002780       0x22 FreeRTOS/src/tasks.o
                0x00002780                vTaskInternalSetTimeOutState
 .text.xTaskCheckForTimeOut
                0x000027a2       0xcc FreeRTOS/src/tasks.o
                0x000027a2                xTaskCheckForTimeOut
 .text.vTaskMissedYield
                0x0000286e        0x8 FreeRTOS/src/tasks.o
                0x0000286e                vTaskMissedYield
 .text.xTaskGetCurrentTaskHandle
                0x00002876        0xa FreeRTOS/src/tasks.o
                0x00002876                xTaskGetCurrentTaskHandle
 .text.xTaskGetSchedulerState
                0x00002880       0x1c FreeRTOS/src/tasks.o
                0x00002880                xTaskGetSchedulerState
 .text.xTaskPriorityInherit
                0x0000289c      0x10e FreeRTOS/src/tasks.o
                0x0000289c                xTaskPriorityInherit
 .text.xTaskPriorityDisinherit
                0x000029aa       0xb6 FreeRTOS/src/tasks.o
                0x000029aa                xTaskPriorityDisinherit
 .text.vTaskPriorityDisinheritAfterTimeout
                0x00002a60       0xce FreeRTOS/src/tasks.o
                0x00002a60                vTaskPriorityDisinheritAfterTimeout
 .text.uxTaskResetEventItemValue
                0x00002b2e       0x54 FreeRTOS/src/tasks.o
                0x00002b2e                uxTaskResetEventItemValue
 .text.pvTaskIncrementMutexHeldCount
                0x00002b82       0x24 FreeRTOS/src/tasks.o
                0x00002b82                pvTaskIncrementMutexHeldCount
 .text.xTaskGenericNotifyWait
                0x00002ba6      0x150 FreeRTOS/src/tasks.o
                0x00002ba6                xTaskGenericNotifyWait
 .text.xTaskGenericNotify
                0x00002cf6      0x1ee FreeRTOS/src/tasks.o
                0x00002cf6                xTaskGenericNotify
 .text.xTaskGenericNotifyFromISR
                0x00002ee4      0x244 FreeRTOS/src/tasks.o
                0x00002ee4                xTaskGenericNotifyFromISR
 .text.xTaskGenericNotifyStateClear
                0x00003128       0x34 FreeRTOS/src/tasks.o
                0x00003128                xTaskGenericNotifyStateClear
 .text.prvGetNextExpireTime
                0x0000315c       0x30 FreeRTOS/src/timers.o
 .text.prvInsertTimerInActiveList
                0x0000318c       0x92 FreeRTOS/src/timers.o
 .text.prvCheckForValidListAndQueue
                0x0000321e       0x52 FreeRTOS/src/timers.o
 .text.xTimerCreateTimerTask
                0x00003270       0x42 FreeRTOS/src/timers.o
                0x00003270                xTimerCreateTimerTask
 .text.xTimerGenericCommand
                0x000032b2       0xbc FreeRTOS/src/timers.o
                0x000032b2                xTimerGenericCommand
 .text.prvSwitchTimerLists
                0x0000336e       0xd0 FreeRTOS/src/timers.o
 .text.prvSampleTimeNow
                0x0000343e       0x5c FreeRTOS/src/timers.o
 .text.prvProcessExpiredTimer
                0x0000349a       0xac FreeRTOS/src/timers.o
 .text.prvProcessTimerOrBlockTask
                0x00003546       0xae FreeRTOS/src/timers.o
 .text.prvProcessReceivedCommands
                0x000035f4      0x168 FreeRTOS/src/timers.o
 .text.vApplicationIdleHook
                0x0000375c        0x2 FreeRTOS/src/variantHooks.o
                0x0000375c                vApplicationIdleHook
 .text.prvSetMainLedOn
                0x0000375e        0xe FreeRTOS/src/variantHooks.o
                0x0000375e                prvSetMainLedOn
 .text.prvBlinkMainLed
                0x0000376c        0x8 FreeRTOS/src/variantHooks.o
                0x0000376c                prvBlinkMainLed
 .text.vApplicationMallocFailedHook
                0x00003774       0x18 FreeRTOS/src/variantHooks.o
                0x00003774                vApplicationMallocFailedHook
 .text.vApplicationStackOverflowHook
                0x0000378c       0x18 FreeRTOS/src/variantHooks.o
                0x0000378c                vApplicationStackOverflowHook
 .text._createQueues
                0x000037a4       0x84 main.o
 .text._initDrivers
                0x00003828       0x28 main.o
 .text._createEventGroups
                0x00003850       0x1a main.o
 .text._createTasks
                0x0000386a       0xd8 main.o
 .text._createMutexes
                0x00003942       0x10 main.o
 .text.main     0x00003952       0x2c main.o
                0x00003952                main
 .text._co2CallBack
                0x0000397e       0x38 SourceFiles/CO2Task.o
 .text.co2Task_create
                0x000039b6       0x38 SourceFiles/CO2Task.o
                0x000039b6                co2Task_create
 .text.co2Task_initTask
                0x000039ee        0xa SourceFiles/CO2Task.o
                0x000039ee                co2Task_initTask
 .text.co2Task_runTask
                0x000039f8       0x58 SourceFiles/CO2Task.o
                0x000039f8                co2Task_runTask
 .text._run     0x00003a50        0x6 SourceFiles/CO2Task.o
 .text.configuration_create
                0x00003a56       0x42 SourceFiles/Configuration.o
                0x00003a56                configuration_create
 .text.configuration_setThresholds
                0x00003a98       0xfc SourceFiles/Configuration.o
                0x00003a98                configuration_setThresholds
 .text.configuration_getLowTemperatureThreshold
                0x00003b94       0x4c SourceFiles/Configuration.o
                0x00003b94                configuration_getLowTemperatureThreshold
 .text.configuration_getHighTemperatureThreshold
                0x00003be0       0x4c SourceFiles/Configuration.o
                0x00003be0                configuration_getHighTemperatureThreshold
 .text.farmerama_create
                0x00003c2c       0x7c SourceFiles/Farmerama.o
                0x00003c2c                farmerama_create
 .text.farmerama_runTask
                0x00003ca8      0x216 SourceFiles/Farmerama.o
                0x00003ca8                farmerama_runTask
 .text._run     0x00003ebe        0x4 SourceFiles/Farmerama.o
 .text.receiverTask_create
                0x00003ec2       0x30 SourceFiles/ReceiverTask.o
                0x00003ec2                receiverTask_create
 .text.receiverTask_runTask
                0x00003ef2       0x80 SourceFiles/ReceiverTask.o
                0x00003ef2                receiverTask_runTask
 .text._run     0x00003f72        0x4 SourceFiles/ReceiverTask.o
 .text._connectToLoRaWAN
                0x00003f76      0x174 SourceFiles/SenderTask.o
 .text.senderTask_create
                0x000040ea       0x30 SourceFiles/SenderTask.o
                0x000040ea                senderTask_create
 .text.senderTask_initTask
                0x0000411a       0x26 SourceFiles/SenderTask.o
                0x0000411a                senderTask_initTask
 .text.senderTask_runTask
                0x00004140       0x6c SourceFiles/SenderTask.o
                0x00004140                senderTask_runTask
 .text._run     0x000041ac        0x6 SourceFiles/SenderTask.o
 .text.humidityTemperatureTask_create
                0x000041b2       0x48 SourceFiles/HumidityTemperatureTask.o
                0x000041b2                humidityTemperatureTask_create
 .text.humidityTemperatureTask_runTask
                0x000041fa       0xe4 SourceFiles/HumidityTemperatureTask.o
                0x000041fa                humidityTemperatureTask_runTask
 .text._run     0x000042de        0x4 SourceFiles/HumidityTemperatureTask.o
 .text.servoTask_create
                0x000042e2       0x30 SourceFiles/ServoTask.o
                0x000042e2                servoTask_create
 .text.servoTask_initTask
                0x00004312        0x8 SourceFiles/ServoTask.o
                0x00004312                servoTask_initTask
 .text.servoTask_runTask
                0x0000431a      0x136 SourceFiles/ServoTask.o
                0x0000431a                servoTask_runTask
 .text._run     0x00004450        0x6 SourceFiles/ServoTask.o
 .text.soundTask_create
                0x00004456       0x38 SourceFiles/SoundTask.o
                0x00004456                soundTask_create
 .text.soundTask_runTask
                0x0000448e       0x7e SourceFiles/SoundTask.o
                0x0000448e                soundTask_runTask
 .text._run     0x0000450c        0x4 SourceFiles/SoundTask.o
 .text.uplinkMessageBuilder_buildUplinkMessage
                0x00004510       0x42 SourceFiles/UplinkMessageBuilder.o
                0x00004510                uplinkMessageBuilder_buildUplinkMessage
 .text.uplinkMessageBuilder_setHumidityData
                0x00004552       0x1a SourceFiles/UplinkMessageBuilder.o
                0x00004552                uplinkMessageBuilder_setHumidityData
 .text.uplinkMessageBuilder_setTemperatureData
                0x0000456c       0x1a SourceFiles/UplinkMessageBuilder.o
                0x0000456c                uplinkMessageBuilder_setTemperatureData
 .text.uplinkMessageBuilder_setCO2Data
                0x00004586       0x18 SourceFiles/UplinkMessageBuilder.o
                0x00004586                uplinkMessageBuilder_setCO2Data
 .text.uplinkMessageBuilder_setSoundData
                0x0000459e       0x18 SourceFiles/UplinkMessageBuilder.o
                0x0000459e                uplinkMessageBuilder_setSoundData
 .text.uplinkMessageBuilder_setSystemErrorState
                0x000045b6        0x6 SourceFiles/UplinkMessageBuilder.o
                0x000045b6                uplinkMessageBuilder_setSystemErrorState
 .text._hihTwiCallback
                0x000045bc       0x5a ../drivers\libIotLibrary.a(hih8120.o)
 .text.hih8120_initialise
                0x00004616       0x30 ../drivers\libIotLibrary.a(hih8120.o)
                0x00004616                hih8120_initialise
 .text.hih8120_wakeup
                0x00004646       0x2a ../drivers\libIotLibrary.a(hih8120.o)
                0x00004646                hih8120_wakeup
 .text.hih8120_measure
                0x00004670       0x22 ../drivers\libIotLibrary.a(hih8120.o)
                0x00004670                hih8120_measure
 .text.hih8120_getHumidity
                0x00004692       0x2a ../drivers\libIotLibrary.a(hih8120.o)
                0x00004692                hih8120_getHumidity
 .text.hih8120_getHumidityPercent_x10
                0x000046bc       0x16 ../drivers\libIotLibrary.a(hih8120.o)
                0x000046bc                hih8120_getHumidityPercent_x10
 .text.hih8120_getTemperature
                0x000046d2       0x36 ../drivers\libIotLibrary.a(hih8120.o)
                0x000046d2                hih8120_getTemperature
 .text.hih8120_getTemperature_x10
                0x00004708       0x16 ../drivers\libIotLibrary.a(hih8120.o)
                0x00004708                hih8120_getTemperature_x10
 .text._serialCallBack
                0x0000471e       0x8c ../drivers\libIotLibrary.a(lora_driver.o)
 .text._uploadMessage
                0x000047aa       0xb4 ../drivers\libIotLibrary.a(lora_driver.o)
 .text._reply2ReturnCode
                0x0000485e       0xea ../drivers\libIotLibrary.a(lora_driver.o)
 .text._uploadMessageRc
                0x00004948        0x6 ../drivers\libIotLibrary.a(lora_driver.o)
 .text.lora_driver_flushBuffers
                0x0000494e        0xe ../drivers\libIotLibrary.a(lora_driver.o)
                0x0000494e                lora_driver_flushBuffers
 .text.lora_driver_initialise
                0x0000495c       0x80 ../drivers\libIotLibrary.a(lora_driver.o)
                0x0000495c                lora_driver_initialise
 .text.lora_driver_resetRn2483
                0x000049dc       0x1c ../drivers\libIotLibrary.a(lora_driver.o)
                0x000049dc                lora_driver_resetRn2483
 .text.lora_driver_rn2483FactoryReset
                0x000049f8       0x24 ../drivers\libIotLibrary.a(lora_driver.o)
                0x000049f8                lora_driver_rn2483FactoryReset
 .text.lora_driver_getRn2483Hweui
                0x00004a1c       0x38 ../drivers\libIotLibrary.a(lora_driver.o)
                0x00004a1c                lora_driver_getRn2483Hweui
 .text.lora_driver_setDeviceIdentifier
                0x00004a54       0x22 ../drivers\libIotLibrary.a(lora_driver.o)
                0x00004a54                lora_driver_setDeviceIdentifier
 .text.lora_driver_setApplicationIdentifier
                0x00004a76       0x22 ../drivers\libIotLibrary.a(lora_driver.o)
                0x00004a76                lora_driver_setApplicationIdentifier
 .text.lora_driver_setApplicationKey
                0x00004a98       0x22 ../drivers\libIotLibrary.a(lora_driver.o)
                0x00004a98                lora_driver_setApplicationKey
 .text.lora_driver_saveMac
                0x00004aba        0xc ../drivers\libIotLibrary.a(lora_driver.o)
                0x00004aba                lora_driver_saveMac
 .text.lora_driver_join
                0x00004ac6       0x52 ../drivers\libIotLibrary.a(lora_driver.o)
                0x00004ac6                lora_driver_join
 .text.lora_driver_sendUploadMessage
                0x00004b18      0x196 ../drivers\libIotLibrary.a(lora_driver.o)
                0x00004b18                lora_driver_sendUploadMessage
 .text.lora_driver_setAdaptiveDataRate
                0x00004cae       0x16 ../drivers\libIotLibrary.a(lora_driver.o)
                0x00004cae                lora_driver_setAdaptiveDataRate
 .text.lora_driver_setReceiveDelay
                0x00004cc4       0x30 ../drivers\libIotLibrary.a(lora_driver.o)
                0x00004cc4                lora_driver_setReceiveDelay
 .text.lora_driver_configureToEu868
                0x00004cf4      0x1bc ../drivers\libIotLibrary.a(lora_driver.o)
                0x00004cf4                lora_driver_configureToEu868
 .text.lora_driver_setOtaaIdentity
                0x00004eb0       0x42 ../drivers\libIotLibrary.a(lora_driver.o)
                0x00004eb0                lora_driver_setOtaaIdentity
 .text.lora_driver_mapReturnCodeToText
                0x00004ef2       0x18 ../drivers\libIotLibrary.a(lora_driver.o)
                0x00004ef2                lora_driver_mapReturnCodeToText
 .text.decode_port_no
                0x00004f0a       0x58 ../drivers\libIotLibrary.a(lora_driver_utils.o)
                0x00004f0a                decode_port_no
 .text.decode_hexadecimal_string_bytes
                0x00004f62       0x92 ../drivers\libIotLibrary.a(lora_driver_utils.o)
                0x00004f62                decode_hexadecimal_string_bytes
 .text._serialCallBack
                0x00004ff4       0xb6 ../drivers\libIotLibrary.a(mh_z19.o)
 .text.mh_z19_initialise
                0x000050aa       0x4a ../drivers\libIotLibrary.a(mh_z19.o)
                0x000050aa                mh_z19_initialise
 .text.mh_z19_injectCallBack
                0x000050f4        0xa ../drivers\libIotLibrary.a(mh_z19.o)
                0x000050f4                mh_z19_injectCallBack
 .text.mh_z19_takeMeassuring
                0x000050fe       0x5e ../drivers\libIotLibrary.a(mh_z19.o)
                0x000050fe                mh_z19_takeMeassuring
 .text.rc_servo_setPosition
                0x0000515c       0x30 ../drivers\libIotLibrary.a(rc_servo.o)
                0x0000515c                rc_servo_setPosition
 .text.rc_servo_initialise
                0x0000518c       0x38 ../drivers\libIotLibrary.a(rc_servo.o)
                0x0000518c                rc_servo_initialise
 .text._startConversion
                0x000051c4       0x26 ../drivers\libIotLibrary.a(sen14262.o)
 .text.sen14262_initialise
                0x000051ea       0x30 ../drivers\libIotLibrary.a(sen14262.o)
                0x000051ea                sen14262_initialise
 .text.sen14262_envelope
                0x0000521a       0x10 ../drivers\libIotLibrary.a(sen14262.o)
                0x0000521a                sen14262_envelope
 .text.__vector_29
                0x0000522a       0x5e ../drivers\libIotLibrary.a(sen14262.o)
                0x0000522a                __vector_29
 .text.serial_create
                0x00005288      0x13e ../drivers\libIotLibrary.a(serial.o)
                0x00005288                serial_create
 .text.serial_sendByte
                0x000053c6       0x56 ../drivers\libIotLibrary.a(serial.o)
                0x000053c6                serial_sendByte
 .text.serial_sendBytes
                0x0000541c       0xaa ../drivers\libIotLibrary.a(serial.o)
                0x0000541c                serial_sendBytes
 .text.serial_getByte
                0x000054c6       0x40 ../drivers\libIotLibrary.a(serial.o)
                0x000054c6                serial_getByte
 .text.__vector_25
                0x00005506       0xa4 ../drivers\libIotLibrary.a(serial.o)
                0x00005506                __vector_25
 .text.__vector_26
                0x000055aa       0x88 ../drivers\libIotLibrary.a(serial.o)
                0x000055aa                __vector_26
 .text.__vector_36
                0x00005632       0xa4 ../drivers\libIotLibrary.a(serial.o)
                0x00005632                __vector_36
 .text.__vector_37
                0x000056d6       0x88 ../drivers\libIotLibrary.a(serial.o)
                0x000056d6                __vector_37
 .text.__vector_51
                0x0000575e       0xa4 ../drivers\libIotLibrary.a(serial.o)
                0x0000575e                __vector_51
 .text.__vector_52
                0x00005802       0x88 ../drivers\libIotLibrary.a(serial.o)
                0x00005802                __vector_52
 .text.__vector_54
                0x0000588a       0xa4 ../drivers\libIotLibrary.a(serial.o)
                0x0000588a                __vector_54
 .text.__vector_55
                0x0000592e       0x88 ../drivers\libIotLibrary.a(serial.o)
                0x0000592e                __vector_55
 .text.usart_getchar
                0x000059b6       0x2a ../drivers\libIotLibrary.a(stdio_driver.o)
 .text.usart_putchar
                0x000059e0       0x12 ../drivers\libIotLibrary.a(stdio_driver.o)
 .text.stdio_initialise
                0x000059f2       0x52 ../drivers\libIotLibrary.a(stdio_driver.o)
                0x000059f2                stdio_initialise
 .text._turn_on
                0x00005a44       0x98 ../drivers\libIotLibrary.a(status_leds.o)
 .text.status_leds_slowBlink
                0x00005adc       0x46 ../drivers\libIotLibrary.a(status_leds.o)
                0x00005adc                status_leds_slowBlink
 .text.status_leds_ledOn
                0x00005b22       0x1e ../drivers\libIotLibrary.a(status_leds.o)
                0x00005b22                status_leds_ledOn
 .text.status_leds_longPuls
                0x00005b40       0x24 ../drivers\libIotLibrary.a(status_leds.o)
                0x00005b40                status_leds_longPuls
 .text._initTwiInterface
                0x00005b64       0x22 ../drivers\libIotLibrary.a(twi.o)
 .text.twiCreate
                0x00005b86       0x9a ../drivers\libIotLibrary.a(twi.o)
                0x00005b86                twiCreate
 .text.twiIsBusy
                0x00005c20        0x8 ../drivers\libIotLibrary.a(twi.o)
                0x00005c20                twiIsBusy
 .text.twiTransmit
                0x00005c28       0x98 ../drivers\libIotLibrary.a(twi.o)
                0x00005c28                twiTransmit
 .text.twiReceive
                0x00005cc0       0x66 ../drivers\libIotLibrary.a(twi.o)
                0x00005cc0                twiReceive
 .text.__vector_39
                0x00005d26      0x17a ../drivers\libIotLibrary.a(twi.o)
                0x00005d26                __vector_39
 .text.fifo_init
                0x00005ea0       0x38 ../drivers\libIotLibrary.a(fifo.o)
                0x00005ea0                fifo_init
 .text.avr-libc.fplib
                0x00005ed8        0xa c:/program files (x86)/atmel/studio/7.0/toolchain/avr8/avr8-gnu-toolchain/bin/../lib/gcc/avr/5.4.0/../../../../avr/lib/avr6\libm.a(addsf3.o)
                0x00005ed8                __subsf3
                0x00005eda                __addsf3
 .text.avr-libc.fplib
                0x00005ee2       0xc0 c:/program files (x86)/atmel/studio/7.0/toolchain/avr8/avr8-gnu-toolchain/bin/../lib/gcc/avr/5.4.0/../../../../avr/lib/avr6\libm.a(addsf3x.o)
                0x00005efc                __addsf3x
 .text.avr-libc.fplib
                0x00005fa2        0x4 c:/program files (x86)/atmel/studio/7.0/toolchain/avr8/avr8-gnu-toolchain/bin/../lib/gcc/avr/5.4.0/../../../../avr/lib/avr6\libm.a(divsf3.o)
                0x00005fa2                __divsf3
 .text.avr-libc.fplib
                0x00005fa6       0xcc c:/program files (x86)/atmel/studio/7.0/toolchain/avr8/avr8-gnu-toolchain/bin/../lib/gcc/avr/5.4.0/../../../../avr/lib/avr6\libm.a(divsf3x.o)
                0x00005fbc                __divsf3x
                0x00005fc0                __divsf3_pse
 .text.avr-libc.fplib
                0x00006072        0xa c:/program files (x86)/atmel/studio/7.0/toolchain/avr8/avr8-gnu-toolchain/bin/../lib/gcc/avr/5.4.0/../../../../avr/lib/avr6\libm.a(fixsfsi.o)
                0x00006072                __fixsfsi
 .text.avr-libc.fplib
                0x0000607c       0x58 c:/program files (x86)/atmel/studio/7.0/toolchain/avr8/avr8-gnu-toolchain/bin/../lib/gcc/avr/5.4.0/../../../../avr/lib/avr6\libm.a(fixunssfsi.o)
                0x0000607c                __fixunssfsi
 .text.avr-libc.fplib
                0x000060d4       0x7a c:/program files (x86)/atmel/studio/7.0/toolchain/avr8/avr8-gnu-toolchain/bin/../lib/gcc/avr/5.4.0/../../../../avr/lib/avr6\libm.a(floatsisf.o)
                0x000060d4                __floatunsisf
                0x000060d8                __floatsisf
 .text.avr-libc.fplib
                0x0000614e        0xc c:/program files (x86)/atmel/studio/7.0/toolchain/avr8/avr8-gnu-toolchain/bin/../lib/gcc/avr/5.4.0/../../../../avr/lib/avr6\libm.a(fp_inf.o)
                0x0000614e                __fp_inf
 .text.avr-libc.fplib
                0x0000615a        0x6 c:/program files (x86)/atmel/studio/7.0/toolchain/avr8/avr8-gnu-toolchain/bin/../lib/gcc/avr/5.4.0/../../../../avr/lib/avr6\libm.a(fp_nan.o)
                0x0000615a                __fp_nan
 .text.avr-libc.fplib
                0x00006160        0xe c:/program files (x86)/atmel/studio/7.0/toolchain/avr8/avr8-gnu-toolchain/bin/../lib/gcc/avr/5.4.0/../../../../avr/lib/avr6\libm.a(fp_pscA.o)
                0x00006160                __fp_pscA
 .text.avr-libc.fplib
                0x0000616e        0xe c:/program files (x86)/atmel/studio/7.0/toolchain/avr8/avr8-gnu-toolchain/bin/../lib/gcc/avr/5.4.0/../../../../avr/lib/avr6\libm.a(fp_pscB.o)
                0x0000616e                __fp_pscB
 .text.avr-libc.fplib
                0x0000617c       0x22 c:/program files (x86)/atmel/studio/7.0/toolchain/avr8/avr8-gnu-toolchain/bin/../lib/gcc/avr/5.4.0/../../../../avr/lib/avr6\libm.a(fp_round.o)
                0x0000617c                __fp_round
 .text.avr-libc.fplib
                0x0000619e       0x44 c:/program files (x86)/atmel/studio/7.0/toolchain/avr8/avr8-gnu-toolchain/bin/../lib/gcc/avr/5.4.0/../../../../avr/lib/avr6\libm.a(fp_split3.o)
                0x0000619e                __fp_split3
                0x000061ae                __fp_splitA
 .text.avr-libc.fplib
                0x000061e2        0xe c:/program files (x86)/atmel/studio/7.0/toolchain/avr8/avr8-gnu-toolchain/bin/../lib/gcc/avr/5.4.0/../../../../avr/lib/avr6\libm.a(fp_zero.o)
                0x000061e2                __fp_zero
                0x000061e4                __fp_szero
 .text.avr-libc.fplib
                0x000061f0        0x4 c:/program files (x86)/atmel/studio/7.0/toolchain/avr8/avr8-gnu-toolchain/bin/../lib/gcc/avr/5.4.0/../../../../avr/lib/avr6\libm.a(mulsf3.o)
                0x000061f0                __mulsf3
 .text.avr-libc.fplib
                0x000061f4       0xc2 c:/program files (x86)/atmel/studio/7.0/toolchain/avr8/avr8-gnu-toolchain/bin/../lib/gcc/avr/5.4.0/../../../../avr/lib/avr6\libm.a(mulsf3x.o)
                0x00006208                __mulsf3x
                0x0000620c                __mulsf3_pse
 .text.libgcc.div
                0x000062b6       0x44 c:/program files (x86)/atmel/studio/7.0/toolchain/avr8/avr8-gnu-toolchain/bin/../lib/gcc/avr/5.4.0/avr6\libgcc.a(_udivmodsi4.o)
                0x000062b6                __udivmodsi4
 .text.libgcc   0x000062fa       0x10 c:/program files (x86)/atmel/studio/7.0/toolchain/avr8/avr8-gnu-toolchain/bin/../lib/gcc/avr/5.4.0/avr6\libgcc.a(_tablejump2.o)
                0x000062fa                __tablejump2__
 .text.avr-libc
                0x0000630a      0x242 c:/program files (x86)/atmel/studio/7.0/toolchain/avr8/avr8-gnu-toolchain/bin/../lib/gcc/avr/5.4.0/../../../../avr/lib/avr6\libc.a(malloc.o)
                0x0000630a                malloc
                0x0000643a                free
 .text.avr-libc
                0x0000654c        0x8 c:/program files (x86)/atmel/studio/7.0/toolchain/avr8/avr8-gnu-toolchain/bin/../lib/gcc/avr/5.4.0/../../../../avr/lib/avr6\libc.a(abort.o)
                0x0000654c                abort
 .text.avr-libc
                0x00006554       0x12 c:/program files (x86)/atmel/studio/7.0/toolchain/avr8/avr8-gnu-toolchain/bin/../lib/gcc/avr/5.4.0/../../../../avr/lib/avr6\libc.a(memcpy.o)
                0x00006554                memcpy
 .text.avr-libc
                0x00006566        0xe c:/program files (x86)/atmel/studio/7.0/toolchain/avr8/avr8-gnu-toolchain/bin/../lib/gcc/avr/5.4.0/../../../../avr/lib/avr6\libc.a(memset.o)
                0x00006566                memset
 .text.avr-libc
                0x00006574       0x4a c:/program files (x86)/atmel/studio/7.0/toolchain/avr8/avr8-gnu-toolchain/bin/../lib/gcc/avr/5.4.0/../../../../avr/lib/avr6\libc.a(strcasestr.o)
                0x00006574                strcasestr
 .text.avr-libc
                0x000065be       0x16 c:/program files (x86)/atmel/studio/7.0/toolchain/avr8/avr8-gnu-toolchain/bin/../lib/gcc/avr/5.4.0/../../../../avr/lib/avr6\libc.a(strcat.o)
                0x000065be                strcat
 .text.avr-libc
                0x000065d4        0xe c:/program files (x86)/atmel/studio/7.0/toolchain/avr8/avr8-gnu-toolchain/bin/../lib/gcc/avr/5.4.0/../../../../avr/lib/avr6\libc.a(strcpy.o)
                0x000065d4                strcpy
 .text.avr-libc
                0x000065e2       0x30 c:/program files (x86)/atmel/studio/7.0/toolchain/avr8/avr8-gnu-toolchain/bin/../lib/gcc/avr/5.4.0/../../../../avr/lib/avr6\libc.a(strncasecmp.o)
                0x000065e2                strncasecmp
 .text.avr-libc
                0x00006612       0x26 c:/program files (x86)/atmel/studio/7.0/toolchain/avr8/avr8-gnu-toolchain/bin/../lib/gcc/avr/5.4.0/../../../../avr/lib/avr6\libc.a(printf.o)
                0x00006612                printf
 .text.avr-libc
                0x00006638       0x60 c:/program files (x86)/atmel/studio/7.0/toolchain/avr8/avr8-gnu-toolchain/bin/../lib/gcc/avr/5.4.0/../../../../avr/lib/avr6\libc.a(puts.o)
                0x00006638                puts
 .text.avr-libc
                0x00006698       0x5c c:/program files (x86)/atmel/studio/7.0/toolchain/avr8/avr8-gnu-toolchain/bin/../lib/gcc/avr/5.4.0/../../../../avr/lib/avr6\libc.a(sprintf.o)
                0x00006698                sprintf
 .text.avr-libc
                0x000066f4      0x3fa c:/program files (x86)/atmel/studio/7.0/toolchain/avr8/avr8-gnu-toolchain/bin/../lib/gcc/avr/5.4.0/../../../../avr/lib/avr6\libc.a(vfprintf_std.o)
                0x000066f4                vfprintf
 .text.avr-libc
                0x00006aee       0x16 c:/program files (x86)/atmel/studio/7.0/toolchain/avr8/avr8-gnu-toolchain/bin/../lib/gcc/avr/5.4.0/../../../../avr/lib/avr6\libc.a(strnlen_P.o)
                0x00006aee                strnlen_P
 .text.avr-libc
                0x00006b04       0x16 c:/program files (x86)/atmel/studio/7.0/toolchain/avr8/avr8-gnu-toolchain/bin/../lib/gcc/avr/5.4.0/../../../../avr/lib/avr6\libc.a(strnlen.o)
                0x00006b04                strnlen
 .text.avr-libc
                0x00006b1a       0x78 c:/program files (x86)/atmel/studio/7.0/toolchain/avr8/avr8-gnu-toolchain/bin/../lib/gcc/avr/5.4.0/../../../../avr/lib/avr6\libc.a(fputc.o)
                0x00006b1a                fputc
 .text.avr-libc
                0x00006b92       0xbc c:/program files (x86)/atmel/studio/7.0/toolchain/avr8/avr8-gnu-toolchain/bin/../lib/gcc/avr/5.4.0/../../../../avr/lib/avr6\libc.a(ultoa_invert.o)
                0x00006b92                __ultoa_invert
                0x00006c4e                . = ALIGN (0x2)
 *(.fini9)
 .fini9         0x00006c4e        0x0 c:/program files (x86)/atmel/studio/7.0/toolchain/avr8/avr8-gnu-toolchain/bin/../lib/gcc/avr/5.4.0/avr6\libgcc.a(_exit.o)
                0x00006c4e                _exit
                0x00006c4e                exit
 *(.fini9)
 *(.fini8)
 *(.fini8)
 *(.fini7)
 *(.fini7)
 *(.fini6)
 *(.fini6)
 *(.fini5)
 *(.fini5)
 *(.fini4)
 *(.fini4)
 *(.fini3)
 *(.fini3)
 *(.fini2)
 *(.fini2)
 *(.fini1)
 *(.fini1)
 *(.fini0)
 .fini0         0x00006c4e        0x4 c:/program files (x86)/atmel/studio/7.0/toolchain/avr8/avr8-gnu-toolchain/bin/../lib/gcc/avr/5.4.0/avr6\libgcc.a(_exit.o)
 *(.fini0)
                0x00006c52                _etext = .

.data           0x00800200      0x634 load address 0x00006c52
                0x00800200                PROVIDE (__data_start, .)
 *(.data)
 .data          0x00800200        0x6 c:/program files (x86)/atmel/studio/7.0/toolchain/avr8/avr8-gnu-toolchain/bin/../lib/gcc/avr/5.4.0/../../../../avr/lib/avr6\libc.a(malloc.o)
                0x00800200                __malloc_heap_end
                0x00800202                __malloc_heap_start
                0x00800204                __malloc_margin
 *(.data*)
 .data.uxTopUsedPriority
                0x00800206        0x1 FreeRTOS/src/tasks.o
                0x00800206                uxTopUsedPriority
 .data._temp    0x00800207        0x2 ../drivers\libIotLibrary.a(hih8120.o)
 .data._hum     0x00800209        0x2 ../drivers\libIotLibrary.a(hih8120.o)
 .data._com_port_2_udr
                0x0080020b        0x8 ../drivers\libIotLibrary.a(serial.o)
                0x0080020b                _com_port_2_udr
 .data.mystdout.1882
                0x00800213        0xe ../drivers\libIotLibrary.a(stdio_driver.o)
 .data._twiCurrentState
                0x00800221        0x1 ../drivers\libIotLibrary.a(twi.o)
 *(.gnu.linkonce.d*)
 *(.rodata)
 .rodata        0x00800222       0x20 ../drivers\libIotLibrary.a(lora_driver.o)
 .rodata        0x00800242       0x2d ../drivers\libIotLibrary.a(mh_z19.o)
 *(.rodata*)
 .rodata.str1.1
                0x0080026f        0x5 FreeRTOS/src/tasks.o
 .rodata.str1.1
                0x00800274        0x8 FreeRTOS/src/timers.o
 .rodata.str1.1
                0x0080027c       0x24 main.o
 .rodata.str1.1
                0x008002a0        0x8 SourceFiles/CO2Task.o
 .rodata.str1.1
                0x008002a8        0xe SourceFiles/Farmerama.o
 .rodata.str1.1
                0x008002b6        0xd SourceFiles/ReceiverTask.o
 .rodata.str1.1
                0x008002c3      0x181 SourceFiles/SenderTask.o
 .rodata.str1.1
                0x00800444       0x18 SourceFiles/HumidityTemperatureTask.o
 .rodata.str1.1
                0x0080045c      0x102 SourceFiles/ServoTask.o
 .rodata.str1.1
                0x0080055e        0xa SourceFiles/SoundTask.o
 .rodata.str1.1
                0x00800568      0x295 ../drivers\libIotLibrary.a(lora_driver.o)
                                0x2a5 (size before relaxing)
 .rodata._joinMode
                0x008007fd        0x4 ../drivers\libIotLibrary.a(lora_driver.o)
 .rodata._returnCode
                0x00800801       0x33 ../drivers\libIotLibrary.a(lora_driver.o)
                0x00800801                _returnCode
 *(.gnu.linkonce.r*)
                0x00800834                . = ALIGN (0x2)
                0x00800834                _edata = .
                0x00800834                PROVIDE (__data_end, .)

.bss            0x00800834     0x1032
                0x00800834                PROVIDE (__bss_start, .)
 *(.bss)
 *(.bss*)
 .bss.xBlockAllocatedBit
                0x00800834        0x2 FreeRTOS/src/heap_4.o
 .bss.xNumberOfSuccessfulFrees
                0x00800836        0x2 FreeRTOS/src/heap_4.o
 .bss.xNumberOfSuccessfulAllocations
                0x00800838        0x2 FreeRTOS/src/heap_4.o
 .bss.xMinimumEverFreeBytesRemaining
                0x0080083a        0x2 FreeRTOS/src/heap_4.o
 .bss.xFreeBytesRemaining
                0x0080083c        0x2 FreeRTOS/src/heap_4.o
 .bss.pxEnd     0x0080083e        0x2 FreeRTOS/src/heap_4.o
 .bss.xStart    0x00800840        0x4 FreeRTOS/src/heap_4.o
 .bss.ucHeap    0x00800844      0xdac FreeRTOS/src/heap_4.o
 .bss.uxSchedulerSuspended
                0x008015f0        0x1 FreeRTOS/src/tasks.o
 .bss.xIdleTaskHandle
                0x008015f1        0x2 FreeRTOS/src/tasks.o
 .bss.xNextTaskUnblockTime
                0x008015f3        0x4 FreeRTOS/src/tasks.o
 .bss.uxTaskNumber
                0x008015f7        0x1 FreeRTOS/src/tasks.o
 .bss.xNumOfOverflows
                0x008015f8        0x1 FreeRTOS/src/tasks.o
 .bss.xYieldPending
                0x008015f9        0x1 FreeRTOS/src/tasks.o
 .bss.xPendedTicks
                0x008015fa        0x4 FreeRTOS/src/tasks.o
 .bss.xSchedulerRunning
                0x008015fe        0x1 FreeRTOS/src/tasks.o
 .bss.uxTopReadyPriority
                0x008015ff        0x1 FreeRTOS/src/tasks.o
 .bss.xTickCount
                0x00801600        0x4 FreeRTOS/src/tasks.o
 .bss.uxCurrentNumberOfTasks
                0x00801604        0x1 FreeRTOS/src/tasks.o
 .bss.xSuspendedTaskList
                0x00801605        0xb FreeRTOS/src/tasks.o
 .bss.uxDeletedTasksWaitingCleanUp
                0x00801610        0x1 FreeRTOS/src/tasks.o
 .bss.xTasksWaitingTermination
                0x00801611        0xb FreeRTOS/src/tasks.o
 .bss.xPendingReadyList
                0x0080161c        0xb FreeRTOS/src/tasks.o
 .bss.pxOverflowDelayedTaskList
                0x00801627        0x2 FreeRTOS/src/tasks.o
 .bss.pxDelayedTaskList
                0x00801629        0x2 FreeRTOS/src/tasks.o
 .bss.xDelayedTaskList2
                0x0080162b        0xb FreeRTOS/src/tasks.o
 .bss.xDelayedTaskList1
                0x00801636        0xb FreeRTOS/src/tasks.o
 .bss.pxReadyTasksLists
                0x00801641       0x6e FreeRTOS/src/tasks.o
 .bss.pxCurrentTCB
                0x008016af        0x2 FreeRTOS/src/tasks.o
                0x008016af                pxCurrentTCB
 .bss.xLastTime.2436
                0x008016b1        0x4 FreeRTOS/src/timers.o
 .bss.xTimerTaskHandle
                0x008016b5        0x2 FreeRTOS/src/timers.o
 .bss.xTimerQueue
                0x008016b7        0x2 FreeRTOS/src/timers.o
 .bss.pxOverflowTimerList
                0x008016b9        0x2 FreeRTOS/src/timers.o
 .bss.pxCurrentTimerList
                0x008016bb        0x2 FreeRTOS/src/timers.o
 .bss.xActiveTimerList2
                0x008016bd        0xb FreeRTOS/src/timers.o
 .bss.xActiveTimerList1
                0x008016c8        0xb FreeRTOS/src/timers.o
 .bss._messageBuffer
                0x008016d3        0x2 main.o
 .bss._mutex    0x008016d5        0x2 main.o
 .bss._doneEventGroup
                0x008016d7        0x2 main.o
 .bss._actEventGroup
                0x008016d9        0x2 main.o
 .bss._senderQueue
                0x008016db        0x2 main.o
 .bss._servoQueue
                0x008016dd        0x2 main.o
 .bss._soundQueue
                0x008016df        0x2 main.o
 .bss._co2Queue
                0x008016e1        0x2 main.o
 .bss._temperatureQueue
                0x008016e3        0x2 main.o
 .bss._humidityQueue
                0x008016e5        0x2 main.o
 .bss._doneEventGroup
                0x008016e7        0x2 SourceFiles/CO2Task.o
 .bss._co2Queue
                0x008016e9        0x2 SourceFiles/CO2Task.o
 .bss._soundHIGH
                0x008016eb        0x2 SourceFiles/Configuration.o
 .bss._ppmHIGH  0x008016ed        0x2 SourceFiles/Configuration.o
 .bss._ppmLOW   0x008016ef        0x2 SourceFiles/Configuration.o
 .bss._temperatureHIGH
                0x008016f1        0x2 SourceFiles/Configuration.o
 .bss._temperatureLOW
                0x008016f3        0x2 SourceFiles/Configuration.o
 .bss._humidityHIGH
                0x008016f5        0x2 SourceFiles/Configuration.o
 .bss._humidityLOW
                0x008016f7        0x2 SourceFiles/Configuration.o
 .bss._mutex    0x008016f9        0x2 SourceFiles/Configuration.o
 .bss._errorState
                0x008016fb        0x1 SourceFiles/Farmerama.o
 .bss._doneEventGroup
                0x008016fc        0x2 SourceFiles/Farmerama.o
 .bss._actEventGroup
                0x008016fe        0x2 SourceFiles/Farmerama.o
 .bss._servoQueue
                0x00801700        0x2 SourceFiles/Farmerama.o
 .bss._soundQueue
                0x00801702        0x2 SourceFiles/Farmerama.o
 .bss._co2Queue
                0x00801704        0x2 SourceFiles/Farmerama.o
 .bss._temperatureQueue
                0x00801706        0x2 SourceFiles/Farmerama.o
 .bss._humidityQueue
                0x00801708        0x2 SourceFiles/Farmerama.o
 .bss._senderQueue
                0x0080170a        0x2 SourceFiles/Farmerama.o
 .bss._receiverBuffer
                0x0080170c        0x2 SourceFiles/ReceiverTask.o
 .bss._senderQueue
                0x0080170e        0x2 SourceFiles/SenderTask.o
 .bss._latestTemperature
                0x00801710        0x2 SourceFiles/HumidityTemperatureTask.o
 .bss._latestHumidity
                0x00801712        0x2 SourceFiles/HumidityTemperatureTask.o
 .bss._doneEventGroup
                0x00801714        0x2 SourceFiles/HumidityTemperatureTask.o
 .bss._actEventGroup
                0x00801716        0x2 SourceFiles/HumidityTemperatureTask.o
 .bss._temperatureQueue
                0x00801718        0x2 SourceFiles/HumidityTemperatureTask.o
 .bss._humidityQueue
                0x0080171a        0x2 SourceFiles/HumidityTemperatureTask.o
 .bss._servoQueue
                0x0080171c        0x2 SourceFiles/ServoTask.o
 .bss._doneEventGroup
                0x0080171e        0x2 SourceFiles/SoundTask.o
 .bss._soundQueue
                0x00801720        0x2 SourceFiles/SoundTask.o
 .bss._validationBits
                0x00801722        0x1 SourceFiles/UplinkMessageBuilder.o
 .bss._sound    0x00801723        0x2 SourceFiles/UplinkMessageBuilder.o
 .bss._ppm      0x00801725        0x2 SourceFiles/UplinkMessageBuilder.o
 .bss._temperature
                0x00801727        0x2 SourceFiles/UplinkMessageBuilder.o
 .bss._humidity
                0x00801729        0x2 SourceFiles/UplinkMessageBuilder.o
 .bss._measuringIsReady
                0x0080172b        0x1 ../drivers\libIotLibrary.a(hih8120.o)
 .bss._hih8120Handler
                0x0080172c        0x2 ../drivers\libIotLibrary.a(hih8120.o)
 .bss._tmp_buf.2871
                0x0080172e       0x37 ../drivers\libIotLibrary.a(lora_driver.o)
 .bss.rec_buf_inp.2878
                0x00801765        0x1 ../drivers\libIotLibrary.a(lora_driver.o)
 .bss._downlinkMessageBuffer
                0x00801766        0x2 ../drivers\libIotLibrary.a(lora_driver.o)
 .bss._serialReplyBufferHandle
                0x00801768        0x2 ../drivers\libIotLibrary.a(lora_driver.o)
 .bss._rn2483_serial
                0x0080176a        0x2 ../drivers\libIotLibrary.a(lora_driver.o)
 .bss._downlinkPayload
                0x0080176c       0x16 ../drivers\libIotLibrary.a(lora_driver.o)
 .bss._payLoadHexBytes
                0x00801782       0x15 ../drivers\libIotLibrary.a(lora_driver.o)
 .bss._recMessageBuf
                0x00801797       0x2d ../drivers\libIotLibrary.a(lora_driver.o)
 .bss._sendMessage
                0x008017c4       0x2d ../drivers\libIotLibrary.a(lora_driver.o)
 .bss._replyMess
                0x008017f1       0x2d ../drivers\libIotLibrary.a(lora_driver.o)
 .bss.data.1944
                0x0080181e        0x2 ../drivers\libIotLibrary.a(mh_z19.o)
 .bss.inDex.1943
                0x00801820        0x1 ../drivers\libIotLibrary.a(mh_z19.o)
 .bss.crc_sum.1945
                0x00801821        0x1 ../drivers\libIotLibrary.a(mh_z19.o)
 .bss._appCallBack
                0x00801822        0x2 ../drivers\libIotLibrary.a(mh_z19.o)
 .bss._mh_state
                0x00801824        0x1 ../drivers\libIotLibrary.a(mh_z19.o)
                0x00801824                _mh_state
 .bss._ppm      0x00801825        0x2 ../drivers\libIotLibrary.a(mh_z19.o)
 .bss._serial   0x00801827        0x2 ../drivers\libIotLibrary.a(mh_z19.o)
 .bss._lastAdc  0x00801829        0x2 ../drivers\libIotLibrary.a(sen14262.o)
 .bss._ser_handle
                0x0080182b        0x8 ../drivers\libIotLibrary.a(serial.o)
 .bss._com_serial_instance
                0x00801833        0x2 ../drivers\libIotLibrary.a(stdio_driver.o)
 .bss._led_status
                0x00801835       0x18 ../drivers\libIotLibrary.a(status_leds.o)
 .bss._index.1885
                0x0080184d        0x1 ../drivers\libIotLibrary.a(twi.o)
 .bss._twiCurrentHandler
                0x0080184e        0x2 ../drivers\libIotLibrary.a(twi.o)
 .bss._twiMessageLen
                0x00801850        0x1 ../drivers\libIotLibrary.a(twi.o)
 .bss._twiMessageBuffer
                0x00801851        0xa ../drivers\libIotLibrary.a(twi.o)
 .bss._twiIsInitiated
                0x0080185b        0x1 ../drivers\libIotLibrary.a(twi.o)
 *(COMMON)
 COMMON         0x0080185c        0x4 c:/program files (x86)/atmel/studio/7.0/toolchain/avr8/avr8-gnu-toolchain/bin/../lib/gcc/avr/5.4.0/../../../../avr/lib/avr6\libc.a(malloc.o)
                0x0080185c                __brkval
                0x0080185e                __flp
 COMMON         0x00801860        0x6 c:/program files (x86)/atmel/studio/7.0/toolchain/avr8/avr8-gnu-toolchain/bin/../lib/gcc/avr/5.4.0/../../../../avr/lib/avr6\libc.a(iob.o)
                0x00801860                __iob
                0x00801866                PROVIDE (__bss_end, .)
                0x00006c52                __data_load_start = LOADADDR (.data)
                0x00007286                __data_load_end = (__data_load_start + SIZEOF (.data))

.noinit         0x00801866        0x0
                [!provide]                PROVIDE (__noinit_start, .)
 *(.noinit*)
                [!provide]                PROVIDE (__noinit_end, .)
                0x00801866                _end = .
                0x00801866                PROVIDE (__heap_start, .)

.eeprom         0x00810000        0x0
 *(.eeprom*)
                0x00810000                __eeprom_end = .

.fuse
 *(.fuse)
 *(.lfuse)
 *(.hfuse)
 *(.efuse)

.lock
 *(.lock*)

.signature
 *(.signature*)

.user_signatures
 *(.user_signatures*)

.stab
 *(.stab)

.stabstr
 *(.stabstr)

.stab.excl
 *(.stab.excl)

.stab.exclstr
 *(.stab.exclstr)

.stab.index
 *(.stab.index)

.stab.indexstr
 *(.stab.indexstr)

.comment        0x00000000       0x5c
 *(.comment)
 .comment       0x00000000       0x30 FreeRTOS/src/event_groups.o
                                 0x31 (size before relaxing)
 .comment       0x00000030       0x31 FreeRTOS/src/heap_4.o
 .comment       0x00000030       0x31 FreeRTOS/src/list.o
 .comment       0x00000030       0x31 FreeRTOS/src/port.o
 .comment       0x00000030       0x31 FreeRTOS/src/queue.o
 .comment       0x00000030       0x31 FreeRTOS/src/stream_buffer.o
 .comment       0x00000030       0x31 FreeRTOS/src/tasks.o
 .comment       0x00000030       0x31 FreeRTOS/src/timers.o
 .comment       0x00000030       0x31 FreeRTOS/src/variantHooks.o
 .comment       0x00000030       0x31 main.o
 .comment       0x00000030       0x31 SourceFiles/CO2Task.o
 .comment       0x00000030       0x31 SourceFiles/Configuration.o
 .comment       0x00000030       0x31 SourceFiles/Farmerama.o
 .comment       0x00000030       0x31 SourceFiles/ReceiverTask.o
 .comment       0x00000030       0x31 SourceFiles/SenderTask.o
 .comment       0x00000030       0x31 SourceFiles/HumidityTemperatureTask.o
 .comment       0x00000030       0x31 SourceFiles/ServoTask.o
 .comment       0x00000030       0x31 SourceFiles/SoundTask.o
 .comment       0x00000030       0x31 SourceFiles/UplinkMessageBuilder.o
 .comment       0x00000030       0x31 ../drivers\libIotLibrary.a(hih8120.o)
 .comment       0x00000030       0x31 ../drivers\libIotLibrary.a(lora_driver.o)
 .comment       0x00000030       0x31 ../drivers\libIotLibrary.a(lora_driver_utils.o)
 .comment       0x00000030       0x31 ../drivers\libIotLibrary.a(mh_z19.o)
 .comment       0x00000030       0x31 ../drivers\libIotLibrary.a(rc_servo.o)
 .comment       0x00000030       0x31 ../drivers\libIotLibrary.a(sen14262.o)
 .comment       0x00000030       0x31 ../drivers\libIotLibrary.a(serial.o)
 .comment       0x00000030       0x31 ../drivers\libIotLibrary.a(stdio_driver.o)
 .comment       0x00000030       0x31 ../drivers\libIotLibrary.a(status_leds.o)
 .comment       0x00000030       0x31 ../drivers\libIotLibrary.a(twi.o)
 .comment       0x00000030       0x31 ../drivers\libIotLibrary.a(fifo.o)
 .comment       0x00000030       0x31 c:/program files (x86)/atmel/studio/7.0/toolchain/avr8/avr8-gnu-toolchain/bin/../lib/gcc/avr/5.4.0/../../../../avr/lib/avr6\libc.a(malloc.o)
 .comment       0x00000030       0x31 c:/program files (x86)/atmel/studio/7.0/toolchain/avr8/avr8-gnu-toolchain/bin/../lib/gcc/avr/5.4.0/../../../../avr/lib/avr6\libc.a(iob.o)
 .comment       0x00000030       0x31 c:/program files (x86)/atmel/studio/7.0/toolchain/avr8/avr8-gnu-toolchain/bin/../lib/gcc/avr/5.4.0/../../../../avr/lib/avr6\libc.a(printf.o)
 .comment       0x00000030       0x31 c:/program files (x86)/atmel/studio/7.0/toolchain/avr8/avr8-gnu-toolchain/bin/../lib/gcc/avr/5.4.0/../../../../avr/lib/avr6\libc.a(puts.o)
 .comment       0x00000030       0x31 c:/program files (x86)/atmel/studio/7.0/toolchain/avr8/avr8-gnu-toolchain/bin/../lib/gcc/avr/5.4.0/../../../../avr/lib/avr6\libc.a(sprintf.o)
 .comment       0x00000030       0x2c c:/program files (x86)/atmel/studio/7.0/toolchain/avr8/avr8-gnu-toolchain/bin/../lib/gcc/avr/5.4.0/../../../../avr/lib/avr6\libc.a(vfprintf_std.o)
                                 0x2d (size before relaxing)
 .comment       0x0000005c       0x31 c:/program files (x86)/atmel/studio/7.0/toolchain/avr8/avr8-gnu-toolchain/bin/../lib/gcc/avr/5.4.0/../../../../avr/lib/avr6\libc.a(fputc.o)

.note.gnu.avr.deviceinfo
                0x00000000       0x40
 .note.gnu.avr.deviceinfo
                0x00000000       0x40 C:/Program Files (x86)/Atmel/Studio/7.0/Packs/atmel/ATmega_DFP/1.6.364/gcc/dev/atmega2560/avr6/crtatmega2560.o

.note.gnu.build-id
 *(.note.gnu.build-id)

.debug
 *(.debug)

.line
 *(.line)

.debug_srcinfo
 *(.debug_srcinfo)

.debug_sfnames
 *(.debug_sfnames)

.debug_aranges  0x00000000      0xc98
 *(.debug_aranges)
 .debug_aranges
                0x00000000       0x68 FreeRTOS/src/event_groups.o
 .debug_aranges
                0x00000068       0x58 FreeRTOS/src/heap_4.o
 .debug_aranges
                0x000000c0       0x40 FreeRTOS/src/list.o
 .debug_aranges
                0x00000100       0x58 FreeRTOS/src/port.o
 .debug_aranges
                0x00000158       0xf8 FreeRTOS/src/queue.o
 .debug_aranges
                0x00000250       0xc0 FreeRTOS/src/stream_buffer.o
 .debug_aranges
                0x00000310      0x1d0 FreeRTOS/src/tasks.o
 .debug_aranges
                0x000004e0       0xc8 FreeRTOS/src/timers.o
 .debug_aranges
                0x000005a8       0x40 FreeRTOS/src/variantHooks.o
 .debug_aranges
                0x000005e8       0x48 main.o
 .debug_aranges
                0x00000630       0x40 SourceFiles/CO2Task.o
 .debug_aranges
                0x00000670       0x60 SourceFiles/Configuration.o
 .debug_aranges
                0x000006d0       0x38 SourceFiles/Farmerama.o
 .debug_aranges
                0x00000708       0x38 SourceFiles/ReceiverTask.o
 .debug_aranges
                0x00000740       0x40 SourceFiles/SenderTask.o
 .debug_aranges
                0x00000780       0x38 SourceFiles/HumidityTemperatureTask.o
 .debug_aranges
                0x000007b8       0x38 SourceFiles/ServoTask.o
 .debug_aranges
                0x000007f0       0x38 SourceFiles/SoundTask.o
 .debug_aranges
                0x00000828       0x48 SourceFiles/UplinkMessageBuilder.o
 .debug_aranges
                0x00000870       0x68 ../drivers\libIotLibrary.a(hih8120.o)
 .debug_aranges
                0x000008d8      0x138 ../drivers\libIotLibrary.a(lora_driver.o)
 .debug_aranges
                0x00000a10       0x28 ../drivers\libIotLibrary.a(lora_driver_utils.o)
 .debug_aranges
                0x00000a38       0x58 ../drivers\libIotLibrary.a(mh_z19.o)
 .debug_aranges
                0x00000a90       0x28 ../drivers\libIotLibrary.a(rc_servo.o)
 .debug_aranges
                0x00000ab8       0x40 ../drivers\libIotLibrary.a(sen14262.o)
 .debug_aranges
                0x00000af8       0x90 ../drivers\libIotLibrary.a(serial.o)
 .debug_aranges
                0x00000b88       0x38 ../drivers\libIotLibrary.a(stdio_driver.o)
 .debug_aranges
                0x00000bc0       0x68 ../drivers\libIotLibrary.a(status_leds.o)
 .debug_aranges
                0x00000c28       0x50 ../drivers\libIotLibrary.a(twi.o)
 .debug_aranges
                0x00000c78       0x20 ../drivers\libIotLibrary.a(fifo.o)

.debug_pubnames
 *(.debug_pubnames)

.debug_info     0x00000000     0xef33
 *(.debug_info .gnu.linkonce.wi.*)
 .debug_info    0x00000000      0xbbc C:/Program Files (x86)/Atmel/Studio/7.0/Packs/atmel/ATmega_DFP/1.6.364/gcc/dev/atmega2560/avr6/crtatmega2560.o
 .debug_info    0x00000bbc      0x971 FreeRTOS/src/event_groups.o
 .debug_info    0x0000152d      0x4e6 FreeRTOS/src/heap_4.o
 .debug_info    0x00001a13      0x2e7 FreeRTOS/src/list.o
 .debug_info    0x00001cfa      0x2ff FreeRTOS/src/port.o
 .debug_info    0x00001ff9     0x17e6 FreeRTOS/src/queue.o
 .debug_info    0x000037df     0x13df FreeRTOS/src/stream_buffer.o
 .debug_info    0x00004bbe     0x2239 FreeRTOS/src/tasks.o
 .debug_info    0x00006df7     0x10dd FreeRTOS/src/timers.o
 .debug_info    0x00007ed4      0x20f FreeRTOS/src/variantHooks.o
 .debug_info    0x000080e3      0x585 main.o
 .debug_info    0x00008668      0x38f SourceFiles/CO2Task.o
 .debug_info    0x000089f7      0x5f1 SourceFiles/Configuration.o
 .debug_info    0x00008fe8      0x6dd SourceFiles/Farmerama.o
 .debug_info    0x000096c5      0x27f SourceFiles/ReceiverTask.o
 .debug_info    0x00009944      0x757 SourceFiles/SenderTask.o
 .debug_info    0x0000a09b      0x425 SourceFiles/HumidityTemperatureTask.o
 .debug_info    0x0000a4c0      0x3d3 SourceFiles/ServoTask.o
 .debug_info    0x0000a893      0x2f5 SourceFiles/SoundTask.o
 .debug_info    0x0000ab88      0x23b SourceFiles/UplinkMessageBuilder.o
 .debug_info    0x0000adc3      0x3a9 ../drivers\libIotLibrary.a(hih8120.o)
 .debug_info    0x0000b16c     0x1747 ../drivers\libIotLibrary.a(lora_driver.o)
 .debug_info    0x0000c8b3      0x143 ../drivers\libIotLibrary.a(lora_driver_utils.o)
 .debug_info    0x0000c9f6      0x556 ../drivers\libIotLibrary.a(mh_z19.o)
 .debug_info    0x0000cf4c      0x10f ../drivers\libIotLibrary.a(rc_servo.o)
 .debug_info    0x0000d05b      0x144 ../drivers\libIotLibrary.a(sen14262.o)
 .debug_info    0x0000d19f      0xd9c ../drivers\libIotLibrary.a(serial.o)
 .debug_info    0x0000df3b      0x3b6 ../drivers\libIotLibrary.a(stdio_driver.o)
 .debug_info    0x0000e2f1      0x522 ../drivers\libIotLibrary.a(status_leds.o)
 .debug_info    0x0000e813      0x55d ../drivers\libIotLibrary.a(twi.o)
 .debug_info    0x0000ed70      0x1c3 ../drivers\libIotLibrary.a(fifo.o)

.debug_abbrev   0x00000000     0x3c67
 *(.debug_abbrev)
 .debug_abbrev  0x00000000      0xb1a C:/Program Files (x86)/Atmel/Studio/7.0/Packs/atmel/ATmega_DFP/1.6.364/gcc/dev/atmega2560/avr6/crtatmega2560.o
 .debug_abbrev  0x00000b1a      0x1dc FreeRTOS/src/event_groups.o
 .debug_abbrev  0x00000cf6      0x200 FreeRTOS/src/heap_4.o
 .debug_abbrev  0x00000ef6       0xff FreeRTOS/src/list.o
 .debug_abbrev  0x00000ff5      0x179 FreeRTOS/src/port.o
 .debug_abbrev  0x0000116e      0x241 FreeRTOS/src/queue.o
 .debug_abbrev  0x000013af      0x246 FreeRTOS/src/stream_buffer.o
 .debug_abbrev  0x000015f5      0x2c8 FreeRTOS/src/tasks.o
 .debug_abbrev  0x000018bd      0x28c FreeRTOS/src/timers.o
 .debug_abbrev  0x00001b49       0xff FreeRTOS/src/variantHooks.o
 .debug_abbrev  0x00001c48      0x118 main.o
 .debug_abbrev  0x00001d60      0x16b SourceFiles/CO2Task.o
 .debug_abbrev  0x00001ecb      0x155 SourceFiles/Configuration.o
 .debug_abbrev  0x00002020      0x17e SourceFiles/Farmerama.o
 .debug_abbrev  0x0000219e      0x160 SourceFiles/ReceiverTask.o
 .debug_abbrev  0x000022fe      0x1ae SourceFiles/SenderTask.o
 .debug_abbrev  0x000024ac      0x13b SourceFiles/HumidityTemperatureTask.o
 .debug_abbrev  0x000025e7      0x130 SourceFiles/ServoTask.o
 .debug_abbrev  0x00002717      0x12e SourceFiles/SoundTask.o
 .debug_abbrev  0x00002845      0x100 SourceFiles/UplinkMessageBuilder.o
 .debug_abbrev  0x00002945      0x184 ../drivers\libIotLibrary.a(hih8120.o)
 .debug_abbrev  0x00002ac9      0x33b ../drivers\libIotLibrary.a(lora_driver.o)
 .debug_abbrev  0x00002e04       0xc0 ../drivers\libIotLibrary.a(lora_driver_utils.o)
 .debug_abbrev  0x00002ec4      0x238 ../drivers\libIotLibrary.a(mh_z19.o)
 .debug_abbrev  0x000030fc       0xbc ../drivers\libIotLibrary.a(rc_servo.o)
 .debug_abbrev  0x000031b8       0xd1 ../drivers\libIotLibrary.a(sen14262.o)
 .debug_abbrev  0x00003289      0x355 ../drivers\libIotLibrary.a(serial.o)
 .debug_abbrev  0x000035de      0x1b3 ../drivers\libIotLibrary.a(stdio_driver.o)
 .debug_abbrev  0x00003791      0x1d7 ../drivers\libIotLibrary.a(status_leds.o)
 .debug_abbrev  0x00003968      0x217 ../drivers\libIotLibrary.a(twi.o)
 .debug_abbrev  0x00003b7f       0xe8 ../drivers\libIotLibrary.a(fifo.o)

.debug_line     0x00000000     0x7776
 *(.debug_line .debug_line.* .debug_line_end)
 .debug_line    0x00000000      0x1fa C:/Program Files (x86)/Atmel/Studio/7.0/Packs/atmel/ATmega_DFP/1.6.364/gcc/dev/atmega2560/avr6/crtatmega2560.o
 .debug_line    0x000001fa      0x413 FreeRTOS/src/event_groups.o
 .debug_line    0x0000060d      0x41f FreeRTOS/src/heap_4.o
 .debug_line    0x00000a2c      0x1db FreeRTOS/src/list.o
 .debug_line    0x00000c07      0x28a FreeRTOS/src/port.o
 .debug_line    0x00000e91      0xbe3 FreeRTOS/src/queue.o
 .debug_line    0x00001a74      0x79a FreeRTOS/src/stream_buffer.o
 .debug_line    0x0000220e     0x15ba FreeRTOS/src/tasks.o
 .debug_line    0x000037c8      0x624 FreeRTOS/src/timers.o
 .debug_line    0x00003dec      0x1af FreeRTOS/src/variantHooks.o
 .debug_line    0x00003f9b      0x3b7 main.o
 .debug_line    0x00004352      0x19d SourceFiles/CO2Task.o
 .debug_line    0x000044ef      0x2e8 SourceFiles/Configuration.o
 .debug_line    0x000047d7      0x27e SourceFiles/Farmerama.o
 .debug_line    0x00004a55      0x1a5 SourceFiles/ReceiverTask.o
 .debug_line    0x00004bfa      0x23f SourceFiles/SenderTask.o
 .debug_line    0x00004e39      0x1d5 SourceFiles/HumidityTemperatureTask.o
 .debug_line    0x0000500e      0x1f5 SourceFiles/ServoTask.o
 .debug_line    0x00005203      0x17f SourceFiles/SoundTask.o
 .debug_line    0x00005382      0x1b8 SourceFiles/UplinkMessageBuilder.o
 .debug_line    0x0000553a      0x24a ../drivers\libIotLibrary.a(hih8120.o)
 .debug_line    0x00005784      0x9aa ../drivers\libIotLibrary.a(lora_driver.o)
 .debug_line    0x0000612e      0x195 ../drivers\libIotLibrary.a(lora_driver_utils.o)
 .debug_line    0x000062c3      0x2fc ../drivers\libIotLibrary.a(mh_z19.o)
 .debug_line    0x000065bf       0xfd ../drivers\libIotLibrary.a(rc_servo.o)
 .debug_line    0x000066bc      0x170 ../drivers\libIotLibrary.a(sen14262.o)
 .debug_line    0x0000682c      0x6a1 ../drivers\libIotLibrary.a(serial.o)
 .debug_line    0x00006ecd      0x146 ../drivers\libIotLibrary.a(stdio_driver.o)
 .debug_line    0x00007013      0x32c ../drivers\libIotLibrary.a(status_leds.o)
 .debug_line    0x0000733f      0x31c ../drivers\libIotLibrary.a(twi.o)
 .debug_line    0x0000765b      0x11b ../drivers\libIotLibrary.a(fifo.o)

.debug_frame    0x00000000     0x2b30
 *(.debug_frame)
 .debug_frame   0x00000000      0x1dc FreeRTOS/src/event_groups.o
 .debug_frame   0x000001dc       0xfc FreeRTOS/src/heap_4.o
 .debug_frame   0x000002d8       0x90 FreeRTOS/src/list.o
 .debug_frame   0x00000368       0x94 FreeRTOS/src/port.o
 .debug_frame   0x000003fc      0x3a4 FreeRTOS/src/queue.o
 .debug_frame   0x000007a0      0x40c FreeRTOS/src/stream_buffer.o
 .debug_frame   0x00000bac      0x7a0 FreeRTOS/src/tasks.o
 .debug_frame   0x0000134c      0x3ac FreeRTOS/src/timers.o
 .debug_frame   0x000016f8       0x64 FreeRTOS/src/variantHooks.o
 .debug_frame   0x0000175c       0x9c main.o
 .debug_frame   0x000017f8       0xa8 SourceFiles/CO2Task.o
 .debug_frame   0x000018a0      0x128 SourceFiles/Configuration.o
 .debug_frame   0x000019c8       0xa8 SourceFiles/Farmerama.o
 .debug_frame   0x00001a70       0x80 SourceFiles/ReceiverTask.o
 .debug_frame   0x00001af0       0xa0 SourceFiles/SenderTask.o
 .debug_frame   0x00001b90       0x80 SourceFiles/HumidityTemperatureTask.o
 .debug_frame   0x00001c10       0x80 SourceFiles/ServoTask.o
 .debug_frame   0x00001c90       0x90 SourceFiles/SoundTask.o
 .debug_frame   0x00001d20       0x74 SourceFiles/UplinkMessageBuilder.o
 .debug_frame   0x00001d94       0xc0 ../drivers\libIotLibrary.a(hih8120.o)
 .debug_frame   0x00001e54      0x460 ../drivers\libIotLibrary.a(lora_driver.o)
 .debug_frame   0x000022b4       0x48 ../drivers\libIotLibrary.a(lora_driver_utils.o)
 .debug_frame   0x000022fc      0x100 ../drivers\libIotLibrary.a(mh_z19.o)
 .debug_frame   0x000023fc       0x34 ../drivers\libIotLibrary.a(rc_servo.o)
 .debug_frame   0x00002430       0xac ../drivers\libIotLibrary.a(sen14262.o)
 .debug_frame   0x000024dc      0x384 ../drivers\libIotLibrary.a(serial.o)
 .debug_frame   0x00002860       0x94 ../drivers\libIotLibrary.a(stdio_driver.o)
 .debug_frame   0x000028f4       0xec ../drivers\libIotLibrary.a(status_leds.o)
 .debug_frame   0x000029e0      0x12c ../drivers\libIotLibrary.a(twi.o)
 .debug_frame   0x00002b0c       0x24 ../drivers\libIotLibrary.a(fifo.o)

.debug_str      0x00000000     0x467c
 *(.debug_str)
 .debug_str     0x00000000      0x3e6 C:/Program Files (x86)/Atmel/Studio/7.0/Packs/atmel/ATmega_DFP/1.6.364/gcc/dev/atmega2560/avr6/crtatmega2560.o
 .debug_str     0x000003e6      0x4f2 FreeRTOS/src/event_groups.o
                                0x573 (size before relaxing)
 .debug_str     0x000008d8      0x2ce FreeRTOS/src/heap_4.o
                                0x469 (size before relaxing)
 .debug_str     0x00000ba6       0x89 FreeRTOS/src/list.o
                                0x2a5 (size before relaxing)
 .debug_str     0x00000c2f      0x15d FreeRTOS/src/port.o
                                0x2da (size before relaxing)
 .debug_str     0x00000d8c      0x652 FreeRTOS/src/queue.o
                                0x919 (size before relaxing)
 .debug_str     0x000013de      0x4ed FreeRTOS/src/stream_buffer.o
                                0x7a2 (size before relaxing)
 .debug_str     0x000018cb      0x8c8 FreeRTOS/src/tasks.o
                                0xf3a (size before relaxing)
 .debug_str     0x00002193      0x414 FreeRTOS/src/timers.o
                                0x810 (size before relaxing)
 .debug_str     0x000025a7       0x81 FreeRTOS/src/variantHooks.o
                                0x251 (size before relaxing)
 .debug_str     0x00002628      0x24a main.o
                                0x44c (size before relaxing)
 .debug_str     0x00002872       0xcf SourceFiles/CO2Task.o
                                0x31b (size before relaxing)
 .debug_str     0x00002941      0x1cb SourceFiles/Configuration.o
                                0x3ce (size before relaxing)
 .debug_str     0x00002b0c      0x157 SourceFiles/Farmerama.o
                                0x4d6 (size before relaxing)
 .debug_str     0x00002c63       0x59 SourceFiles/ReceiverTask.o
                                0x29b (size before relaxing)
 .debug_str     0x00002cbc      0x3d5 SourceFiles/SenderTask.o
                                0x5ee (size before relaxing)
 .debug_str     0x00003091      0x14f SourceFiles/HumidityTemperatureTask.o
                                0x3f7 (size before relaxing)
 .debug_str     0x000031e0       0x70 SourceFiles/ServoTask.o
                                0x2ba (size before relaxing)
 .debug_str     0x00003250       0x52 SourceFiles/SoundTask.o
                                0x2b6 (size before relaxing)
 .debug_str     0x000032a2       0x59 SourceFiles/UplinkMessageBuilder.o
                                0x2e0 (size before relaxing)
 .debug_str     0x000032fb      0x2ee ../drivers\libIotLibrary.a(hih8120.o)
                                0x45c (size before relaxing)
 .debug_str     0x000035e9      0x688 ../drivers\libIotLibrary.a(lora_driver.o)
                                0xcdb (size before relaxing)
 .debug_str     0x00003c71       0x47 ../drivers\libIotLibrary.a(lora_driver_utils.o)
                                0x206 (size before relaxing)
 .debug_str     0x00003cb8      0x126 ../drivers\libIotLibrary.a(mh_z19.o)
                                0x489 (size before relaxing)
 .debug_str     0x00003dde       0x3c ../drivers\libIotLibrary.a(rc_servo.o)
                                0x1e2 (size before relaxing)
 .debug_str     0x00003e1a       0x6a ../drivers\libIotLibrary.a(sen14262.o)
                                0x20c (size before relaxing)
 .debug_str     0x00003e84      0x2e7 ../drivers\libIotLibrary.a(serial.o)
                                0x628 (size before relaxing)
 .debug_str     0x0000416b       0xa6 ../drivers\libIotLibrary.a(stdio_driver.o)
                                0x37d (size before relaxing)
 .debug_str     0x00004211      0x15a ../drivers\libIotLibrary.a(status_leds.o)
                                0x381 (size before relaxing)
 .debug_str     0x0000436b      0x2ef ../drivers\libIotLibrary.a(twi.o)
                                0x5b4 (size before relaxing)
 .debug_str     0x0000465a       0x22 ../drivers\libIotLibrary.a(fifo.o)
                                0x239 (size before relaxing)

.debug_loc      0x00000000     0xccfc
 *(.debug_loc)
 .debug_loc     0x00000000      0xcc9 FreeRTOS/src/event_groups.o
 .debug_loc     0x00000cc9      0x4be FreeRTOS/src/heap_4.o
 .debug_loc     0x00001187      0x17d FreeRTOS/src/list.o
 .debug_loc     0x00001304       0xf6 FreeRTOS/src/port.o
 .debug_loc     0x000013fa     0x1abd FreeRTOS/src/queue.o
 .debug_loc     0x00002eb7     0x1daf FreeRTOS/src/stream_buffer.o
 .debug_loc     0x00004c66     0x2a07 FreeRTOS/src/tasks.o
 .debug_loc     0x0000766d     0x10f3 FreeRTOS/src/timers.o
 .debug_loc     0x00008760       0xdc FreeRTOS/src/variantHooks.o
 .debug_loc     0x0000883c       0x7d main.o
 .debug_loc     0x000088b9      0x201 SourceFiles/CO2Task.o
 .debug_loc     0x00008aba      0x2bb SourceFiles/Configuration.o
 .debug_loc     0x00008d75      0x2cb SourceFiles/Farmerama.o
 .debug_loc     0x00009040       0xd2 SourceFiles/ReceiverTask.o
 .debug_loc     0x00009112      0x1cb SourceFiles/SenderTask.o
 .debug_loc     0x000092dd      0x166 SourceFiles/HumidityTemperatureTask.o
 .debug_loc     0x00009443      0x16e SourceFiles/ServoTask.o
 .debug_loc     0x000095b1      0x155 SourceFiles/SoundTask.o
 .debug_loc     0x00009706       0xbc SourceFiles/UplinkMessageBuilder.o
 .debug_loc     0x000097c2       0x9f ../drivers\libIotLibrary.a(hih8120.o)
 .debug_loc     0x00009861     0x1216 ../drivers\libIotLibrary.a(lora_driver.o)
 .debug_loc     0x0000aa77      0x1d2 ../drivers\libIotLibrary.a(lora_driver_utils.o)
 .debug_loc     0x0000ac49      0x37c ../drivers\libIotLibrary.a(mh_z19.o)
 .debug_loc     0x0000afc5       0x2f ../drivers\libIotLibrary.a(rc_servo.o)
 .debug_loc     0x0000aff4       0xcb ../drivers\libIotLibrary.a(sen14262.o)
 .debug_loc     0x0000b0bf     0x114c ../drivers\libIotLibrary.a(serial.o)
 .debug_loc     0x0000c20b      0x18c ../drivers\libIotLibrary.a(stdio_driver.o)
 .debug_loc     0x0000c397      0x292 ../drivers\libIotLibrary.a(status_leds.o)
 .debug_loc     0x0000c629      0x575 ../drivers\libIotLibrary.a(twi.o)
 .debug_loc     0x0000cb9e      0x15e ../drivers\libIotLibrary.a(fifo.o)

.debug_macinfo
 *(.debug_macinfo)

.debug_weaknames
 *(.debug_weaknames)

.debug_funcnames
 *(.debug_funcnames)

.debug_typenames
 *(.debug_typenames)

.debug_varnames
 *(.debug_varnames)

.debug_pubtypes
 *(.debug_pubtypes)

.debug_ranges   0x00000000      0xb88
 *(.debug_ranges)
 .debug_ranges  0x00000000       0x70 FreeRTOS/src/event_groups.o
 .debug_ranges  0x00000070       0x48 FreeRTOS/src/heap_4.o
 .debug_ranges  0x000000b8       0x30 FreeRTOS/src/list.o
 .debug_ranges  0x000000e8       0x48 FreeRTOS/src/port.o
 .debug_ranges  0x00000130      0x130 FreeRTOS/src/queue.o
 .debug_ranges  0x00000260       0xb0 FreeRTOS/src/stream_buffer.o
 .debug_ranges  0x00000310      0x200 FreeRTOS/src/tasks.o
 .debug_ranges  0x00000510       0xb8 FreeRTOS/src/timers.o
 .debug_ranges  0x000005c8       0x30 FreeRTOS/src/variantHooks.o
 .debug_ranges  0x000005f8       0x38 main.o
 .debug_ranges  0x00000630       0x30 SourceFiles/CO2Task.o
 .debug_ranges  0x00000660       0x50 SourceFiles/Configuration.o
 .debug_ranges  0x000006b0       0x28 SourceFiles/Farmerama.o
 .debug_ranges  0x000006d8       0x28 SourceFiles/ReceiverTask.o
 .debug_ranges  0x00000700       0x30 SourceFiles/SenderTask.o
 .debug_ranges  0x00000730       0x28 SourceFiles/HumidityTemperatureTask.o
 .debug_ranges  0x00000758       0x28 SourceFiles/ServoTask.o
 .debug_ranges  0x00000780       0x28 SourceFiles/SoundTask.o
 .debug_ranges  0x000007a8       0x38 SourceFiles/UplinkMessageBuilder.o
 .debug_ranges  0x000007e0       0x58 ../drivers\libIotLibrary.a(hih8120.o)
 .debug_ranges  0x00000838      0x128 ../drivers\libIotLibrary.a(lora_driver.o)
 .debug_ranges  0x00000960       0x30 ../drivers\libIotLibrary.a(lora_driver_utils.o)
 .debug_ranges  0x00000990       0x48 ../drivers\libIotLibrary.a(mh_z19.o)
 .debug_ranges  0x000009d8       0x18 ../drivers\libIotLibrary.a(rc_servo.o)
 .debug_ranges  0x000009f0       0x30 ../drivers\libIotLibrary.a(sen14262.o)
 .debug_ranges  0x00000a20       0x98 ../drivers\libIotLibrary.a(serial.o)
 .debug_ranges  0x00000ab8       0x28 ../drivers\libIotLibrary.a(stdio_driver.o)
 .debug_ranges  0x00000ae0       0x58 ../drivers\libIotLibrary.a(status_leds.o)
 .debug_ranges  0x00000b38       0x40 ../drivers\libIotLibrary.a(twi.o)
 .debug_ranges  0x00000b78       0x10 ../drivers\libIotLibrary.a(fifo.o)

.debug_macro
 *(.debug_macro)
OUTPUT(IoT.elf elf32-avr)
LOAD linker stubs
